Archive member included to satisfy reference by file (symbol)

/home/janhenrik/programme/gcc-arm-none-eabi-7-2018-q2-update/bin/../lib/gcc/arm-none-eabi/7.3.1/../../../../arm-none-eabi/lib/thumb/v6-m/libc_nano.a(lib_a-exit.o)
                              /home/janhenrik/programme/gcc-arm-none-eabi-7-2018-q2-update/bin/../lib/gcc/arm-none-eabi/7.3.1/../../../../arm-none-eabi/lib/thumb/v6-m/crt0.o (exit)
/home/janhenrik/programme/gcc-arm-none-eabi-7-2018-q2-update/bin/../lib/gcc/arm-none-eabi/7.3.1/../../../../arm-none-eabi/lib/thumb/v6-m/libc_nano.a(lib_a-impure.o)
                              /home/janhenrik/programme/gcc-arm-none-eabi-7-2018-q2-update/bin/../lib/gcc/arm-none-eabi/7.3.1/../../../../arm-none-eabi/lib/thumb/v6-m/libc_nano.a(lib_a-exit.o) (_global_impure_ptr)
/home/janhenrik/programme/gcc-arm-none-eabi-7-2018-q2-update/bin/../lib/gcc/arm-none-eabi/7.3.1/../../../../arm-none-eabi/lib/thumb/v6-m/libc_nano.a(lib_a-init.o)
                              /home/janhenrik/programme/gcc-arm-none-eabi-7-2018-q2-update/bin/../lib/gcc/arm-none-eabi/7.3.1/../../../../arm-none-eabi/lib/thumb/v6-m/crt0.o (__libc_init_array)
/home/janhenrik/programme/gcc-arm-none-eabi-7-2018-q2-update/bin/../lib/gcc/arm-none-eabi/7.3.1/../../../../arm-none-eabi/lib/thumb/v6-m/libc_nano.a(lib_a-memset.o)
                              /home/janhenrik/programme/gcc-arm-none-eabi-7-2018-q2-update/bin/../lib/gcc/arm-none-eabi/7.3.1/../../../../arm-none-eabi/lib/thumb/v6-m/crt0.o (memset)
/home/janhenrik/programme/gcc-arm-none-eabi-7-2018-q2-update/bin/../lib/gcc/arm-none-eabi/7.3.1/../../../../arm-none-eabi/lib/thumb/v6-m/libnosys.a(_exit.o)
                              /home/janhenrik/programme/gcc-arm-none-eabi-7-2018-q2-update/bin/../lib/gcc/arm-none-eabi/7.3.1/../../../../arm-none-eabi/lib/thumb/v6-m/libc_nano.a(lib_a-exit.o) (_exit)
/home/janhenrik/programme/gcc-arm-none-eabi-7-2018-q2-update/bin/../lib/gcc/arm-none-eabi/7.3.1/thumb/v6-m/libgcc.a(_udivsi3.o)
                              build/stm32f0xx_hal_rcc.o (__aeabi_uidiv)
/home/janhenrik/programme/gcc-arm-none-eabi-7-2018-q2-update/bin/../lib/gcc/arm-none-eabi/7.3.1/thumb/v6-m/libgcc.a(_dvmd_tls.o)
                              /home/janhenrik/programme/gcc-arm-none-eabi-7-2018-q2-update/bin/../lib/gcc/arm-none-eabi/7.3.1/thumb/v6-m/libgcc.a(_udivsi3.o) (__aeabi_idiv0)

Allocating common symbols
Common symbol       size              file

hi2c2               0x4c              build/main.o
uwTick              0x4               build/stm32f0xx_hal.o
pFlash              0x20              build/stm32f0xx_hal_flash.o
htim1               0x40              build/main.o
hspi1               0x64              build/main.o
hpcd_USB_FS         0x274             build/main.o
HX711               0xc               build/main.o
htim16              0x40              build/main.o
hdma_spi1_tx        0x44              build/main.o
htsc                0x44              build/main.o

Discarded input sections

 .text          0x0000000000000000        0x0 /home/janhenrik/programme/gcc-arm-none-eabi-7-2018-q2-update/bin/../lib/gcc/arm-none-eabi/7.3.1/thumb/v6-m/crti.o
 .data          0x0000000000000000        0x0 /home/janhenrik/programme/gcc-arm-none-eabi-7-2018-q2-update/bin/../lib/gcc/arm-none-eabi/7.3.1/thumb/v6-m/crti.o
 .bss           0x0000000000000000        0x0 /home/janhenrik/programme/gcc-arm-none-eabi-7-2018-q2-update/bin/../lib/gcc/arm-none-eabi/7.3.1/thumb/v6-m/crti.o
 .data          0x0000000000000000        0x4 /home/janhenrik/programme/gcc-arm-none-eabi-7-2018-q2-update/bin/../lib/gcc/arm-none-eabi/7.3.1/thumb/v6-m/crtbegin.o
 .text          0x0000000000000000       0x78 /home/janhenrik/programme/gcc-arm-none-eabi-7-2018-q2-update/bin/../lib/gcc/arm-none-eabi/7.3.1/../../../../arm-none-eabi/lib/thumb/v6-m/crt0.o
 .data          0x0000000000000000        0x0 /home/janhenrik/programme/gcc-arm-none-eabi-7-2018-q2-update/bin/../lib/gcc/arm-none-eabi/7.3.1/../../../../arm-none-eabi/lib/thumb/v6-m/crt0.o
 .bss           0x0000000000000000        0x0 /home/janhenrik/programme/gcc-arm-none-eabi-7-2018-q2-update/bin/../lib/gcc/arm-none-eabi/7.3.1/../../../../arm-none-eabi/lib/thumb/v6-m/crt0.o
 .ARM.extab     0x0000000000000000        0x0 /home/janhenrik/programme/gcc-arm-none-eabi-7-2018-q2-update/bin/../lib/gcc/arm-none-eabi/7.3.1/../../../../arm-none-eabi/lib/thumb/v6-m/crt0.o
 .ARM.exidx     0x0000000000000000        0x8 /home/janhenrik/programme/gcc-arm-none-eabi-7-2018-q2-update/bin/../lib/gcc/arm-none-eabi/7.3.1/../../../../arm-none-eabi/lib/thumb/v6-m/crt0.o
 .ARM.attributes
                0x0000000000000000       0x1b /home/janhenrik/programme/gcc-arm-none-eabi-7-2018-q2-update/bin/../lib/gcc/arm-none-eabi/7.3.1/../../../../arm-none-eabi/lib/thumb/v6-m/crt0.o
 .text          0x0000000000000000        0x0 build/main.o
 .data          0x0000000000000000        0x0 build/main.o
 .bss           0x0000000000000000        0x0 build/main.o
 .text.HX_Delay
[...]
Memory Configuration

Name             Origin             Length             Attributes
RAM              0x0000000020000000 0x0000000000004000 xrw
FLASH            0x0000000008000000 0x0000000000020000 xr
*default*        0x0000000000000000 0xffffffffffffffff

Linker script and memory map

LOAD /home/janhenrik/programme/gcc-arm-none-eabi-7-2018-q2-update/bin/../lib/gcc/arm-none-eabi/7.3.1/thumb/v6-m/crti.o
LOAD /home/janhenrik/programme/gcc-arm-none-eabi-7-2018-q2-update/bin/../lib/gcc/arm-none-eabi/7.3.1/thumb/v6-m/crtbegin.o
LOAD /home/janhenrik/programme/gcc-arm-none-eabi-7-2018-q2-update/bin/../lib/gcc/arm-none-eabi/7.3.1/../../../../arm-none-eabi/lib/thumb/v6-m/crt0.o
LOAD build/main.o
LOAD build/stm32f0xx_it.o
LOAD build/stm32f0xx_hal_msp.o
LOAD build/stm32f0xx_ll_usb.o
LOAD build/stm32f0xx_hal_i2c.o
LOAD build/stm32f0xx_hal_i2c_ex.o
LOAD build/stm32f0xx_hal_rcc.o
LOAD build/stm32f0xx_hal_rcc_ex.o
LOAD build/stm32f0xx_hal.o
LOAD build/stm32f0xx_hal_gpio.o
LOAD build/stm32f0xx_hal_dma.o
LOAD build/stm32f0xx_hal_cortex.o
LOAD build/stm32f0xx_hal_pwr.o
LOAD build/stm32f0xx_hal_pwr_ex.o
LOAD build/stm32f0xx_hal_flash.o
LOAD build/stm32f0xx_hal_flash_ex.o
LOAD build/stm32f0xx_hal_exti.o
LOAD build/stm32f0xx_hal_spi.o
LOAD build/stm32f0xx_hal_spi_ex.o
LOAD build/stm32f0xx_hal_tim.o
LOAD build/stm32f0xx_hal_tim_ex.o
LOAD build/stm32f0xx_hal_tsc.o
LOAD build/stm32f0xx_hal_pcd.o
LOAD build/stm32f0xx_hal_pcd_ex.o
LOAD build/system_stm32f0xx.o
LOAD build/startup_stm32f072xb.o
LOAD /home/janhenrik/programme/gcc-arm-none-eabi-7-2018-q2-update/bin/../lib/gcc/arm-none-eabi/7.3.1/../../../../arm-none-eabi/lib/thumb/v6-m/libc_nano.a
LOAD /home/janhenrik/programme/gcc-arm-none-eabi-7-2018-q2-update/bin/../lib/gcc/arm-none-eabi/7.3.1/../../../../arm-none-eabi/lib/thumb/v6-m/libm.a
LOAD /home/janhenrik/programme/gcc-arm-none-eabi-7-2018-q2-update/bin/../lib/gcc/arm-none-eabi/7.3.1/../../../../arm-none-eabi/lib/thumb/v6-m/libnosys.a
START GROUP
LOAD /home/janhenrik/programme/gcc-arm-none-eabi-7-2018-q2-update/bin/../lib/gcc/arm-none-eabi/7.3.1/thumb/v6-m/libgcc.a
LOAD /home/janhenrik/programme/gcc-arm-none-eabi-7-2018-q2-update/bin/../lib/gcc/arm-none-eabi/7.3.1/../../../../arm-none-eabi/lib/thumb/v6-m/libc_nano.a
END GROUP
START GROUP
LOAD /home/janhenrik/programme/gcc-arm-none-eabi-7-2018-q2-update/bin/../lib/gcc/arm-none-eabi/7.3.1/thumb/v6-m/libgcc.a
LOAD /home/janhenrik/programme/gcc-arm-none-eabi-7-2018-q2-update/bin/../lib/gcc/arm-none-eabi/7.3.1/../../../../arm-none-eabi/lib/thumb/v6-m/libc_nano.a
END GROUP
LOAD /home/janhenrik/programme/gcc-arm-none-eabi-7-2018-q2-update/bin/../lib/gcc/arm-none-eabi/7.3.1/thumb/v6-m/crtend.o
LOAD /home/janhenrik/programme/gcc-arm-none-eabi-7-2018-q2-update/bin/../lib/gcc/arm-none-eabi/7.3.1/thumb/v6-m/crtn.o
                0x0000000020004000                _estack = 0x20004000
                0x0000000000000200                _Min_Heap_Size = 0x200
                0x0000000000000400                _Min_Stack_Size = 0x400

.isr_vector     0x0000000008000000       0xc0
                0x0000000008000000                . = ALIGN (0x4)
 *(.isr_vector)
 .isr_vector    0x0000000008000000       0xc0 build/startup_stm32f072xb.o
                0x0000000008000000                g_pfnVectors
                0x00000000080000c0                . = ALIGN (0x4)

.text           0x00000000080000c0     0x2120
                0x00000000080000c0                . = ALIGN (0x4)
 *(.text)
 .text          0x00000000080000c0       0x48 /home/janhenrik/programme/gcc-arm-none-eabi-7-2018-q2-update/bin/../lib/gcc/arm-none-eabi/7.3.1/thumb/v6-m/crtbegin.o
 .text          0x0000000008000108      0x114 /home/janhenrik/programme/gcc-arm-none-eabi-7-2018-q2-update/bin/../lib/gcc/arm-none-eabi/7.3.1/thumb/v6-m/libgcc.a(_udivsi3.o)
                0x0000000008000108                __udivsi3
                0x0000000008000108                __aeabi_uidiv
                0x0000000008000214                __aeabi_uidivmod
 .text          0x000000000800021c        0x4 /home/janhenrik/programme/gcc-arm-none-eabi-7-2018-q2-update/bin/../lib/gcc/arm-none-eabi/7.3.1/thumb/v6-m/libgcc.a(_dvmd_tls.o)
                0x000000000800021c                __aeabi_ldiv0
                0x000000000800021c                __aeabi_idiv0
 *(.text*)
 .text.MX_GPIO_Init
                0x0000000008000220       0xdc build/main.o
 .text.MX_DMA_Init
                0x00000000080002fc       0x30 build/main.o
 .text.MX_I2C2_Init
                0x000000000800032c       0x44 build/main.o
 .text.MX_SPI1_Init
                0x0000000008000370       0x44 build/main.o
 .text.MX_TIM1_Init
                0x00000000080003b4       0xb0 build/main.o
 .text.MX_TIM16_Init
                0x0000000008000464       0x88 build/main.o
 .text.MX_TSC_Init
                0x00000000080004ec       0x4c build/main.o
 .text.MX_USB_PCD_Init
                0x0000000008000538       0x28 build/main.o
 .text.HX_Get_Value
                0x0000000008000560       0x50 build/main.o
                0x0000000008000560                HX_Get_Value
 .text.SystemClock_Config
                0x00000000080005b0       0x58 build/main.o
                0x00000000080005b0                SystemClock_Config
 .text.main     0x0000000008000608       0x74 build/main.o
                0x0000000008000608                main
 .text.Error_Handler
                0x000000000800067c       0x14 build/main.o
                0x000000000800067c                Error_Handler
 .text.NMI_Handler
                0x0000000008000690        0x2 build/stm32f0xx_it.o
                0x0000000008000690                NMI_Handler
 .text.HardFault_Handler
                0x0000000008000692        0x2 build/stm32f0xx_it.o
                0x0000000008000692                HardFault_Handler
 .text.SVC_Handler
                0x0000000008000694        0x2 build/stm32f0xx_it.o
                0x0000000008000694                SVC_Handler
 .text.PendSV_Handler
                0x0000000008000696        0x2 build/stm32f0xx_it.o
                0x0000000008000696                PendSV_Handler
 .text.SysTick_Handler
                0x0000000008000698        0x8 build/stm32f0xx_it.o
                0x0000000008000698                SysTick_Handler
 .text.TSC_IRQHandler
                0x00000000080006a0       0x10 build/stm32f0xx_it.o
                0x00000000080006a0                TSC_IRQHandler
 .text.DMA1_Channel2_3_IRQHandler
                0x00000000080006b0       0x10 build/stm32f0xx_it.o
                0x00000000080006b0                DMA1_Channel2_3_IRQHandler
 .text.HAL_MspInit
                0x00000000080006c0       0x30 build/stm32f0xx_hal_msp.o
                0x00000000080006c0                HAL_MspInit
 .text.HAL_I2C_MspInit
                0x00000000080006f0       0x6c build/stm32f0xx_hal_msp.o
                0x00000000080006f0                HAL_I2C_MspInit
 .text.HAL_SPI_MspInit
                0x000000000800075c       0x9c build/stm32f0xx_hal_msp.o
                0x000000000800075c                HAL_SPI_MspInit
 .text.HAL_TIM_Base_MspInit
                0x00000000080007f8       0x4c build/stm32f0xx_hal_msp.o
                0x00000000080007f8                HAL_TIM_Base_MspInit
 .text.HAL_TIM_MspPostInit
                0x0000000008000844       0x88 build/stm32f0xx_hal_msp.o
                0x0000000008000844                HAL_TIM_MspPostInit
 .text.HAL_TSC_MspInit
                0x00000000080008cc       0x8c build/stm32f0xx_hal_msp.o
                0x00000000080008cc                HAL_TSC_MspInit
 .text.HAL_PCD_MspInit
                0x0000000008000958       0x2c build/stm32f0xx_hal_msp.o
                0x0000000008000958                HAL_PCD_MspInit
 .text.USB_EnableGlobalInt
                0x0000000008000984       0x14 build/stm32f0xx_ll_usb.o
                0x0000000008000984                USB_EnableGlobalInt
 .text.USB_DisableGlobalInt
                0x0000000008000998       0x14 build/stm32f0xx_ll_usb.o
                0x0000000008000998                USB_DisableGlobalInt
 .text.USB_DevInit
                0x00000000080009ac       0x2a build/stm32f0xx_ll_usb.o
                0x00000000080009ac                USB_DevInit
 *fill*         0x00000000080009d6        0x2 
 .text.HAL_I2C_Init
                0x00000000080009d8       0xcc build/stm32f0xx_hal_i2c.o
                0x00000000080009d8                HAL_I2C_Init
 .text.HAL_I2CEx_ConfigAnalogFilter
                0x0000000008000aa4       0x58 build/stm32f0xx_hal_i2c_ex.o
                0x0000000008000aa4                HAL_I2CEx_ConfigAnalogFilter
 .text.HAL_I2CEx_ConfigDigitalFilter
                0x0000000008000afc       0x54 build/stm32f0xx_hal_i2c_ex.o
                0x0000000008000afc                HAL_I2CEx_ConfigDigitalFilter
 .text.HAL_RCC_OscConfig
                0x0000000008000b50      0x540 build/stm32f0xx_hal_rcc.o
                0x0000000008000b50                HAL_RCC_OscConfig
 .text.HAL_RCC_GetSysClockFreq
                0x0000000008001090       0x94 build/stm32f0xx_hal_rcc.o
                0x0000000008001090                HAL_RCC_GetSysClockFreq
 .text.HAL_RCC_ClockConfig
                0x0000000008001124      0x140 build/stm32f0xx_hal_rcc.o
                0x0000000008001124                HAL_RCC_ClockConfig
 .text.HAL_RCCEx_PeriphCLKConfig
                0x0000000008001264      0x158 build/stm32f0xx_hal_rcc_ex.o
                0x0000000008001264                HAL_RCCEx_PeriphCLKConfig
 .text.HAL_InitTick
                0x00000000080013bc       0x50 build/stm32f0xx_hal.o
                0x00000000080013bc                HAL_InitTick
 .text.HAL_Init
                0x000000000800140c       0x20 build/stm32f0xx_hal.o
                0x000000000800140c                HAL_Init
 .text.HAL_IncTick
                0x000000000800142c       0x18 build/stm32f0xx_hal.o
                0x000000000800142c                HAL_IncTick
 .text.HAL_GetTick
                0x0000000008001444        0xc build/stm32f0xx_hal.o
                0x0000000008001444                HAL_GetTick
 .text.HAL_Delay
                0x0000000008001450       0x24 build/stm32f0xx_hal.o
                0x0000000008001450                HAL_Delay
 .text.HAL_GPIO_Init
                0x0000000008001474      0x198 build/stm32f0xx_hal_gpio.o
                0x0000000008001474                HAL_GPIO_Init
 .text.HAL_GPIO_ReadPin
                0x000000000800160c        0xe build/stm32f0xx_hal_gpio.o
                0x000000000800160c                HAL_GPIO_ReadPin
 .text.HAL_GPIO_WritePin
                0x000000000800161a        0xc build/stm32f0xx_hal_gpio.o
                0x000000000800161a                HAL_GPIO_WritePin
 .text.HAL_GPIO_TogglePin
                0x0000000008001626       0x10 build/stm32f0xx_hal_gpio.o
                0x0000000008001626                HAL_GPIO_TogglePin
 *fill*         0x0000000008001636        0x2 
 .text.DMA_CalcBaseAndBitshift
                0x0000000008001638       0x28 build/stm32f0xx_hal_dma.o
 .text.HAL_DMA_Init
                0x0000000008001660       0x50 build/stm32f0xx_hal_dma.o
                0x0000000008001660                HAL_DMA_Init
 .text.HAL_DMA_IRQHandler
                0x00000000080016b0       0xaa build/stm32f0xx_hal_dma.o
                0x00000000080016b0                HAL_DMA_IRQHandler
 *fill*         0x000000000800175a        0x2 
 .text.HAL_NVIC_SetPriority
                0x000000000800175c       0x64 build/stm32f0xx_hal_cortex.o
                0x000000000800175c                HAL_NVIC_SetPriority
 .text.HAL_NVIC_EnableIRQ
                0x00000000080017c0       0x18 build/stm32f0xx_hal_cortex.o
                0x00000000080017c0                HAL_NVIC_EnableIRQ
 .text.HAL_SYSTICK_Config
                0x00000000080017d8       0x38 build/stm32f0xx_hal_cortex.o
                0x00000000080017d8                HAL_SYSTICK_Config
 .text.HAL_SPI_Init
                0x0000000008001810       0xcc build/stm32f0xx_hal_spi.o
                0x0000000008001810                HAL_SPI_Init
 .text.TIM_OC1_SetConfig
                0x00000000080018dc       0x88 build/stm32f0xx_hal_tim.o
 .text.TIM_OC3_SetConfig
                0x0000000008001964       0x90 build/stm32f0xx_hal_tim.o
 .text.TIM_OC4_SetConfig
                0x00000000080019f4       0x74 build/stm32f0xx_hal_tim.o
 .text.TIM_TI1_ConfigInputStage
                0x0000000008001a68       0x22 build/stm32f0xx_hal_tim.o
 *fill*         0x0000000008001a8a        0x2 
 .text.TIM_TI2_ConfigInputStage
                0x0000000008001a8c       0x28 build/stm32f0xx_hal_tim.o
 .text.TIM_ITRx_SetConfig
                0x0000000008001ab4       0x12 build/stm32f0xx_hal_tim.o
 .text.HAL_TIM_PWM_MspInit
                0x0000000008001ac6        0x2 build/stm32f0xx_hal_tim.o
                0x0000000008001ac6                HAL_TIM_PWM_MspInit
 .text.TIM_Base_SetConfig
                0x0000000008001ac8       0xa4 build/stm32f0xx_hal_tim.o
                0x0000000008001ac8                TIM_Base_SetConfig
 .text.HAL_TIM_Base_Init
                0x0000000008001b6c       0x34 build/stm32f0xx_hal_tim.o
                0x0000000008001b6c                HAL_TIM_Base_Init
 .text.HAL_TIM_PWM_Init
                0x0000000008001ba0       0x34 build/stm32f0xx_hal_tim.o
                0x0000000008001ba0                HAL_TIM_PWM_Init
 .text.TIM_OC2_SetConfig
                0x0000000008001bd4       0x88 build/stm32f0xx_hal_tim.o
                0x0000000008001bd4                TIM_OC2_SetConfig
 .text.HAL_TIM_PWM_ConfigChannel
                0x0000000008001c5c       0xec build/stm32f0xx_hal_tim.o
                0x0000000008001c5c                HAL_TIM_PWM_ConfigChannel
 .text.TIM_ETR_SetConfig
                0x0000000008001d48       0x18 build/stm32f0xx_hal_tim.o
                0x0000000008001d48                TIM_ETR_SetConfig
 .text.HAL_TIM_ConfigClockSource
                0x0000000008001d60       0xe4 build/stm32f0xx_hal_tim.o
                0x0000000008001d60                HAL_TIM_ConfigClockSource
 .text.HAL_TIMEx_MasterConfigSynchronization
                0x0000000008001e44       0x6c build/stm32f0xx_hal_tim_ex.o
                0x0000000008001e44                HAL_TIMEx_MasterConfigSynchronization
 .text.HAL_TIMEx_ConfigBreakDeadTime
                0x0000000008001eb0       0x6c build/stm32f0xx_hal_tim_ex.o
                0x0000000008001eb0                HAL_TIMEx_ConfigBreakDeadTime
 .text.TSC_extract_groups
                0x0000000008001f1c       0x24 build/stm32f0xx_hal_tsc.o
 .text.HAL_TSC_Init
                0x0000000008001f40       0xa8 build/stm32f0xx_hal_tsc.o
                0x0000000008001f40                HAL_TSC_Init
 .text.HAL_TSC_ConvCpltCallback
                0x0000000008001fe8        0x2 build/stm32f0xx_hal_tsc.o
                0x0000000008001fe8                HAL_TSC_ConvCpltCallback
 .text.HAL_TSC_ErrorCallback
                0x0000000008001fea        0x2 build/stm32f0xx_hal_tsc.o
                0x0000000008001fea                HAL_TSC_ErrorCallback
 .text.HAL_TSC_IRQHandler
                0x0000000008001fec       0x32 build/stm32f0xx_hal_tsc.o
                0x0000000008001fec                HAL_TSC_IRQHandler
 *fill*         0x000000000800201e        0x2 
 .text.HAL_PCD_Init
                0x0000000008002020       0xd4 build/stm32f0xx_hal_pcd.o
                0x0000000008002020                HAL_PCD_Init
 .text.HAL_PCDEx_ActivateLPM
                0x00000000080020f4       0x26 build/stm32f0xx_hal_pcd_ex.o
                0x00000000080020f4                HAL_PCDEx_ActivateLPM
 .text.SystemInit
                0x000000000800211a        0x2 build/system_stm32f0xx.o
                0x000000000800211a                SystemInit
 .text.Reset_Handler
                0x000000000800211c       0x50 build/startup_stm32f072xb.o
                0x000000000800211c                Reset_Handler
 .text.Default_Handler
                0x000000000800216c        0x2 build/startup_stm32f072xb.o
                0x000000000800216c                TIM1_CC_IRQHandler
                0x000000000800216c                ADC1_COMP_IRQHandler
                0x000000000800216c                I2C1_IRQHandler
                0x000000000800216c                RCC_CRS_IRQHandler
                0x000000000800216c                SPI1_IRQHandler
                0x000000000800216c                TIM6_DAC_IRQHandler
                0x000000000800216c                USART3_4_IRQHandler
                0x000000000800216c                EXTI2_3_IRQHandler
                0x000000000800216c                I2C2_IRQHandler
                0x000000000800216c                TIM17_IRQHandler
                0x000000000800216c                CEC_CAN_IRQHandler
                0x000000000800216c                RTC_IRQHandler
                0x000000000800216c                PVD_VDDIO2_IRQHandler
                0x000000000800216c                DMA1_Channel4_5_6_7_IRQHandler
                0x000000000800216c                TIM16_IRQHandler
                0x000000000800216c                TIM3_IRQHandler
                0x000000000800216c                EXTI4_15_IRQHandler
                0x000000000800216c                DMA1_Channel1_IRQHandler
                0x000000000800216c                Default_Handler
                0x000000000800216c                TIM14_IRQHandler
                0x000000000800216c                TIM7_IRQHandler
                0x000000000800216c                TIM15_IRQHandler
                0x000000000800216c                EXTI0_1_IRQHandler
                0x000000000800216c                USB_IRQHandler
                0x000000000800216c                SPI2_IRQHandler
                0x000000000800216c                WWDG_IRQHandler
                0x000000000800216c                TIM2_IRQHandler
                0x000000000800216c                USART2_IRQHandler
                0x000000000800216c                FLASH_IRQHandler
                0x000000000800216c                USART1_IRQHandler
                0x000000000800216c                TIM1_BRK_UP_TRG_COM_IRQHandler
 *fill*         0x000000000800216e        0x2 
 .text.__libc_init_array
                0x0000000008002170       0x48 /home/janhenrik/programme/gcc-arm-none-eabi-7-2018-q2-update/bin/../lib/gcc/arm-none-eabi/7.3.1/../../../../arm-none-eabi/lib/thumb/v6-m/libc_nano.a(lib_a-init.o)
                0x0000000008002170                __libc_init_array
 .text.memset   0x00000000080021b8       0x10 /home/janhenrik/programme/gcc-arm-none-eabi-7-2018-q2-update/bin/../lib/gcc/arm-none-eabi/7.3.1/../../../../arm-none-eabi/lib/thumb/v6-m/libc_nano.a(lib_a-memset.o)
                0x00000000080021b8                memset
 *(.glue_7)
 .glue_7        0x00000000080021c8        0x0 linker stubs
 *(.glue_7t)
 .glue_7t       0x00000000080021c8        0x0 linker stubs
 *(.eh_frame)
 .eh_frame      0x00000000080021c8        0x0 /home/janhenrik/programme/gcc-arm-none-eabi-7-2018-q2-update/bin/../lib/gcc/arm-none-eabi/7.3.1/thumb/v6-m/crtbegin.o
 *(.init)
 .init          0x00000000080021c8        0x4 /home/janhenrik/programme/gcc-arm-none-eabi-7-2018-q2-update/bin/../lib/gcc/arm-none-eabi/7.3.1/thumb/v6-m/crti.o
                0x00000000080021c8                _init
 .init          0x00000000080021cc        0x8 /home/janhenrik/programme/gcc-arm-none-eabi-7-2018-q2-update/bin/../lib/gcc/arm-none-eabi/7.3.1/thumb/v6-m/crtn.o
 *(.fini)
 .fini          0x00000000080021d4        0x4 /home/janhenrik/programme/gcc-arm-none-eabi-7-2018-q2-update/bin/../lib/gcc/arm-none-eabi/7.3.1/thumb/v6-m/crti.o
                0x00000000080021d4                _fini
 .fini          0x00000000080021d8        0x8 /home/janhenrik/programme/gcc-arm-none-eabi-7-2018-q2-update/bin/../lib/gcc/arm-none-eabi/7.3.1/thumb/v6-m/crtn.o
                0x00000000080021e0                . = ALIGN (0x4)
                0x00000000080021e0                _etext = .

.vfp11_veneer   0x00000000080021e0        0x0
 .vfp11_veneer  0x00000000080021e0        0x0 linker stubs

.v4_bx          0x00000000080021e0        0x0
 .v4_bx         0x00000000080021e0        0x0 linker stubs

.iplt           0x00000000080021e0        0x0
 .iplt          0x00000000080021e0        0x0 /home/janhenrik/programme/gcc-arm-none-eabi-7-2018-q2-update/bin/../lib/gcc/arm-none-eabi/7.3.1/thumb/v6-m/crtbegin.o

.rodata         0x00000000080021e0       0x30
                0x00000000080021e0                . = ALIGN (0x4)
 *(.rodata)
 .rodata        0x00000000080021e0       0x20 build/stm32f0xx_hal_rcc.o
 *(.rodata*)
 .rodata.AHBPrescTable
                0x0000000008002200       0x10 build/system_stm32f0xx.o
                0x0000000008002200                AHBPrescTable
                0x0000000008002210                . = ALIGN (0x4)

.rel.dyn        0x0000000008002210        0x0
 .rel.iplt      0x0000000008002210        0x0 /home/janhenrik/programme/gcc-arm-none-eabi-7-2018-q2-update/bin/../lib/gcc/arm-none-eabi/7.3.1/thumb/v6-m/crtbegin.o

.ARM.extab
 *(.ARM.extab* .gnu.linkonce.armextab.*)

.ARM            0x0000000008002210        0x0
                0x0000000008002210                __exidx_start = .
 *(.ARM.exidx*)
                0x0000000008002210                __exidx_end = .

.preinit_array  0x0000000008002210        0x0
                0x0000000008002210                PROVIDE (__preinit_array_start = .)
 *(.preinit_array*)
                0x0000000008002210                PROVIDE (__preinit_array_end = .)

.init_array     0x0000000008002210        0x4
                0x0000000008002210                PROVIDE (__init_array_start = .)
 *(SORT_BY_NAME(.init_array.*))
 *(.init_array*)
 .init_array    0x0000000008002210        0x4 /home/janhenrik/programme/gcc-arm-none-eabi-7-2018-q2-update/bin/../lib/gcc/arm-none-eabi/7.3.1/thumb/v6-m/crtbegin.o
                0x0000000008002214                PROVIDE (__init_array_end = .)

.fini_array     0x0000000008002214        0x4
                [!provide]                        PROVIDE (__fini_array_start = .)
 *(SORT_BY_NAME(.fini_array.*))
 *(.fini_array*)
 .fini_array    0x0000000008002214        0x4 /home/janhenrik/programme/gcc-arm-none-eabi-7-2018-q2-update/bin/../lib/gcc/arm-none-eabi/7.3.1/thumb/v6-m/crtbegin.o
                [!provide]                        PROVIDE (__fini_array_end = .)
                0x0000000008002218                _sidata = LOADADDR (.data)

.data           0x0000000020000000        0xc load address 0x0000000008002218
                0x0000000020000000                . = ALIGN (0x4)
                0x0000000020000000                _sdata = .
 *(.data)
 *(.data*)
 .data.uwTickFreq
                0x0000000020000000        0x1 build/stm32f0xx_hal.o
                0x0000000020000000                uwTickFreq
 *fill*         0x0000000020000001        0x3 
 .data.uwTickPrio
                0x0000000020000004        0x4 build/stm32f0xx_hal.o
                0x0000000020000004                uwTickPrio
 .data.SystemCoreClock
                0x0000000020000008        0x4 build/system_stm32f0xx.o
                0x0000000020000008                SystemCoreClock
                0x000000002000000c                . = ALIGN (0x4)
                0x000000002000000c                _edata = .

.igot.plt       0x000000002000000c        0x0 load address 0x0000000008002224
 .igot.plt      0x000000002000000c        0x0 /home/janhenrik/programme/gcc-arm-none-eabi-7-2018-q2-update/bin/../lib/gcc/arm-none-eabi/7.3.1/thumb/v6-m/crtbegin.o
                0x000000002000000c                . = ALIGN (0x4)

.bss            0x000000002000000c      0x458 load address 0x0000000008002224
                0x000000002000000c                _sbss = .
                0x000000002000000c                __bss_start__ = _sbss
 *(.bss)
 .bss           0x000000002000000c       0x1c /home/janhenrik/programme/gcc-arm-none-eabi-7-2018-q2-update/bin/../lib/gcc/arm-none-eabi/7.3.1/thumb/v6-m/crtbegin.o
 *(.bss*)
 *(COMMON)
 COMMON         0x0000000020000028      0x438 build/main.o
                0x0000000020000028                hi2c2
                0x0000000020000074                htim1
                0x00000000200000b4                hspi1
                0x0000000020000118                hpcd_USB_FS
                0x000000002000038c                HX711
                0x0000000020000398                htim16
                0x00000000200003d8                hdma_spi1_tx
                0x000000002000041c                htsc
 COMMON         0x0000000020000460        0x4 build/stm32f0xx_hal.o
                0x0000000020000460                uwTick
                0x0000000020000464                . = ALIGN (0x4)
                0x0000000020000464                _ebss = .
                0x0000000020000464                __bss_end__ = _ebss

._user_heap_stack
                0x0000000020000464      0x604 load address 0x0000000008002224
                0x0000000020000468                . = ALIGN (0x8)
 *fill*         0x0000000020000464        0x4 
                [!provide]                        PROVIDE (end = .)
                [!provide]                        PROVIDE (_end = .)
                0x0000000020000668                . = (. + _Min_Heap_Size)
 *fill*         0x0000000020000468      0x200 
                0x0000000020000a68                . = (. + _Min_Stack_Size)
 *fill*         0x0000000020000668      0x400 
                0x0000000020000a68                . = ALIGN (0x8)

/DISCARD/
 libc.a(*)
 libm.a(*)
 libgcc.a(*)

.ARM.attributes
                0x0000000000000000       0x28
 *(.ARM.attributes)
 .ARM.attributes
                0x0000000000000000       0x1e /home/janhenrik/programme/gcc-arm-none-eabi-7-2018-q2-update/bin/../lib/gcc/arm-none-eabi/7.3.1/thumb/v6-m/crti.o
 .ARM.attributes
                0x000000000000001e       0x2c /home/janhenrik/programme/gcc-arm-none-eabi-7-2018-q2-update/bin/../lib/gcc/arm-none-eabi/7.3.1/thumb/v6-m/crtbegin.o
 .ARM.attributes
                0x000000000000004a       0x31 build/main.o
 .ARM.attributes
                0x000000000000007b       0x31 build/stm32f0xx_it.o
 .ARM.attributes
                0x00000000000000ac       0x31 build/stm32f0xx_hal_msp.o
 .ARM.attributes
                0x00000000000000dd       0x31 build/stm32f0xx_ll_usb.o
 .ARM.attributes
                0x000000000000010e       0x31 build/stm32f0xx_hal_i2c.o
 .ARM.attributes
                0x000000000000013f       0x31 build/stm32f0xx_hal_i2c_ex.o
 .ARM.attributes
                0x0000000000000170       0x31 build/stm32f0xx_hal_rcc.o
 .ARM.attributes
                0x00000000000001a1       0x31 build/stm32f0xx_hal_rcc_ex.o
 .ARM.attributes
                0x00000000000001d2       0x31 build/stm32f0xx_hal.o
 .ARM.attributes
                0x0000000000000203       0x31 build/stm32f0xx_hal_gpio.o
 .ARM.attributes
                0x0000000000000234       0x31 build/stm32f0xx_hal_dma.o
 .ARM.attributes
                0x0000000000000265       0x31 build/stm32f0xx_hal_cortex.o
 .ARM.attributes
                0x0000000000000296       0x31 build/stm32f0xx_hal_spi.o
 .ARM.attributes
                0x00000000000002c7       0x31 build/stm32f0xx_hal_tim.o
 .ARM.attributes
                0x00000000000002f8       0x31 build/stm32f0xx_hal_tim_ex.o
 .ARM.attributes
                0x0000000000000329       0x31 build/stm32f0xx_hal_tsc.o
 .ARM.attributes
                0x000000000000035a       0x31 build/stm32f0xx_hal_pcd.o
 .ARM.attributes
                0x000000000000038b       0x31 build/stm32f0xx_hal_pcd_ex.o
 .ARM.attributes
                0x00000000000003bc       0x31 build/system_stm32f0xx.o
 .ARM.attributes
                0x00000000000003ed       0x21 build/startup_stm32f072xb.o
 .ARM.attributes
                0x000000000000040e       0x2c /home/janhenrik/programme/gcc-arm-none-eabi-7-2018-q2-update/bin/../lib/gcc/arm-none-eabi/7.3.1/../../../../arm-none-eabi/lib/thumb/v6-m/libc_nano.a(lib_a-init.o)
 .ARM.attributes
                0x000000000000043a       0x2c /home/janhenrik/programme/gcc-arm-none-eabi-7-2018-q2-update/bin/../lib/gcc/arm-none-eabi/7.3.1/../../../../arm-none-eabi/lib/thumb/v6-m/libc_nano.a(lib_a-memset.o)
 .ARM.attributes
                0x0000000000000466       0x1e /home/janhenrik/programme/gcc-arm-none-eabi-7-2018-q2-update/bin/../lib/gcc/arm-none-eabi/7.3.1/thumb/v6-m/libgcc.a(_udivsi3.o)
 .ARM.attributes
                0x0000000000000484       0x1e /home/janhenrik/programme/gcc-arm-none-eabi-7-2018-q2-update/bin/../lib/gcc/arm-none-eabi/7.3.1/thumb/v6-m/libgcc.a(_dvmd_tls.o)
 .ARM.attributes
                0x00000000000004a2       0x1e /home/janhenrik/programme/gcc-arm-none-eabi-7-2018-q2-update/bin/../lib/gcc/arm-none-eabi/7.3.1/thumb/v6-m/crtn.o
OUTPUT(build/firmware.elf elf32-littlearm)

.debug_info     0x0000000000000000    0x16bbc
 .debug_info    0x0000000000000000     0x2458 build/main.o
 .debug_info    0x0000000000002458      0x729 build/stm32f0xx_it.o
 .debug_info    0x0000000000002b81     0x1cab build/stm32f0xx_hal_msp.o
 .debug_info    0x000000000000482c     0x16b5 build/stm32f0xx_ll_usb.o
 .debug_info    0x0000000000005ee1     0x3b14 build/stm32f0xx_hal_i2c.o
 .debug_info    0x00000000000099f5      0x996 build/stm32f0xx_hal_i2c_ex.o
 .debug_info    0x000000000000a38b      0xade build/stm32f0xx_hal_rcc.o
 .debug_info    0x000000000000ae69      0x7c3 build/stm32f0xx_hal_rcc_ex.o
 .debug_info    0x000000000000b62c      0x7f4 build/stm32f0xx_hal.o
 .debug_info    0x000000000000be20      0x703 build/stm32f0xx_hal_gpio.o
 .debug_info    0x000000000000c523      0x8ea build/stm32f0xx_hal_dma.o
 .debug_info    0x000000000000ce0d      0x8b7 build/stm32f0xx_hal_cortex.o
 .debug_info    0x000000000000d6c4     0x1fc8 build/stm32f0xx_hal_spi.o
 .debug_info    0x000000000000f68c     0x3522 build/stm32f0xx_hal_tim.o
 .debug_info    0x0000000000012bae     0x15bc build/stm32f0xx_hal_tim_ex.o
 .debug_info    0x000000000001416a      0x906 build/stm32f0xx_hal_tsc.o
 .debug_info    0x0000000000014a70     0x13e4 build/stm32f0xx_hal_pcd.o
 .debug_info    0x0000000000015e54      0xa73 build/stm32f0xx_hal_pcd_ex.o
 .debug_info    0x00000000000168c7      0x2d3 build/system_stm32f0xx.o
 .debug_info    0x0000000000016b9a       0x22 build/startup_stm32f072xb.o

.debug_abbrev   0x0000000000000000     0x2b71
 .debug_abbrev  0x0000000000000000      0x2cb build/main.o
 .debug_abbrev  0x00000000000002cb      0x167 build/stm32f0xx_it.o
 .debug_abbrev  0x0000000000000432      0x26e build/stm32f0xx_hal_msp.o
 .debug_abbrev  0x00000000000006a0      0x303 build/stm32f0xx_ll_usb.o
 .debug_abbrev  0x00000000000009a3      0x2ab build/stm32f0xx_hal_i2c.o
 .debug_abbrev  0x0000000000000c4e      0x1c7 build/stm32f0xx_hal_i2c_ex.o
 .debug_abbrev  0x0000000000000e15      0x269 build/stm32f0xx_hal_rcc.o
 .debug_abbrev  0x000000000000107e      0x208 build/stm32f0xx_hal_rcc_ex.o
 .debug_abbrev  0x0000000000001286      0x209 build/stm32f0xx_hal.o
 .debug_abbrev  0x000000000000148f      0x213 build/stm32f0xx_hal_gpio.o
 .debug_abbrev  0x00000000000016a2      0x252 build/stm32f0xx_hal_dma.o
 .debug_abbrev  0x00000000000018f4      0x279 build/stm32f0xx_hal_cortex.o
 .debug_abbrev  0x0000000000001b6d      0x2a2 build/stm32f0xx_hal_spi.o
 .debug_abbrev  0x0000000000001e0f      0x286 build/stm32f0xx_hal_tim.o
 .debug_abbrev  0x0000000000002095      0x26d build/stm32f0xx_hal_tim_ex.o
 .debug_abbrev  0x0000000000002302      0x215 build/stm32f0xx_hal_tsc.o
 .debug_abbrev  0x0000000000002517      0x2c8 build/stm32f0xx_hal_pcd.o
 .debug_abbrev  0x00000000000027df      0x256 build/stm32f0xx_hal_pcd_ex.o
 .debug_abbrev  0x0000000000002a35      0x12a build/system_stm32f0xx.o
 .debug_abbrev  0x0000000000002b5f       0x12 build/startup_stm32f072xb.o

.debug_loc      0x0000000000000000    0x11be7
 .debug_loc     0x0000000000000000      0x24c build/main.o
 .debug_loc     0x000000000000024c       0x60 build/stm32f0xx_it.o
 .debug_loc     0x00000000000002ac      0x3ab build/stm32f0xx_hal_msp.o
 .debug_loc     0x0000000000000657     0x1233 build/stm32f0xx_ll_usb.o
 .debug_loc     0x000000000000188a     0x49a3 build/stm32f0xx_hal_i2c.o
 .debug_loc     0x000000000000622d      0x2e1 build/stm32f0xx_hal_i2c_ex.o
 .debug_loc     0x000000000000650e      0x61b build/stm32f0xx_hal_rcc.o
 .debug_loc     0x0000000000006b29      0x857 build/stm32f0xx_hal_rcc_ex.o
 .debug_loc     0x0000000000007380      0x1bb build/stm32f0xx_hal.o
 .debug_loc     0x000000000000753b      0x3e1 build/stm32f0xx_hal_gpio.o
 .debug_loc     0x000000000000791c      0x973 build/stm32f0xx_hal_dma.o
 .debug_loc     0x000000000000828f      0x3f7 build/stm32f0xx_hal_cortex.o
 .debug_loc     0x0000000000008686     0x2239 build/stm32f0xx_hal_spi.o
 .debug_loc     0x000000000000a8bf     0x4614 build/stm32f0xx_hal_tim.o
 .debug_loc     0x000000000000eed3     0x171a build/stm32f0xx_hal_tim_ex.o
 .debug_loc     0x00000000000105ed      0x512 build/stm32f0xx_hal_tsc.o
 .debug_loc     0x0000000000010aff      0xd92 build/stm32f0xx_hal_pcd.o
 .debug_loc     0x0000000000011891      0x20b build/stm32f0xx_hal_pcd_ex.o
 .debug_loc     0x0000000000011a9c      0x14b build/system_stm32f0xx.o

.debug_aranges  0x0000000000000000     0x1190
 .debug_aranges
                0x0000000000000000       0x80 build/main.o
 .debug_aranges
                0x0000000000000080       0x50 build/stm32f0xx_it.o
 .debug_aranges
                0x00000000000000d0       0x78 build/stm32f0xx_hal_msp.o
 .debug_aranges
                0x0000000000000148      0x108 build/stm32f0xx_ll_usb.o
 .debug_aranges
                0x0000000000000250      0x288 build/stm32f0xx_hal_i2c.o
 .debug_aranges
                0x00000000000004d8       0x48 build/stm32f0xx_hal_i2c_ex.o
 .debug_aranges
                0x0000000000000520       0x80 build/stm32f0xx_hal_rcc.o
 .debug_aranges
                0x00000000000005a0       0x78 build/stm32f0xx_hal_rcc_ex.o
 .debug_aranges
                0x0000000000000618       0xd0 build/stm32f0xx_hal.o
 .debug_aranges
                0x00000000000006e8       0x58 build/stm32f0xx_hal_gpio.o
 .debug_aranges
                0x0000000000000740       0x88 build/stm32f0xx_hal_dma.o
 .debug_aranges
                0x00000000000007c8       0x78 build/stm32f0xx_hal_cortex.o
 .debug_aranges
                0x0000000000000840      0x1d8 build/stm32f0xx_hal_spi.o
 .debug_aranges
                0x0000000000000a18      0x3b8 build/stm32f0xx_hal_tim.o
 .debug_aranges
                0x0000000000000dd0      0x150 build/stm32f0xx_hal_tim_ex.o
 .debug_aranges
                0x0000000000000f20       0xa8 build/stm32f0xx_hal_tsc.o
 .debug_aranges
                0x0000000000000fc8      0x120 build/stm32f0xx_hal_pcd.o
 .debug_aranges
                0x00000000000010e8       0x58 build/stm32f0xx_hal_pcd_ex.o
 .debug_aranges
                0x0000000000001140       0x28 build/system_stm32f0xx.o
 .debug_aranges
                0x0000000000001168       0x28 build/startup_stm32f072xb.o

.debug_ranges   0x0000000000000000     0x1238
 .debug_ranges  0x0000000000000000       0x70 build/main.o
 .debug_ranges  0x0000000000000070       0x40 build/stm32f0xx_it.o
 .debug_ranges  0x00000000000000b0       0x68 build/stm32f0xx_hal_msp.o
 .debug_ranges  0x0000000000000118      0x218 build/stm32f0xx_ll_usb.o
 .debug_ranges  0x0000000000000330      0x278 build/stm32f0xx_hal_i2c.o
 .debug_ranges  0x00000000000005a8       0x38 build/stm32f0xx_hal_i2c_ex.o
 .debug_ranges  0x00000000000005e0       0x88 build/stm32f0xx_hal_rcc.o
 .debug_ranges  0x0000000000000668       0x80 build/stm32f0xx_hal_rcc_ex.o
 .debug_ranges  0x00000000000006e8       0xc0 build/stm32f0xx_hal.o
 .debug_ranges  0x00000000000007a8       0x48 build/stm32f0xx_hal_gpio.o
 .debug_ranges  0x00000000000007f0       0x78 build/stm32f0xx_hal_dma.o
 .debug_ranges  0x0000000000000868       0xc8 build/stm32f0xx_hal_cortex.o
 .debug_ranges  0x0000000000000930      0x1c8 build/stm32f0xx_hal_spi.o
 .debug_ranges  0x0000000000000af8      0x3a8 build/stm32f0xx_hal_tim.o
 .debug_ranges  0x0000000000000ea0      0x140 build/stm32f0xx_hal_tim_ex.o
 .debug_ranges  0x0000000000000fe0       0x98 build/stm32f0xx_hal_tsc.o
 .debug_ranges  0x0000000000001078      0x140 build/stm32f0xx_hal_pcd.o
 .debug_ranges  0x00000000000011b8       0x48 build/stm32f0xx_hal_pcd_ex.o
 .debug_ranges  0x0000000000001200       0x18 build/system_stm32f0xx.o
 .debug_ranges  0x0000000000001218       0x20 build/startup_stm32f072xb.o

.debug_line     0x0000000000000000     0x7d57
 .debug_line    0x0000000000000000      0x4a9 build/main.o
 .debug_line    0x00000000000004a9      0x258 build/stm32f0xx_it.o
 .debug_line    0x0000000000000701      0x408 build/stm32f0xx_hal_msp.o
 .debug_line    0x0000000000000b09      0x68a build/stm32f0xx_ll_usb.o
 .debug_line    0x0000000000001193     0x1611 build/stm32f0xx_hal_i2c.o
 .debug_line    0x00000000000027a4      0x333 build/stm32f0xx_hal_i2c_ex.o
 .debug_line    0x0000000000002ad7      0x4e6 build/stm32f0xx_hal_rcc.o
 .debug_line    0x0000000000002fbd      0x468 build/stm32f0xx_hal_rcc_ex.o
 .debug_line    0x0000000000003425      0x3bb build/stm32f0xx_hal.o
 .debug_line    0x00000000000037e0      0x33c build/stm32f0xx_hal_gpio.o
 .debug_line    0x0000000000003b1c      0x43d build/stm32f0xx_hal_dma.o
 .debug_line    0x0000000000003f59      0x372 build/stm32f0xx_hal_cortex.o
 .debug_line    0x00000000000042cb      0xd4e build/stm32f0xx_hal_spi.o
 .debug_line    0x0000000000005019     0x14dd build/stm32f0xx_hal_tim.o
 .debug_line    0x00000000000064f6      0x819 build/stm32f0xx_hal_tim_ex.o
 .debug_line    0x0000000000006d0f      0x476 build/stm32f0xx_hal_tsc.o
 .debug_line    0x0000000000007185      0x6d2 build/stm32f0xx_hal_pcd.o
 .debug_line    0x0000000000007857      0x2bb build/stm32f0xx_hal_pcd_ex.o
 .debug_line    0x0000000000007b12      0x1ce build/system_stm32f0xx.o
 .debug_line    0x0000000000007ce0       0x77 build/startup_stm32f072xb.o

.debug_str      0x0000000000000000     0x4f57
 .debug_str     0x0000000000000000     0x17c0 build/main.o
                                       0x18ee (size before relaxing)
 .debug_str     0x00000000000017c0       0xa9 build/stm32f0xx_it.o
                                        0x6ac (size before relaxing)
 .debug_str     0x0000000000001869      0x136 build/stm32f0xx_hal_msp.o
                                       0x13ec (size before relaxing)
 .debug_str     0x000000000000199f      0x355 build/stm32f0xx_ll_usb.o
                                        0x7c4 (size before relaxing)
 .debug_str     0x0000000000001cf4      0x86e build/stm32f0xx_hal_i2c.o
                                        0xfc6 (size before relaxing)
 .debug_str     0x0000000000002562       0xda build/stm32f0xx_hal_i2c_ex.o
                                        0x86c (size before relaxing)
 .debug_str     0x000000000000263c      0x1f0 build/stm32f0xx_hal_rcc.o
                                        0x6b2 (size before relaxing)
 .debug_str     0x000000000000282c      0x27c build/stm32f0xx_hal_rcc_ex.o
                                        0x6aa (size before relaxing)
 .debug_str     0x0000000000002aa8      0x1db build/stm32f0xx_hal.o
                                        0x706 (size before relaxing)
 .debug_str     0x0000000000002c83       0xce build/stm32f0xx_hal_gpio.o
                                        0x49d (size before relaxing)
 .debug_str     0x0000000000002d51      0x1fe build/stm32f0xx_hal_dma.o
                                        0x6b2 (size before relaxing)
 .debug_str     0x0000000000002f4f      0x22f build/stm32f0xx_hal_cortex.o
                                        0x6f0 (size before relaxing)
 .debug_str     0x000000000000317e      0x52e build/stm32f0xx_hal_spi.o
                                        0xc2a (size before relaxing)
 .debug_str     0x00000000000036ac      0xd2e build/stm32f0xx_hal_tim.o
                                       0x151a (size before relaxing)
 .debug_str     0x00000000000043da      0x423 build/stm32f0xx_hal_tim_ex.o
                                        0xce6 (size before relaxing)
 .debug_str     0x00000000000047fd      0x231 build/stm32f0xx_hal_tsc.o
                                        0x71a (size before relaxing)
 .debug_str     0x0000000000004a2e      0x33c build/stm32f0xx_hal_pcd.o
                                        0xacb (size before relaxing)
 .debug_str     0x0000000000004d6a      0x191 build/stm32f0xx_hal_pcd_ex.o
                                        0x7f4 (size before relaxing)
 .debug_str     0x0000000000004efb       0x38 build/system_stm32f0xx.o
                                        0x2c9 (size before relaxing)
 .debug_str     0x0000000000004f33       0x24 build/startup_stm32f072xb.o
                                         0x4a (size before relaxing)

.comment        0x0000000000000000       0x7f
 .comment       0x0000000000000000       0x7f build/main.o
                                         0x80 (size before relaxing)
 .comment       0x000000000000007f       0x80 build/stm32f0xx_it.o
 .comment       0x000000000000007f       0x80 build/stm32f0xx_hal_msp.o
 .comment       0x000000000000007f       0x80 build/stm32f0xx_ll_usb.o
 .comment       0x000000000000007f       0x80 build/stm32f0xx_hal_i2c.o
 .comment       0x000000000000007f       0x80 build/stm32f0xx_hal_i2c_ex.o
 .comment       0x000000000000007f       0x80 build/stm32f0xx_hal_rcc.o
 .comment       0x000000000000007f       0x80 build/stm32f0xx_hal_rcc_ex.o
 .comment       0x000000000000007f       0x80 build/stm32f0xx_hal.o
 .comment       0x000000000000007f       0x80 build/stm32f0xx_hal_gpio.o
 .comment       0x000000000000007f       0x80 build/stm32f0xx_hal_dma.o
 .comment       0x000000000000007f       0x80 build/stm32f0xx_hal_cortex.o
 .comment       0x000000000000007f       0x80 build/stm32f0xx_hal_spi.o
 .comment       0x000000000000007f       0x80 build/stm32f0xx_hal_tim.o
 .comment       0x000000000000007f       0x80 build/stm32f0xx_hal_tim_ex.o
 .comment       0x000000000000007f       0x80 build/stm32f0xx_hal_tsc.o
 .comment       0x000000000000007f       0x80 build/stm32f0xx_hal_pcd.o
 .comment       0x000000000000007f       0x80 build/stm32f0xx_hal_pcd_ex.o
 .comment       0x000000000000007f       0x80 build/system_stm32f0xx.o

.debug_frame    0x0000000000000000     0x3358
 .debug_frame   0x0000000000000000      0x190 build/main.o
 .debug_frame   0x0000000000000190       0xa4 build/stm32f0xx_it.o
 .debug_frame   0x0000000000000234      0x138 build/stm32f0xx_hal_msp.o
 .debug_frame   0x000000000000036c      0x254 build/stm32f0xx_ll_usb.o
 .debug_frame   0x00000000000005c0      0x960 build/stm32f0xx_hal_i2c.o
 .debug_frame   0x0000000000000f20       0xc0 build/stm32f0xx_hal_i2c_ex.o
 .debug_frame   0x0000000000000fe0      0x15c build/stm32f0xx_hal_rcc.o
 .debug_frame   0x000000000000113c      0x10c build/stm32f0xx_hal_rcc_ex.o
 .debug_frame   0x0000000000001248      0x1c0 build/stm32f0xx_hal.o
 .debug_frame   0x0000000000001408       0xd8 build/stm32f0xx_hal_gpio.o
 .debug_frame   0x00000000000014e0      0x198 build/stm32f0xx_hal_dma.o
 .debug_frame   0x0000000000001678       0xec build/stm32f0xx_hal_cortex.o
 .debug_frame   0x0000000000001764      0x628 build/stm32f0xx_hal_spi.o
 .debug_frame   0x0000000000001d8c      0xb8c build/stm32f0xx_hal_tim.o
 .debug_frame   0x0000000000002918      0x420 build/stm32f0xx_hal_tim_ex.o
 .debug_frame   0x0000000000002d38      0x19c build/stm32f0xx_hal_tsc.o
 .debug_frame   0x0000000000002ed4      0x330 build/stm32f0xx_hal_pcd.o
 .debug_frame   0x0000000000003204       0xac build/stm32f0xx_hal_pcd_ex.o
 .debug_frame   0x00000000000032b0       0x3c build/system_stm32f0xx.o
 .debug_frame   0x00000000000032ec       0x2c /home/janhenrik/programme/gcc-arm-none-eabi-7-2018-q2-update/bin/../lib/gcc/arm-none-eabi/7.3.1/../../../../arm-none-eabi/lib/thumb/v6-m/libc_nano.a(lib_a-init.o)
 .debug_frame   0x0000000000003318       0x20 /home/janhenrik/programme/gcc-arm-none-eabi-7-2018-q2-update/bin/../lib/gcc/arm-none-eabi/7.3.1/../../../../arm-none-eabi/lib/thumb/v6-m/libc_nano.a(lib_a-memset.o)
 .debug_frame   0x0000000000003338       0x20 /home/janhenrik/programme/gcc-arm-none-eabi-7-2018-q2-update/bin/../lib/gcc/arm-none-eabi/7.3.1/thumb/v6-m/libgcc.a(_udivsi3.o)

Cross Reference Table

Symbol                                            File
ADC1_COMP_IRQHandler                              build/startup_stm32f072xb.o
AHBPrescTable                                     build/system_stm32f0xx.o
                                                  build/stm32f0xx_hal_rcc.o
APBPrescTable                                     build/system_stm32f0xx.o
                                                  build/stm32f0xx_hal_rcc.o
CEC_CAN_IRQHandler                                build/startup_stm32f072xb.o
DMA1_Channel1_IRQHandler                          build/startup_stm32f072xb.o
DMA1_Channel2_3_IRQHandler                        build/stm32f0xx_it.o
DMA1_Channel4_5_6_7_IRQHandler                    build/startup_stm32f072xb.o
Default_Handler                                   build/startup_stm32f072xb.o
EXTI0_1_IRQHandler                                build/startup_stm32f072xb.o
EXTI2_3_IRQHandler                                build/startup_stm32f072xb.o
EXTI4_15_IRQHandler                               build/startup_stm32f072xb.o
Error_Handler                                     build/main.o
                                                  build/stm32f0xx_hal_msp.o
FLASH_IRQHandler                                  build/startup_stm32f072xb.o
FLASH_PageErase                                   build/stm32f0xx_hal_flash_ex.o
                                                  build/stm32f0xx_hal_flash.o
FLASH_WaitForLastOperation                        build/stm32f0xx_hal_flash.o
                                                  build/stm32f0xx_hal_flash_ex.o
HAL_DBGMCU_DisableDBGStandbyMode                  build/stm32f0xx_hal.o
HAL_DBGMCU_DisableDBGStopMode                     build/stm32f0xx_hal.o
HAL_DBGMCU_EnableDBGStandbyMode                   build/stm32f0xx_hal.o
HAL_DBGMCU_EnableDBGStopMode                      build/stm32f0xx_hal.o
HAL_DMA_Abort                                     build/stm32f0xx_hal_dma.o
                                                  build/stm32f0xx_hal_spi.o
HAL_DMA_Abort_IT                                  build/stm32f0xx_hal_dma.o
                                                  build/stm32f0xx_hal_tim_ex.o
                                                  build/stm32f0xx_hal_tim.o
                                                  build/stm32f0xx_hal_spi.o
                                                  build/stm32f0xx_hal_i2c.o
HAL_DMA_DeInit                                    build/stm32f0xx_hal_dma.o
                                                  build/stm32f0xx_hal_msp.o
HAL_DMA_GetError                                  build/stm32f0xx_hal_dma.o
HAL_DMA_GetState                                  build/stm32f0xx_hal_dma.o
HAL_DMA_IRQHandler                                build/stm32f0xx_hal_dma.o
                                                  build/stm32f0xx_it.o
HAL_DMA_Init                                      build/stm32f0xx_hal_dma.o
                                                  build/stm32f0xx_hal_msp.o
HAL_DMA_PollForTransfer                           build/stm32f0xx_hal_dma.o
HAL_DMA_RegisterCallback                          build/stm32f0xx_hal_dma.o
HAL_DMA_Start                                     build/stm32f0xx_hal_dma.o
HAL_DMA_Start_IT                                  build/stm32f0xx_hal_dma.o
                                                  build/stm32f0xx_hal_tim_ex.o
                                                  build/stm32f0xx_hal_tim.o
                                                  build/stm32f0xx_hal_spi.o
                                                  build/stm32f0xx_hal_i2c.o
HAL_DMA_UnRegisterCallback                        build/stm32f0xx_hal_dma.o
HAL_DeInit                                        build/stm32f0xx_hal.o
HAL_Delay                                         build/stm32f0xx_hal.o
                                                  build/stm32f0xx_hal_pcd_ex.o
                                                  build/main.o
HAL_EXTI_ClearConfigLine                          build/stm32f0xx_hal_exti.o
HAL_EXTI_ClearPending                             build/stm32f0xx_hal_exti.o
HAL_EXTI_GenerateSWI                              build/stm32f0xx_hal_exti.o
HAL_EXTI_GetConfigLine                            build/stm32f0xx_hal_exti.o
HAL_EXTI_GetHandle                                build/stm32f0xx_hal_exti.o
HAL_EXTI_GetPending                               build/stm32f0xx_hal_exti.o
HAL_EXTI_IRQHandler                               build/stm32f0xx_hal_exti.o
HAL_EXTI_RegisterCallback                         build/stm32f0xx_hal_exti.o
HAL_EXTI_SetConfigLine                            build/stm32f0xx_hal_exti.o
HAL_FLASHEx_Erase                                 build/stm32f0xx_hal_flash_ex.o
HAL_FLASHEx_Erase_IT                              build/stm32f0xx_hal_flash_ex.o
HAL_FLASHEx_OBErase                               build/stm32f0xx_hal_flash_ex.o
HAL_FLASHEx_OBGetConfig                           build/stm32f0xx_hal_flash_ex.o
HAL_FLASHEx_OBGetUserData                         build/stm32f0xx_hal_flash_ex.o
HAL_FLASHEx_OBProgram                             build/stm32f0xx_hal_flash_ex.o
HAL_FLASH_EndOfOperationCallback                  build/stm32f0xx_hal_flash.o
HAL_FLASH_GetError                                build/stm32f0xx_hal_flash.o
HAL_FLASH_IRQHandler                              build/stm32f0xx_hal_flash.o
HAL_FLASH_Lock                                    build/stm32f0xx_hal_flash.o
HAL_FLASH_OB_Launch                               build/stm32f0xx_hal_flash.o
HAL_FLASH_OB_Lock                                 build/stm32f0xx_hal_flash.o
HAL_FLASH_OB_Unlock                               build/stm32f0xx_hal_flash.o
HAL_FLASH_OperationErrorCallback                  build/stm32f0xx_hal_flash.o
HAL_FLASH_Program                                 build/stm32f0xx_hal_flash.o
HAL_FLASH_Program_IT                              build/stm32f0xx_hal_flash.o
HAL_FLASH_Unlock                                  build/stm32f0xx_hal_flash.o
HAL_GPIO_DeInit                                   build/stm32f0xx_hal_gpio.o
                                                  build/stm32f0xx_hal_msp.o
HAL_GPIO_EXTI_Callback                            build/stm32f0xx_hal_gpio.o
HAL_GPIO_EXTI_IRQHandler                          build/stm32f0xx_hal_gpio.o
HAL_GPIO_Init                                     build/stm32f0xx_hal_gpio.o
                                                  build/stm32f0xx_hal_rcc.o
                                                  build/stm32f0xx_hal_msp.o
                                                  build/main.o
HAL_GPIO_LockPin                                  build/stm32f0xx_hal_gpio.o
HAL_GPIO_ReadPin                                  build/stm32f0xx_hal_gpio.o
                                                  build/main.o
HAL_GPIO_TogglePin                                build/stm32f0xx_hal_gpio.o
                                                  build/main.o
HAL_GPIO_WritePin                                 build/stm32f0xx_hal_gpio.o
                                                  build/main.o
HAL_GetDEVID                                      build/stm32f0xx_hal.o
HAL_GetHalVersion                                 build/stm32f0xx_hal.o
HAL_GetREVID                                      build/stm32f0xx_hal.o
HAL_GetTick                                       build/stm32f0xx_hal.o
                                                  build/stm32f0xx_hal_pcd_ex.o
                                                  build/stm32f0xx_hal_spi.o
                                                  build/stm32f0xx_hal_flash.o
                                                  build/stm32f0xx_hal_dma.o
                                                  build/stm32f0xx_hal_rcc_ex.o
                                                  build/stm32f0xx_hal_rcc.o
                                                  build/stm32f0xx_hal_i2c.o
HAL_GetTickFreq                                   build/stm32f0xx_hal.o
HAL_GetTickPrio                                   build/stm32f0xx_hal.o
HAL_GetUIDw0                                      build/stm32f0xx_hal.o
HAL_GetUIDw1                                      build/stm32f0xx_hal.o
HAL_GetUIDw2                                      build/stm32f0xx_hal.o
HAL_I2CEx_ConfigAnalogFilter                      build/stm32f0xx_hal_i2c_ex.o
                                                  build/main.o
HAL_I2CEx_ConfigDigitalFilter                     build/stm32f0xx_hal_i2c_ex.o
                                                  build/main.o
HAL_I2CEx_DisableFastModePlus                     build/stm32f0xx_hal_i2c_ex.o
HAL_I2CEx_DisableWakeUp                           build/stm32f0xx_hal_i2c_ex.o
HAL_I2CEx_EnableFastModePlus                      build/stm32f0xx_hal_i2c_ex.o
HAL_I2CEx_EnableWakeUp                            build/stm32f0xx_hal_i2c_ex.o
HAL_I2C_AbortCpltCallback                         build/stm32f0xx_hal_i2c.o
HAL_I2C_AddrCallback                              build/stm32f0xx_hal_i2c.o
HAL_I2C_DeInit                                    build/stm32f0xx_hal_i2c.o
HAL_I2C_DisableListen_IT                          build/stm32f0xx_hal_i2c.o
HAL_I2C_ER_IRQHandler                             build/stm32f0xx_hal_i2c.o
HAL_I2C_EV_IRQHandler                             build/stm32f0xx_hal_i2c.o
HAL_I2C_EnableListen_IT                           build/stm32f0xx_hal_i2c.o
HAL_I2C_ErrorCallback                             build/stm32f0xx_hal_i2c.o
HAL_I2C_GetError                                  build/stm32f0xx_hal_i2c.o
HAL_I2C_GetMode                                   build/stm32f0xx_hal_i2c.o
HAL_I2C_GetState                                  build/stm32f0xx_hal_i2c.o
HAL_I2C_Init                                      build/stm32f0xx_hal_i2c.o
                                                  build/main.o
HAL_I2C_IsDeviceReady                             build/stm32f0xx_hal_i2c.o
HAL_I2C_ListenCpltCallback                        build/stm32f0xx_hal_i2c.o
HAL_I2C_MasterRxCpltCallback                      build/stm32f0xx_hal_i2c.o
HAL_I2C_MasterTxCpltCallback                      build/stm32f0xx_hal_i2c.o
HAL_I2C_Master_Abort_IT                           build/stm32f0xx_hal_i2c.o
HAL_I2C_Master_Receive                            build/stm32f0xx_hal_i2c.o
HAL_I2C_Master_Receive_DMA                        build/stm32f0xx_hal_i2c.o
HAL_I2C_Master_Receive_IT                         build/stm32f0xx_hal_i2c.o
HAL_I2C_Master_Seq_Receive_DMA                    build/stm32f0xx_hal_i2c.o
HAL_I2C_Master_Seq_Receive_IT                     build/stm32f0xx_hal_i2c.o
HAL_I2C_Master_Seq_Transmit_DMA                   build/stm32f0xx_hal_i2c.o
HAL_I2C_Master_Seq_Transmit_IT                    build/stm32f0xx_hal_i2c.o
HAL_I2C_Master_Transmit                           build/stm32f0xx_hal_i2c.o
HAL_I2C_Master_Transmit_DMA                       build/stm32f0xx_hal_i2c.o
HAL_I2C_Master_Transmit_IT                        build/stm32f0xx_hal_i2c.o
HAL_I2C_MemRxCpltCallback                         build/stm32f0xx_hal_i2c.o
HAL_I2C_MemTxCpltCallback                         build/stm32f0xx_hal_i2c.o
HAL_I2C_Mem_Read                                  build/stm32f0xx_hal_i2c.o
HAL_I2C_Mem_Read_DMA                              build/stm32f0xx_hal_i2c.o
HAL_I2C_Mem_Read_IT                               build/stm32f0xx_hal_i2c.o
HAL_I2C_Mem_Write                                 build/stm32f0xx_hal_i2c.o
HAL_I2C_Mem_Write_DMA                             build/stm32f0xx_hal_i2c.o
HAL_I2C_Mem_Write_IT                              build/stm32f0xx_hal_i2c.o
HAL_I2C_MspDeInit                                 build/stm32f0xx_hal_msp.o
HAL_I2C_MspInit                                   build/stm32f0xx_hal_msp.o
HAL_I2C_SlaveRxCpltCallback                       build/stm32f0xx_hal_i2c.o
HAL_I2C_SlaveTxCpltCallback                       build/stm32f0xx_hal_i2c.o
HAL_I2C_Slave_Receive                             build/stm32f0xx_hal_i2c.o
HAL_I2C_Slave_Receive_DMA                         build/stm32f0xx_hal_i2c.o
HAL_I2C_Slave_Receive_IT                          build/stm32f0xx_hal_i2c.o
HAL_I2C_Slave_Seq_Receive_DMA                     build/stm32f0xx_hal_i2c.o
HAL_I2C_Slave_Seq_Receive_IT                      build/stm32f0xx_hal_i2c.o
HAL_I2C_Slave_Seq_Transmit_DMA                    build/stm32f0xx_hal_i2c.o
HAL_I2C_Slave_Seq_Transmit_IT                     build/stm32f0xx_hal_i2c.o
HAL_I2C_Slave_Transmit                            build/stm32f0xx_hal_i2c.o
HAL_I2C_Slave_Transmit_DMA                        build/stm32f0xx_hal_i2c.o
HAL_I2C_Slave_Transmit_IT                         build/stm32f0xx_hal_i2c.o
HAL_IncTick                                       build/stm32f0xx_hal.o
                                                  build/stm32f0xx_it.o
HAL_Init                                          build/stm32f0xx_hal.o
                                                  build/main.o
HAL_InitTick                                      build/stm32f0xx_hal.o
                                                  build/stm32f0xx_hal_rcc.o
HAL_MspDeInit                                     build/stm32f0xx_hal.o
HAL_MspInit                                       build/stm32f0xx_hal_msp.o
HAL_NVIC_ClearPendingIRQ                          build/stm32f0xx_hal_cortex.o
HAL_NVIC_DisableIRQ                               build/stm32f0xx_hal_cortex.o
                                                  build/stm32f0xx_hal_msp.o
HAL_NVIC_EnableIRQ                                build/stm32f0xx_hal_cortex.o
                                                  build/stm32f0xx_hal_msp.o
                                                  build/main.o
HAL_NVIC_GetPendingIRQ                            build/stm32f0xx_hal_cortex.o
HAL_NVIC_GetPriority                              build/stm32f0xx_hal_cortex.o
HAL_NVIC_SetPendingIRQ                            build/stm32f0xx_hal_cortex.o
HAL_NVIC_SetPriority                              build/stm32f0xx_hal_cortex.o
                                                  build/stm32f0xx_hal.o
                                                  build/stm32f0xx_hal_msp.o
                                                  build/main.o
HAL_NVIC_SystemReset                              build/stm32f0xx_hal_cortex.o
HAL_PCDEx_ActivateBCD                             build/stm32f0xx_hal_pcd_ex.o
HAL_PCDEx_ActivateLPM                             build/stm32f0xx_hal_pcd_ex.o
                                                  build/stm32f0xx_hal_pcd.o
HAL_PCDEx_BCD_Callback                            build/stm32f0xx_hal_pcd_ex.o
HAL_PCDEx_BCD_VBUSDetect                          build/stm32f0xx_hal_pcd_ex.o
HAL_PCDEx_DeActivateBCD                           build/stm32f0xx_hal_pcd_ex.o
HAL_PCDEx_DeActivateLPM                           build/stm32f0xx_hal_pcd_ex.o
HAL_PCDEx_LPM_Callback                            build/stm32f0xx_hal_pcd_ex.o
                                                  build/stm32f0xx_hal_pcd.o
HAL_PCDEx_PMAConfig                               build/stm32f0xx_hal_pcd_ex.o
HAL_PCD_ActivateRemoteWakeup                      build/stm32f0xx_hal_pcd.o
HAL_PCD_ConnectCallback                           build/stm32f0xx_hal_pcd.o
HAL_PCD_DataInStageCallback                       build/stm32f0xx_hal_pcd.o
HAL_PCD_DataOutStageCallback                      build/stm32f0xx_hal_pcd.o
HAL_PCD_DeActivateRemoteWakeup                    build/stm32f0xx_hal_pcd.o
HAL_PCD_DeInit                                    build/stm32f0xx_hal_pcd.o
HAL_PCD_DevConnect                                build/stm32f0xx_hal_pcd.o
HAL_PCD_DevDisconnect                             build/stm32f0xx_hal_pcd.o
HAL_PCD_DisconnectCallback                        build/stm32f0xx_hal_pcd.o
HAL_PCD_EP_Close                                  build/stm32f0xx_hal_pcd.o
HAL_PCD_EP_ClrStall                               build/stm32f0xx_hal_pcd.o
HAL_PCD_EP_Flush                                  build/stm32f0xx_hal_pcd.o
HAL_PCD_EP_GetRxCount                             build/stm32f0xx_hal_pcd.o
HAL_PCD_EP_Open                                   build/stm32f0xx_hal_pcd.o
HAL_PCD_EP_Receive                                build/stm32f0xx_hal_pcd.o
HAL_PCD_EP_SetStall                               build/stm32f0xx_hal_pcd.o
HAL_PCD_EP_Transmit                               build/stm32f0xx_hal_pcd.o
HAL_PCD_GetState                                  build/stm32f0xx_hal_pcd.o
HAL_PCD_IRQHandler                                build/stm32f0xx_hal_pcd.o
HAL_PCD_ISOINIncompleteCallback                   build/stm32f0xx_hal_pcd.o
HAL_PCD_ISOOUTIncompleteCallback                  build/stm32f0xx_hal_pcd.o
HAL_PCD_Init                                      build/stm32f0xx_hal_pcd.o
                                                  build/main.o
HAL_PCD_MspDeInit                                 build/stm32f0xx_hal_msp.o
HAL_PCD_MspInit                                   build/stm32f0xx_hal_msp.o
HAL_PCD_ResetCallback                             build/stm32f0xx_hal_pcd.o
HAL_PCD_ResumeCallback                            build/stm32f0xx_hal_pcd.o
HAL_PCD_SOFCallback                               build/stm32f0xx_hal_pcd.o
HAL_PCD_SetAddress                                build/stm32f0xx_hal_pcd.o
HAL_PCD_SetupStageCallback                        build/stm32f0xx_hal_pcd.o
HAL_PCD_Start                                     build/stm32f0xx_hal_pcd.o
HAL_PCD_Stop                                      build/stm32f0xx_hal_pcd.o
HAL_PCD_SuspendCallback                           build/stm32f0xx_hal_pcd.o
HAL_PWREx_DisableVddio2Monitor                    build/stm32f0xx_hal_pwr_ex.o
HAL_PWREx_EnableVddio2Monitor                     build/stm32f0xx_hal_pwr_ex.o
HAL_PWREx_Vddio2MonitorCallback                   build/stm32f0xx_hal_pwr_ex.o
HAL_PWREx_Vddio2Monitor_IRQHandler                build/stm32f0xx_hal_pwr_ex.o
HAL_PWR_ConfigPVD                                 build/stm32f0xx_hal_pwr_ex.o
HAL_PWR_DeInit                                    build/stm32f0xx_hal_pwr.o
HAL_PWR_DisableBkUpAccess                         build/stm32f0xx_hal_pwr.o
HAL_PWR_DisablePVD                                build/stm32f0xx_hal_pwr_ex.o
HAL_PWR_DisableSEVOnPend                          build/stm32f0xx_hal_pwr.o
HAL_PWR_DisableSleepOnExit                        build/stm32f0xx_hal_pwr.o
HAL_PWR_DisableWakeUpPin                          build/stm32f0xx_hal_pwr.o
HAL_PWR_EnableBkUpAccess                          build/stm32f0xx_hal_pwr.o
HAL_PWR_EnablePVD                                 build/stm32f0xx_hal_pwr_ex.o
HAL_PWR_EnableSEVOnPend                           build/stm32f0xx_hal_pwr.o
HAL_PWR_EnableSleepOnExit                         build/stm32f0xx_hal_pwr.o
HAL_PWR_EnableWakeUpPin                           build/stm32f0xx_hal_pwr.o
HAL_PWR_EnterSLEEPMode                            build/stm32f0xx_hal_pwr.o
HAL_PWR_EnterSTANDBYMode                          build/stm32f0xx_hal_pwr.o
HAL_PWR_EnterSTOPMode                             build/stm32f0xx_hal_pwr.o
HAL_PWR_PVDCallback                               build/stm32f0xx_hal_pwr_ex.o
HAL_PWR_PVD_IRQHandler                            build/stm32f0xx_hal_pwr_ex.o
HAL_RCCEx_CRSConfig                               build/stm32f0xx_hal_rcc_ex.o
HAL_RCCEx_CRSGetSynchronizationInfo               build/stm32f0xx_hal_rcc_ex.o
HAL_RCCEx_CRSSoftwareSynchronizationGenerate      build/stm32f0xx_hal_rcc_ex.o
HAL_RCCEx_CRSWaitSynchronization                  build/stm32f0xx_hal_rcc_ex.o
HAL_RCCEx_CRS_ErrorCallback                       build/stm32f0xx_hal_rcc_ex.o
HAL_RCCEx_CRS_ExpectedSyncCallback                build/stm32f0xx_hal_rcc_ex.o
HAL_RCCEx_CRS_IRQHandler                          build/stm32f0xx_hal_rcc_ex.o
HAL_RCCEx_CRS_SyncOkCallback                      build/stm32f0xx_hal_rcc_ex.o
HAL_RCCEx_CRS_SyncWarnCallback                    build/stm32f0xx_hal_rcc_ex.o
HAL_RCCEx_GetPeriphCLKConfig                      build/stm32f0xx_hal_rcc_ex.o
HAL_RCCEx_GetPeriphCLKFreq                        build/stm32f0xx_hal_rcc_ex.o
HAL_RCCEx_PeriphCLKConfig                         build/stm32f0xx_hal_rcc_ex.o
                                                  build/main.o
HAL_RCC_CSSCallback                               build/stm32f0xx_hal_rcc.o
HAL_RCC_ClockConfig                               build/stm32f0xx_hal_rcc.o
                                                  build/main.o
HAL_RCC_DeInit                                    build/stm32f0xx_hal_rcc.o
HAL_RCC_DisableCSS                                build/stm32f0xx_hal_rcc.o
HAL_RCC_EnableCSS                                 build/stm32f0xx_hal_rcc.o
HAL_RCC_GetClockConfig                            build/stm32f0xx_hal_rcc.o
HAL_RCC_GetHCLKFreq                               build/stm32f0xx_hal_rcc.o
HAL_RCC_GetOscConfig                              build/stm32f0xx_hal_rcc.o
HAL_RCC_GetPCLK1Freq                              build/stm32f0xx_hal_rcc.o
                                                  build/stm32f0xx_hal_rcc_ex.o
HAL_RCC_GetSysClockFreq                           build/stm32f0xx_hal_rcc.o
                                                  build/stm32f0xx_hal_rcc_ex.o
HAL_RCC_MCOConfig                                 build/stm32f0xx_hal_rcc.o
HAL_RCC_NMI_IRQHandler                            build/stm32f0xx_hal_rcc.o
HAL_RCC_OscConfig                                 build/stm32f0xx_hal_rcc.o
                                                  build/main.o
HAL_ResumeTick                                    build/stm32f0xx_hal.o
HAL_SPIEx_FlushRxFifo                             build/stm32f0xx_hal_spi_ex.o
HAL_SPI_Abort                                     build/stm32f0xx_hal_spi.o
HAL_SPI_AbortCpltCallback                         build/stm32f0xx_hal_spi.o
HAL_SPI_Abort_IT                                  build/stm32f0xx_hal_spi.o
HAL_SPI_DMAPause                                  build/stm32f0xx_hal_spi.o
HAL_SPI_DMAResume                                 build/stm32f0xx_hal_spi.o
HAL_SPI_DMAStop                                   build/stm32f0xx_hal_spi.o
HAL_SPI_DeInit                                    build/stm32f0xx_hal_spi.o
HAL_SPI_ErrorCallback                             build/stm32f0xx_hal_spi.o
HAL_SPI_GetError                                  build/stm32f0xx_hal_spi.o
HAL_SPI_GetState                                  build/stm32f0xx_hal_spi.o
HAL_SPI_IRQHandler                                build/stm32f0xx_hal_spi.o
HAL_SPI_Init                                      build/stm32f0xx_hal_spi.o
                                                  build/main.o
HAL_SPI_MspDeInit                                 build/stm32f0xx_hal_msp.o
HAL_SPI_MspInit                                   build/stm32f0xx_hal_msp.o
HAL_SPI_Receive                                   build/stm32f0xx_hal_spi.o
HAL_SPI_Receive_DMA                               build/stm32f0xx_hal_spi.o
HAL_SPI_Receive_IT                                build/stm32f0xx_hal_spi.o
HAL_SPI_RxCpltCallback                            build/stm32f0xx_hal_spi.o
HAL_SPI_RxHalfCpltCallback                        build/stm32f0xx_hal_spi.o
HAL_SPI_Transmit                                  build/stm32f0xx_hal_spi.o
HAL_SPI_TransmitReceive                           build/stm32f0xx_hal_spi.o
HAL_SPI_TransmitReceive_DMA                       build/stm32f0xx_hal_spi.o
HAL_SPI_TransmitReceive_IT                        build/stm32f0xx_hal_spi.o
HAL_SPI_Transmit_DMA                              build/stm32f0xx_hal_spi.o
HAL_SPI_Transmit_IT                               build/stm32f0xx_hal_spi.o
HAL_SPI_TxCpltCallback                            build/stm32f0xx_hal_spi.o
HAL_SPI_TxHalfCpltCallback                        build/stm32f0xx_hal_spi.o
HAL_SPI_TxRxCpltCallback                          build/stm32f0xx_hal_spi.o
HAL_SPI_TxRxHalfCpltCallback                      build/stm32f0xx_hal_spi.o
HAL_SYSTICK_CLKSourceConfig                       build/stm32f0xx_hal_cortex.o
HAL_SYSTICK_Callback                              build/stm32f0xx_hal_cortex.o
HAL_SYSTICK_Config                                build/stm32f0xx_hal_cortex.o
                                                  build/stm32f0xx_hal.o
HAL_SYSTICK_IRQHandler                            build/stm32f0xx_hal_cortex.o
HAL_SetTickFreq                                   build/stm32f0xx_hal.o
HAL_SuspendTick                                   build/stm32f0xx_hal.o
HAL_TIMEx_BreakCallback                           build/stm32f0xx_hal_tim_ex.o
                                                  build/stm32f0xx_hal_tim.o
HAL_TIMEx_CommutCallback                          build/stm32f0xx_hal_tim_ex.o
                                                  build/stm32f0xx_hal_tim.o
HAL_TIMEx_CommutHalfCpltCallback                  build/stm32f0xx_hal_tim_ex.o
HAL_TIMEx_ConfigBreakDeadTime                     build/stm32f0xx_hal_tim_ex.o
                                                  build/main.o
HAL_TIMEx_ConfigCommutEvent                       build/stm32f0xx_hal_tim_ex.o
HAL_TIMEx_ConfigCommutEvent_DMA                   build/stm32f0xx_hal_tim_ex.o
HAL_TIMEx_ConfigCommutEvent_IT                    build/stm32f0xx_hal_tim_ex.o
HAL_TIMEx_HallSensor_DeInit                       build/stm32f0xx_hal_tim_ex.o
HAL_TIMEx_HallSensor_GetState                     build/stm32f0xx_hal_tim_ex.o
HAL_TIMEx_HallSensor_Init                         build/stm32f0xx_hal_tim_ex.o
HAL_TIMEx_HallSensor_MspDeInit                    build/stm32f0xx_hal_tim_ex.o
HAL_TIMEx_HallSensor_MspInit                      build/stm32f0xx_hal_tim_ex.o
HAL_TIMEx_HallSensor_Start                        build/stm32f0xx_hal_tim_ex.o
HAL_TIMEx_HallSensor_Start_DMA                    build/stm32f0xx_hal_tim_ex.o
HAL_TIMEx_HallSensor_Start_IT                     build/stm32f0xx_hal_tim_ex.o
HAL_TIMEx_HallSensor_Stop                         build/stm32f0xx_hal_tim_ex.o
HAL_TIMEx_HallSensor_Stop_DMA                     build/stm32f0xx_hal_tim_ex.o
HAL_TIMEx_HallSensor_Stop_IT                      build/stm32f0xx_hal_tim_ex.o
HAL_TIMEx_MasterConfigSynchronization             build/stm32f0xx_hal_tim_ex.o
                                                  build/main.o
HAL_TIMEx_OCN_Start                               build/stm32f0xx_hal_tim_ex.o
HAL_TIMEx_OCN_Start_DMA                           build/stm32f0xx_hal_tim_ex.o
HAL_TIMEx_OCN_Start_IT                            build/stm32f0xx_hal_tim_ex.o
HAL_TIMEx_OCN_Stop                                build/stm32f0xx_hal_tim_ex.o
HAL_TIMEx_OCN_Stop_DMA                            build/stm32f0xx_hal_tim_ex.o
HAL_TIMEx_OCN_Stop_IT                             build/stm32f0xx_hal_tim_ex.o
HAL_TIMEx_OnePulseN_Start                         build/stm32f0xx_hal_tim_ex.o
HAL_TIMEx_OnePulseN_Start_IT                      build/stm32f0xx_hal_tim_ex.o
HAL_TIMEx_OnePulseN_Stop                          build/stm32f0xx_hal_tim_ex.o
HAL_TIMEx_OnePulseN_Stop_IT                       build/stm32f0xx_hal_tim_ex.o
HAL_TIMEx_PWMN_Start                              build/stm32f0xx_hal_tim_ex.o
HAL_TIMEx_PWMN_Start_DMA                          build/stm32f0xx_hal_tim_ex.o
HAL_TIMEx_PWMN_Start_IT                           build/stm32f0xx_hal_tim_ex.o
HAL_TIMEx_PWMN_Stop                               build/stm32f0xx_hal_tim_ex.o
HAL_TIMEx_PWMN_Stop_DMA                           build/stm32f0xx_hal_tim_ex.o
HAL_TIMEx_PWMN_Stop_IT                            build/stm32f0xx_hal_tim_ex.o
HAL_TIMEx_RemapConfig                             build/stm32f0xx_hal_tim_ex.o
HAL_TIM_Base_DeInit                               build/stm32f0xx_hal_tim.o
HAL_TIM_Base_GetState                             build/stm32f0xx_hal_tim.o
HAL_TIM_Base_Init                                 build/stm32f0xx_hal_tim.o
                                                  build/main.o
HAL_TIM_Base_MspDeInit                            build/stm32f0xx_hal_msp.o
HAL_TIM_Base_MspInit                              build/stm32f0xx_hal_msp.o
HAL_TIM_Base_Start                                build/stm32f0xx_hal_tim.o
HAL_TIM_Base_Start_DMA                            build/stm32f0xx_hal_tim.o
HAL_TIM_Base_Start_IT                             build/stm32f0xx_hal_tim.o
HAL_TIM_Base_Stop                                 build/stm32f0xx_hal_tim.o
HAL_TIM_Base_Stop_DMA                             build/stm32f0xx_hal_tim.o
HAL_TIM_Base_Stop_IT                              build/stm32f0xx_hal_tim.o
HAL_TIM_ConfigClockSource                         build/stm32f0xx_hal_tim.o
                                                  build/main.o
HAL_TIM_ConfigOCrefClear                          build/stm32f0xx_hal_tim.o
HAL_TIM_ConfigTI1Input                            build/stm32f0xx_hal_tim.o
HAL_TIM_DMABurst_MultiReadStart                   build/stm32f0xx_hal_tim.o
HAL_TIM_DMABurst_MultiWriteStart                  build/stm32f0xx_hal_tim.o
HAL_TIM_DMABurst_ReadStart                        build/stm32f0xx_hal_tim.o
HAL_TIM_DMABurst_ReadStop                         build/stm32f0xx_hal_tim.o
HAL_TIM_DMABurst_WriteStart                       build/stm32f0xx_hal_tim.o
HAL_TIM_DMABurst_WriteStop                        build/stm32f0xx_hal_tim.o
HAL_TIM_Encoder_DeInit                            build/stm32f0xx_hal_tim.o
HAL_TIM_Encoder_GetState                          build/stm32f0xx_hal_tim.o
HAL_TIM_Encoder_Init                              build/stm32f0xx_hal_tim.o
HAL_TIM_Encoder_MspDeInit                         build/stm32f0xx_hal_tim.o
HAL_TIM_Encoder_MspInit                           build/stm32f0xx_hal_tim.o
HAL_TIM_Encoder_Start                             build/stm32f0xx_hal_tim.o
HAL_TIM_Encoder_Start_DMA                         build/stm32f0xx_hal_tim.o
HAL_TIM_Encoder_Start_IT                          build/stm32f0xx_hal_tim.o
HAL_TIM_Encoder_Stop                              build/stm32f0xx_hal_tim.o
HAL_TIM_Encoder_Stop_DMA                          build/stm32f0xx_hal_tim.o
HAL_TIM_Encoder_Stop_IT                           build/stm32f0xx_hal_tim.o
HAL_TIM_ErrorCallback                             build/stm32f0xx_hal_tim.o
HAL_TIM_GenerateEvent                             build/stm32f0xx_hal_tim.o
HAL_TIM_IC_CaptureCallback                        build/stm32f0xx_hal_tim.o
HAL_TIM_IC_CaptureHalfCpltCallback                build/stm32f0xx_hal_tim.o
HAL_TIM_IC_ConfigChannel                          build/stm32f0xx_hal_tim.o
HAL_TIM_IC_DeInit                                 build/stm32f0xx_hal_tim.o
HAL_TIM_IC_GetState                               build/stm32f0xx_hal_tim.o
HAL_TIM_IC_Init                                   build/stm32f0xx_hal_tim.o
HAL_TIM_IC_MspDeInit                              build/stm32f0xx_hal_tim.o
HAL_TIM_IC_MspInit                                build/stm32f0xx_hal_tim.o
HAL_TIM_IC_Start                                  build/stm32f0xx_hal_tim.o
HAL_TIM_IC_Start_DMA                              build/stm32f0xx_hal_tim.o
HAL_TIM_IC_Start_IT                               build/stm32f0xx_hal_tim.o
HAL_TIM_IC_Stop                                   build/stm32f0xx_hal_tim.o
HAL_TIM_IC_Stop_DMA                               build/stm32f0xx_hal_tim.o
HAL_TIM_IC_Stop_IT                                build/stm32f0xx_hal_tim.o
HAL_TIM_IRQHandler                                build/stm32f0xx_hal_tim.o
HAL_TIM_MspPostInit                               build/stm32f0xx_hal_msp.o
                                                  build/main.o
HAL_TIM_OC_ConfigChannel                          build/stm32f0xx_hal_tim.o
HAL_TIM_OC_DeInit                                 build/stm32f0xx_hal_tim.o
HAL_TIM_OC_DelayElapsedCallback                   build/stm32f0xx_hal_tim.o
HAL_TIM_OC_GetState                               build/stm32f0xx_hal_tim.o
HAL_TIM_OC_Init                                   build/stm32f0xx_hal_tim.o
HAL_TIM_OC_MspDeInit                              build/stm32f0xx_hal_tim.o
HAL_TIM_OC_MspInit                                build/stm32f0xx_hal_tim.o
HAL_TIM_OC_Start                                  build/stm32f0xx_hal_tim.o
HAL_TIM_OC_Start_DMA                              build/stm32f0xx_hal_tim.o
HAL_TIM_OC_Start_IT                               build/stm32f0xx_hal_tim.o
HAL_TIM_OC_Stop                                   build/stm32f0xx_hal_tim.o
HAL_TIM_OC_Stop_DMA                               build/stm32f0xx_hal_tim.o
HAL_TIM_OC_Stop_IT                                build/stm32f0xx_hal_tim.o
HAL_TIM_OnePulse_ConfigChannel                    build/stm32f0xx_hal_tim.o
HAL_TIM_OnePulse_DeInit                           build/stm32f0xx_hal_tim.o
HAL_TIM_OnePulse_GetState                         build/stm32f0xx_hal_tim.o
HAL_TIM_OnePulse_Init                             build/stm32f0xx_hal_tim.o
HAL_TIM_OnePulse_MspDeInit                        build/stm32f0xx_hal_tim.o
HAL_TIM_OnePulse_MspInit                          build/stm32f0xx_hal_tim.o
HAL_TIM_OnePulse_Start                            build/stm32f0xx_hal_tim.o
HAL_TIM_OnePulse_Start_IT                         build/stm32f0xx_hal_tim.o
HAL_TIM_OnePulse_Stop                             build/stm32f0xx_hal_tim.o
HAL_TIM_OnePulse_Stop_IT                          build/stm32f0xx_hal_tim.o
HAL_TIM_PWM_ConfigChannel                         build/stm32f0xx_hal_tim.o
                                                  build/main.o
HAL_TIM_PWM_DeInit                                build/stm32f0xx_hal_tim.o
HAL_TIM_PWM_GetState                              build/stm32f0xx_hal_tim.o
HAL_TIM_PWM_Init                                  build/stm32f0xx_hal_tim.o
                                                  build/main.o
HAL_TIM_PWM_MspDeInit                             build/stm32f0xx_hal_tim.o
HAL_TIM_PWM_MspInit                               build/stm32f0xx_hal_tim.o
HAL_TIM_PWM_PulseFinishedCallback                 build/stm32f0xx_hal_tim.o
HAL_TIM_PWM_PulseFinishedHalfCpltCallback         build/stm32f0xx_hal_tim.o
HAL_TIM_PWM_Start                                 build/stm32f0xx_hal_tim.o
HAL_TIM_PWM_Start_DMA                             build/stm32f0xx_hal_tim.o
HAL_TIM_PWM_Start_IT                              build/stm32f0xx_hal_tim.o
HAL_TIM_PWM_Stop                                  build/stm32f0xx_hal_tim.o
HAL_TIM_PWM_Stop_DMA                              build/stm32f0xx_hal_tim.o
HAL_TIM_PWM_Stop_IT                               build/stm32f0xx_hal_tim.o
HAL_TIM_PeriodElapsedCallback                     build/stm32f0xx_hal_tim.o
HAL_TIM_PeriodElapsedHalfCpltCallback             build/stm32f0xx_hal_tim.o
HAL_TIM_ReadCapturedValue                         build/stm32f0xx_hal_tim.o
HAL_TIM_SlaveConfigSynchro                        build/stm32f0xx_hal_tim.o
HAL_TIM_SlaveConfigSynchro_IT                     build/stm32f0xx_hal_tim.o
HAL_TIM_TriggerCallback                           build/stm32f0xx_hal_tim.o
HAL_TIM_TriggerHalfCpltCallback                   build/stm32f0xx_hal_tim.o
HAL_TSC_ConvCpltCallback                          build/stm32f0xx_hal_tsc.o
HAL_TSC_DeInit                                    build/stm32f0xx_hal_tsc.o
HAL_TSC_ErrorCallback                             build/stm32f0xx_hal_tsc.o
HAL_TSC_GetState                                  build/stm32f0xx_hal_tsc.o
HAL_TSC_GroupGetStatus                            build/stm32f0xx_hal_tsc.o
HAL_TSC_GroupGetValue                             build/stm32f0xx_hal_tsc.o
HAL_TSC_IOConfig                                  build/stm32f0xx_hal_tsc.o
HAL_TSC_IODischarge                               build/stm32f0xx_hal_tsc.o
HAL_TSC_IRQHandler                                build/stm32f0xx_hal_tsc.o
                                                  build/stm32f0xx_it.o
HAL_TSC_Init                                      build/stm32f0xx_hal_tsc.o
                                                  build/main.o
HAL_TSC_MspDeInit                                 build/stm32f0xx_hal_msp.o
HAL_TSC_MspInit                                   build/stm32f0xx_hal_msp.o
HAL_TSC_PollForAcquisition                        build/stm32f0xx_hal_tsc.o
HAL_TSC_Start                                     build/stm32f0xx_hal_tsc.o
HAL_TSC_Start_IT                                  build/stm32f0xx_hal_tsc.o
HAL_TSC_Stop                                      build/stm32f0xx_hal_tsc.o
HAL_TSC_Stop_IT                                   build/stm32f0xx_hal_tsc.o
HX711                                             build/main.o
HX_Delay                                          build/main.o
HX_Get_Value                                      build/main.o
HardFault_Handler                                 build/stm32f0xx_it.o
I2C1_IRQHandler                                   build/startup_stm32f072xb.o
I2C2_IRQHandler                                   build/startup_stm32f072xb.o
NMI_Handler                                       build/stm32f0xx_it.o
PVD_VDDIO2_IRQHandler                             build/startup_stm32f072xb.o
PendSV_Handler                                    build/stm32f0xx_it.o
RCC_CRS_IRQHandler                                build/startup_stm32f072xb.o
RTC_IRQHandler                                    build/startup_stm32f072xb.o
Reset_Handler                                     build/startup_stm32f072xb.o
SPI1_IRQHandler                                   build/startup_stm32f072xb.o
SPI2_IRQHandler                                   build/startup_stm32f072xb.o
SVC_Handler                                       build/stm32f0xx_it.o
SysTick_Handler                                   build/stm32f0xx_it.o
SystemClock_Config                                build/main.o
SystemCoreClock                                   build/system_stm32f0xx.o
                                                  build/stm32f0xx_hal_spi.o
                                                  build/stm32f0xx_hal.o
                                                  build/stm32f0xx_hal_rcc.o
SystemCoreClockUpdate                             build/system_stm32f0xx.o
SystemInit                                        build/system_stm32f0xx.o
                                                  build/startup_stm32f072xb.o
TIM14_IRQHandler                                  build/startup_stm32f072xb.o
TIM15_IRQHandler                                  build/startup_stm32f072xb.o
TIM16_IRQHandler                                  build/startup_stm32f072xb.o
TIM17_IRQHandler                                  build/startup_stm32f072xb.o
TIM1_BRK_UP_TRG_COM_IRQHandler                    build/startup_stm32f072xb.o
TIM1_CC_IRQHandler                                build/startup_stm32f072xb.o
TIM2_IRQHandler                                   build/startup_stm32f072xb.o
TIM3_IRQHandler                                   build/startup_stm32f072xb.o
TIM6_DAC_IRQHandler                               build/startup_stm32f072xb.o
TIM7_IRQHandler                                   build/startup_stm32f072xb.o
TIMEx_DMACommutationCplt                          build/stm32f0xx_hal_tim_ex.o
                                                  build/stm32f0xx_hal_tim.o
TIMEx_DMACommutationHalfCplt                      build/stm32f0xx_hal_tim_ex.o
                                                  build/stm32f0xx_hal_tim.o
TIM_Base_SetConfig                                build/stm32f0xx_hal_tim.o
                                                  build/stm32f0xx_hal_tim_ex.o
TIM_CCxChannelCmd                                 build/stm32f0xx_hal_tim.o
                                                  build/stm32f0xx_hal_tim_ex.o
TIM_DMACaptureCplt                                build/stm32f0xx_hal_tim.o
                                                  build/stm32f0xx_hal_tim_ex.o
TIM_DMACaptureHalfCplt                            build/stm32f0xx_hal_tim.o
                                                  build/stm32f0xx_hal_tim_ex.o
TIM_DMADelayPulseCplt                             build/stm32f0xx_hal_tim.o
                                                  build/stm32f0xx_hal_tim_ex.o
TIM_DMADelayPulseHalfCplt                         build/stm32f0xx_hal_tim.o
                                                  build/stm32f0xx_hal_tim_ex.o
TIM_DMAError                                      build/stm32f0xx_hal_tim.o
                                                  build/stm32f0xx_hal_tim_ex.o
TIM_ETR_SetConfig                                 build/stm32f0xx_hal_tim.o
TIM_OC2_SetConfig                                 build/stm32f0xx_hal_tim.o
                                                  build/stm32f0xx_hal_tim_ex.o
TIM_TI1_SetConfig                                 build/stm32f0xx_hal_tim.o
                                                  build/stm32f0xx_hal_tim_ex.o
TSC_IRQHandler                                    build/stm32f0xx_it.o
USART1_IRQHandler                                 build/startup_stm32f072xb.o
USART2_IRQHandler                                 build/startup_stm32f072xb.o
USART3_4_IRQHandler                               build/startup_stm32f072xb.o
USB_ActivateEndpoint                              build/stm32f0xx_ll_usb.o
                                                  build/stm32f0xx_hal_pcd.o
USB_ActivateRemoteWakeup                          build/stm32f0xx_ll_usb.o
                                                  build/stm32f0xx_hal_pcd.o
USB_ClearInterrupts                               build/stm32f0xx_ll_usb.o
USB_CoreInit                                      build/stm32f0xx_ll_usb.o
USB_DeActivateRemoteWakeup                        build/stm32f0xx_ll_usb.o
                                                  build/stm32f0xx_hal_pcd.o
USB_DeactivateEndpoint                            build/stm32f0xx_ll_usb.o
                                                  build/stm32f0xx_hal_pcd.o
USB_DevConnect                                    build/stm32f0xx_ll_usb.o
                                                  build/stm32f0xx_hal_pcd.o
USB_DevDisconnect                                 build/stm32f0xx_ll_usb.o
                                                  build/stm32f0xx_hal_pcd.o
USB_DevInit                                       build/stm32f0xx_ll_usb.o
                                                  build/stm32f0xx_hal_pcd.o
USB_DisableGlobalInt                              build/stm32f0xx_ll_usb.o
                                                  build/stm32f0xx_hal_pcd.o
USB_EP0_OutStart                                  build/stm32f0xx_ll_usb.o
                                                  build/stm32f0xx_hal_pcd.o
USB_EPClearStall                                  build/stm32f0xx_ll_usb.o
                                                  build/stm32f0xx_hal_pcd.o
USB_EPSetStall                                    build/stm32f0xx_ll_usb.o
                                                  build/stm32f0xx_hal_pcd.o
USB_EPStartXfer                                   build/stm32f0xx_ll_usb.o
                                                  build/stm32f0xx_hal_pcd.o
USB_EnableGlobalInt                               build/stm32f0xx_ll_usb.o
                                                  build/stm32f0xx_hal_pcd.o
USB_FlushRxFifo                                   build/stm32f0xx_ll_usb.o
USB_FlushTxFifo                                   build/stm32f0xx_ll_usb.o
USB_IRQHandler                                    build/startup_stm32f072xb.o
USB_ReadDevAllInEpInterrupt                       build/stm32f0xx_ll_usb.o
USB_ReadDevAllOutEpInterrupt                      build/stm32f0xx_ll_usb.o
USB_ReadDevInEPInterrupt                          build/stm32f0xx_ll_usb.o
USB_ReadDevOutEPInterrupt                         build/stm32f0xx_ll_usb.o
USB_ReadInterrupts                                build/stm32f0xx_ll_usb.o
                                                  build/stm32f0xx_hal_pcd.o
USB_ReadPMA                                       build/stm32f0xx_ll_usb.o
                                                  build/stm32f0xx_hal_pcd.o
USB_ReadPacket                                    build/stm32f0xx_ll_usb.o
USB_SetCurrentMode                                build/stm32f0xx_ll_usb.o
USB_SetDevAddress                                 build/stm32f0xx_ll_usb.o
                                                  build/stm32f0xx_hal_pcd.o
USB_SetDevSpeed                                   build/stm32f0xx_ll_usb.o
USB_StopDevice                                    build/stm32f0xx_ll_usb.o
                                                  build/stm32f0xx_hal_pcd.o
USB_WritePMA                                      build/stm32f0xx_ll_usb.o
USB_WritePacket                                   build/stm32f0xx_ll_usb.o
WWDG_IRQHandler                                   build/startup_stm32f072xb.o
__aeabi_idiv0                                     /home/janhenrik/programme/gcc-arm-none-eabi-7-2018-q2-update/bin/../lib/gcc/arm-none-eabi/7.3.1/thumb/v6-m/libgcc.a(_dvmd_tls.o)
                                                  /home/janhenrik/programme/gcc-arm-none-eabi-7-2018-q2-update/bin/../lib/gcc/arm-none-eabi/7.3.1/thumb/v6-m/libgcc.a(_udivsi3.o)
__aeabi_ldiv0                                     /home/janhenrik/programme/gcc-arm-none-eabi-7-2018-q2-update/bin/../lib/gcc/arm-none-eabi/7.3.1/thumb/v6-m/libgcc.a(_dvmd_tls.o)
__aeabi_uidiv                                     /home/janhenrik/programme/gcc-arm-none-eabi-7-2018-q2-update/bin/../lib/gcc/arm-none-eabi/7.3.1/thumb/v6-m/libgcc.a(_udivsi3.o)
                                                  build/system_stm32f0xx.o
                                                  build/stm32f0xx_hal_spi.o
                                                  build/stm32f0xx_hal_dma.o
                                                  build/stm32f0xx_hal.o
                                                  build/stm32f0xx_hal_rcc_ex.o
                                                  build/stm32f0xx_hal_rcc.o
__aeabi_uidivmod                                  /home/janhenrik/programme/gcc-arm-none-eabi-7-2018-q2-update/bin/../lib/gcc/arm-none-eabi/7.3.1/thumb/v6-m/libgcc.a(_udivsi3.o)
__bss_end__                                       /home/janhenrik/programme/gcc-arm-none-eabi-7-2018-q2-update/bin/../lib/gcc/arm-none-eabi/7.3.1/../../../../arm-none-eabi/lib/thumb/v6-m/crt0.o
__bss_start__                                     /home/janhenrik/programme/gcc-arm-none-eabi-7-2018-q2-update/bin/../lib/gcc/arm-none-eabi/7.3.1/../../../../arm-none-eabi/lib/thumb/v6-m/crt0.o
__call_exitprocs                                  /home/janhenrik/programme/gcc-arm-none-eabi-7-2018-q2-update/bin/../lib/gcc/arm-none-eabi/7.3.1/../../../../arm-none-eabi/lib/thumb/v6-m/libc_nano.a(lib_a-exit.o)
__deregister_frame_info                           /home/janhenrik/programme/gcc-arm-none-eabi-7-2018-q2-update/bin/../lib/gcc/arm-none-eabi/7.3.1/thumb/v6-m/crtbegin.o
__dso_handle                                      /home/janhenrik/programme/gcc-arm-none-eabi-7-2018-q2-update/bin/../lib/gcc/arm-none-eabi/7.3.1/thumb/v6-m/crtbegin.o
__init_array_end                                  /home/janhenrik/programme/gcc-arm-none-eabi-7-2018-q2-update/bin/../lib/gcc/arm-none-eabi/7.3.1/../../../../arm-none-eabi/lib/thumb/v6-m/libc_nano.a(lib_a-init.o)
__init_array_start                                /home/janhenrik/programme/gcc-arm-none-eabi-7-2018-q2-update/bin/../lib/gcc/arm-none-eabi/7.3.1/../../../../arm-none-eabi/lib/thumb/v6-m/libc_nano.a(lib_a-init.o)
__libc_fini_array                                 /home/janhenrik/programme/gcc-arm-none-eabi-7-2018-q2-update/bin/../lib/gcc/arm-none-eabi/7.3.1/../../../../arm-none-eabi/lib/thumb/v6-m/crt0.o
__libc_init_array                                 /home/janhenrik/programme/gcc-arm-none-eabi-7-2018-q2-update/bin/../lib/gcc/arm-none-eabi/7.3.1/../../../../arm-none-eabi/lib/thumb/v6-m/libc_nano.a(lib_a-init.o)
                                                  build/startup_stm32f072xb.o
                                                  /home/janhenrik/programme/gcc-arm-none-eabi-7-2018-q2-update/bin/../lib/gcc/arm-none-eabi/7.3.1/../../../../arm-none-eabi/lib/thumb/v6-m/crt0.o
__preinit_array_end                               /home/janhenrik/programme/gcc-arm-none-eabi-7-2018-q2-update/bin/../lib/gcc/arm-none-eabi/7.3.1/../../../../arm-none-eabi/lib/thumb/v6-m/libc_nano.a(lib_a-init.o)
__preinit_array_start                             /home/janhenrik/programme/gcc-arm-none-eabi-7-2018-q2-update/bin/../lib/gcc/arm-none-eabi/7.3.1/../../../../arm-none-eabi/lib/thumb/v6-m/libc_nano.a(lib_a-init.o)
__register_frame_info                             /home/janhenrik/programme/gcc-arm-none-eabi-7-2018-q2-update/bin/../lib/gcc/arm-none-eabi/7.3.1/thumb/v6-m/crtbegin.o
__sf_fake_stderr                                  /home/janhenrik/programme/gcc-arm-none-eabi-7-2018-q2-update/bin/../lib/gcc/arm-none-eabi/7.3.1/../../../../arm-none-eabi/lib/thumb/v6-m/libc_nano.a(lib_a-impure.o)
__sf_fake_stdin                                   /home/janhenrik/programme/gcc-arm-none-eabi-7-2018-q2-update/bin/../lib/gcc/arm-none-eabi/7.3.1/../../../../arm-none-eabi/lib/thumb/v6-m/libc_nano.a(lib_a-impure.o)
__sf_fake_stdout                                  /home/janhenrik/programme/gcc-arm-none-eabi-7-2018-q2-update/bin/../lib/gcc/arm-none-eabi/7.3.1/../../../../arm-none-eabi/lib/thumb/v6-m/libc_nano.a(lib_a-impure.o)
__stack                                           /home/janhenrik/programme/gcc-arm-none-eabi-7-2018-q2-update/bin/../lib/gcc/arm-none-eabi/7.3.1/../../../../arm-none-eabi/lib/thumb/v6-m/crt0.o
__udivsi3                                         /home/janhenrik/programme/gcc-arm-none-eabi-7-2018-q2-update/bin/../lib/gcc/arm-none-eabi/7.3.1/thumb/v6-m/libgcc.a(_udivsi3.o)
_ebss                                             build/startup_stm32f072xb.o
_edata                                            build/startup_stm32f072xb.o
_estack                                           build/startup_stm32f072xb.o
_exit                                             /home/janhenrik/programme/gcc-arm-none-eabi-7-2018-q2-update/bin/../lib/gcc/arm-none-eabi/7.3.1/../../../../arm-none-eabi/lib/thumb/v6-m/libnosys.a(_exit.o)
                                                  /home/janhenrik/programme/gcc-arm-none-eabi-7-2018-q2-update/bin/../lib/gcc/arm-none-eabi/7.3.1/../../../../arm-none-eabi/lib/thumb/v6-m/libc_nano.a(lib_a-exit.o)
_fini                                             /home/janhenrik/programme/gcc-arm-none-eabi-7-2018-q2-update/bin/../lib/gcc/arm-none-eabi/7.3.1/thumb/v6-m/crti.o