Archive member included to satisfy reference by file (symbol)

/usr/lib/gcc/arm-none-eabi/7.3.1/../../../arm-none-eabi/lib/thumb/v6-m/libc_nano.a(lib_a-atexit.o)
                              /usr/lib/gcc/arm-none-eabi/7.3.1/../../../arm-none-eabi/lib/thumb/v6-m/crt0.o (atexit)
/usr/lib/gcc/arm-none-eabi/7.3.1/../../../arm-none-eabi/lib/thumb/v6-m/libc_nano.a(lib_a-exit.o)
                              /usr/lib/gcc/arm-none-eabi/7.3.1/../../../arm-none-eabi/lib/thumb/v6-m/crt0.o (exit)
/usr/lib/gcc/arm-none-eabi/7.3.1/../../../arm-none-eabi/lib/thumb/v6-m/libc_nano.a(lib_a-fini.o)
                              /usr/lib/gcc/arm-none-eabi/7.3.1/../../../arm-none-eabi/lib/thumb/v6-m/crt0.o (__libc_fini_array)
/usr/lib/gcc/arm-none-eabi/7.3.1/../../../arm-none-eabi/lib/thumb/v6-m/libc_nano.a(lib_a-impure.o)
                              /usr/lib/gcc/arm-none-eabi/7.3.1/../../../arm-none-eabi/lib/thumb/v6-m/libc_nano.a(lib_a-exit.o) (_global_impure_ptr)
/usr/lib/gcc/arm-none-eabi/7.3.1/../../../arm-none-eabi/lib/thumb/v6-m/libc_nano.a(lib_a-init.o)
                              /usr/lib/gcc/arm-none-eabi/7.3.1/../../../arm-none-eabi/lib/thumb/v6-m/crt0.o (__libc_init_array)
/usr/lib/gcc/arm-none-eabi/7.3.1/../../../arm-none-eabi/lib/thumb/v6-m/libc_nano.a(lib_a-memset.o)
                              /usr/lib/gcc/arm-none-eabi/7.3.1/../../../arm-none-eabi/lib/thumb/v6-m/crt0.o (memset)
/usr/lib/gcc/arm-none-eabi/7.3.1/../../../arm-none-eabi/lib/thumb/v6-m/libc_nano.a(lib_a-sprintf.o)
                              build/main.o (sprintf)
/usr/lib/gcc/arm-none-eabi/7.3.1/../../../arm-none-eabi/lib/thumb/v6-m/libc_nano.a(lib_a-__atexit.o)
                              /usr/lib/gcc/arm-none-eabi/7.3.1/../../../arm-none-eabi/lib/thumb/v6-m/libc_nano.a(lib_a-atexit.o) (__register_exitproc)
/usr/lib/gcc/arm-none-eabi/7.3.1/../../../arm-none-eabi/lib/thumb/v6-m/libc_nano.a(lib_a-__call_atexit.o)
                              /usr/lib/gcc/arm-none-eabi/7.3.1/../../../arm-none-eabi/lib/thumb/v6-m/libc_nano.a(lib_a-__atexit.o) (__call_exitprocs)
/usr/lib/gcc/arm-none-eabi/7.3.1/../../../arm-none-eabi/lib/thumb/v6-m/libc_nano.a(lib_a-nano-svfprintf.o)
                              /usr/lib/gcc/arm-none-eabi/7.3.1/../../../arm-none-eabi/lib/thumb/v6-m/libc_nano.a(lib_a-sprintf.o) (_svfprintf_r)
/usr/lib/gcc/arm-none-eabi/7.3.1/../../../arm-none-eabi/lib/thumb/v6-m/libc_nano.a(lib_a-nano-vfprintf_i.o)
                              /usr/lib/gcc/arm-none-eabi/7.3.1/../../../arm-none-eabi/lib/thumb/v6-m/libc_nano.a(lib_a-nano-svfprintf.o) (_printf_i)
/usr/lib/gcc/arm-none-eabi/7.3.1/../../../arm-none-eabi/lib/thumb/v6-m/libc_nano.a(lib_a-memchr-stub.o)
                              /usr/lib/gcc/arm-none-eabi/7.3.1/../../../arm-none-eabi/lib/thumb/v6-m/libc_nano.a(lib_a-nano-svfprintf.o) (memchr)
/usr/lib/gcc/arm-none-eabi/7.3.1/../../../arm-none-eabi/lib/thumb/v6-m/libc_nano.a(lib_a-memcpy-stub.o)
                              /usr/lib/gcc/arm-none-eabi/7.3.1/../../../arm-none-eabi/lib/thumb/v6-m/libc_nano.a(lib_a-nano-svfprintf.o) (memcpy)
/usr/lib/gcc/arm-none-eabi/7.3.1/../../../arm-none-eabi/lib/thumb/v6-m/libc_nano.a(lib_a-memmove.o)
                              /usr/lib/gcc/arm-none-eabi/7.3.1/../../../arm-none-eabi/lib/thumb/v6-m/libc_nano.a(lib_a-nano-svfprintf.o) (memmove)
/usr/lib/gcc/arm-none-eabi/7.3.1/../../../arm-none-eabi/lib/thumb/v6-m/libc_nano.a(lib_a-nano-freer.o)
                              /usr/lib/gcc/arm-none-eabi/7.3.1/../../../arm-none-eabi/lib/thumb/v6-m/libc_nano.a(lib_a-nano-svfprintf.o) (_free_r)
/usr/lib/gcc/arm-none-eabi/7.3.1/../../../arm-none-eabi/lib/thumb/v6-m/libc_nano.a(lib_a-nano-mallocr.o)
                              /usr/lib/gcc/arm-none-eabi/7.3.1/../../../arm-none-eabi/lib/thumb/v6-m/libc_nano.a(lib_a-nano-svfprintf.o) (_malloc_r)
/usr/lib/gcc/arm-none-eabi/7.3.1/../../../arm-none-eabi/lib/thumb/v6-m/libc_nano.a(lib_a-nano-reallocr.o)
                              /usr/lib/gcc/arm-none-eabi/7.3.1/../../../arm-none-eabi/lib/thumb/v6-m/libc_nano.a(lib_a-nano-svfprintf.o) (_realloc_r)
/usr/lib/gcc/arm-none-eabi/7.3.1/../../../arm-none-eabi/lib/thumb/v6-m/libc_nano.a(lib_a-sbrkr.o)
                              /usr/lib/gcc/arm-none-eabi/7.3.1/../../../arm-none-eabi/lib/thumb/v6-m/libc_nano.a(lib_a-nano-mallocr.o) (_sbrk_r)
/usr/lib/gcc/arm-none-eabi/7.3.1/../../../arm-none-eabi/lib/thumb/v6-m/libc_nano.a(lib_a-mlock.o)
                              /usr/lib/gcc/arm-none-eabi/7.3.1/../../../arm-none-eabi/lib/thumb/v6-m/libc_nano.a(lib_a-nano-freer.o) (__malloc_lock)
/usr/lib/gcc/arm-none-eabi/7.3.1/../../../arm-none-eabi/lib/thumb/v6-m/libc_nano.a(lib_a-nano-msizer.o)
                              /usr/lib/gcc/arm-none-eabi/7.3.1/../../../arm-none-eabi/lib/thumb/v6-m/libc_nano.a(lib_a-nano-reallocr.o) (_malloc_usable_size_r)
/usr/lib/gcc/arm-none-eabi/7.3.1/../../../arm-none-eabi/lib/thumb/v6-m/libc_nano.a(lib_a-reent.o)
[...]
Memory Configuration

Name             Origin             Length             Attributes
RAM              0x0000000020000000 0x0000000000004000 xrw
FLASH            0x0000000008000000 0x0000000000020000 xr
*default*        0x0000000000000000 0xffffffffffffffff

Linker script and memory map

LOAD /usr/lib/gcc/arm-none-eabi/7.3.1/thumb/v6-m/crti.o
LOAD /usr/lib/gcc/arm-none-eabi/7.3.1/thumb/v6-m/crtbegin.o
LOAD /usr/lib/gcc/arm-none-eabi/7.3.1/../../../arm-none-eabi/lib/thumb/v6-m/crt0.o
LOAD build/main.o
LOAD build/stm32f0xx_it.o
LOAD build/stm32f0xx_hal_msp.o
LOAD build/stm32f0xx_ll_usb.o
LOAD build/stm32f0xx_hal_i2c.o
LOAD build/stm32f0xx_hal_i2c_ex.o
LOAD build/stm32f0xx_hal_rcc.o
LOAD build/stm32f0xx_hal_rcc_ex.o
LOAD build/stm32f0xx_hal.o
LOAD build/stm32f0xx_hal_gpio.o
LOAD build/stm32f0xx_hal_dma.o
LOAD build/stm32f0xx_hal_cortex.o
LOAD build/stm32f0xx_hal_pwr.o
LOAD build/stm32f0xx_hal_pwr_ex.o
LOAD build/stm32f0xx_hal_flash.o
LOAD build/stm32f0xx_hal_flash_ex.o
LOAD build/stm32f0xx_hal_exti.o
LOAD build/stm32f0xx_hal_spi.o
LOAD build/stm32f0xx_hal_spi_ex.o
LOAD build/stm32f0xx_hal_tim.o
LOAD build/stm32f0xx_hal_tim_ex.o
LOAD build/stm32f0xx_hal_tsc.o
LOAD build/stm32f0xx_hal_pcd.o
LOAD build/stm32f0xx_hal_pcd_ex.o
LOAD build/font24.o
LOAD build/graphics.o
LOAD build/system_stm32f0xx.o
LOAD build/startup_stm32f072xb.o
LOAD /usr/lib/gcc/arm-none-eabi/7.3.1/../../../arm-none-eabi/lib/thumb/v6-m/libc_nano.a
LOAD /usr/lib/gcc/arm-none-eabi/7.3.1/../../../arm-none-eabi/lib/thumb/v6-m/libm.a
LOAD /usr/lib/gcc/arm-none-eabi/7.3.1/../../../arm-none-eabi/lib/thumb/v6-m/libnosys.a
START GROUP
LOAD /usr/lib/gcc/arm-none-eabi/7.3.1/thumb/v6-m/libgcc.a
LOAD /usr/lib/gcc/arm-none-eabi/7.3.1/../../../arm-none-eabi/lib/thumb/v6-m/libc_nano.a
END GROUP
START GROUP
LOAD /usr/lib/gcc/arm-none-eabi/7.3.1/thumb/v6-m/libgcc.a
LOAD /usr/lib/gcc/arm-none-eabi/7.3.1/../../../arm-none-eabi/lib/thumb/v6-m/libc_nano.a
END GROUP
LOAD /usr/lib/gcc/arm-none-eabi/7.3.1/thumb/v6-m/crtend.o
LOAD /usr/lib/gcc/arm-none-eabi/7.3.1/thumb/v6-m/crtn.o
                0x0000000020004000                _estack = 0x20004000
                0x0000000000000200                _Min_Heap_Size = 0x200
                0x0000000000000400                _Min_Stack_Size = 0x400

.isr_vector     0x0000000008000000       0xc0
                0x0000000008000000                . = ALIGN (0x4)
 *(.isr_vector)
 .isr_vector    0x0000000008000000       0xc0 build/startup_stm32f072xb.o
                0x0000000008000000                g_pfnVectors
                0x00000000080000c0                . = ALIGN (0x4)

.text           0x00000000080000c0     0x4bb0
                0x00000000080000c0                . = ALIGN (0x4)
 *(.text)
 .text          0x00000000080000c0       0x98 /usr/lib/gcc/arm-none-eabi/7.3.1/thumb/v6-m/crtbegin.o
 .text          0x0000000008000158       0x48 /usr/lib/gcc/arm-none-eabi/7.3.1/../../../arm-none-eabi/lib/thumb/v6-m/libc_nano.a(lib_a-init.o)
                0x0000000008000158                __libc_init_array
 .text          0x00000000080001a0       0x9c /usr/lib/gcc/arm-none-eabi/7.3.1/../../../arm-none-eabi/lib/thumb/v6-m/libc_nano.a(lib_a-memset.o)
                0x00000000080001a0                memset
 .text          0x000000000800023c       0x78 /usr/lib/gcc/arm-none-eabi/7.3.1/../../../arm-none-eabi/lib/thumb/v6-m/libc_nano.a(lib_a-sprintf.o)
                0x000000000800023c                _siprintf_r
                0x000000000800023c                _sprintf_r
                0x0000000008000274                sprintf
                0x0000000008000274                siprintf
 .text          0x00000000080002b4      0x458 /usr/lib/gcc/arm-none-eabi/7.3.1/../../../arm-none-eabi/lib/thumb/v6-m/libc_nano.a(lib_a-nano-svfprintf.o)
                0x00000000080002b4                __ssputs_r
                0x0000000008000384                __ssprint_r
                0x000000000800049c                _svfprintf_r
                0x000000000800049c                _svfiprintf_r
 .text          0x000000000800070c      0x3cc /usr/lib/gcc/arm-none-eabi/7.3.1/../../../arm-none-eabi/lib/thumb/v6-m/libc_nano.a(lib_a-nano-vfprintf_i.o)
                0x000000000800070c                _printf_common
                0x0000000008000834                _printf_i
 .text          0x0000000008000ad8       0x80 /usr/lib/gcc/arm-none-eabi/7.3.1/../../../arm-none-eabi/lib/thumb/v6-m/libc_nano.a(lib_a-memchr-stub.o)
                0x0000000008000ad8                memchr
 .text          0x0000000008000b58       0x88 /usr/lib/gcc/arm-none-eabi/7.3.1/../../../arm-none-eabi/lib/thumb/v6-m/libc_nano.a(lib_a-memcpy-stub.o)
                0x0000000008000b58                memcpy
 .text          0x0000000008000be0       0x9c /usr/lib/gcc/arm-none-eabi/7.3.1/../../../arm-none-eabi/lib/thumb/v6-m/libc_nano.a(lib_a-memmove.o)
                0x0000000008000be0                memmove
 .text          0x0000000008000c7c       0xac /usr/lib/gcc/arm-none-eabi/7.3.1/../../../arm-none-eabi/lib/thumb/v6-m/libc_nano.a(lib_a-nano-freer.o)
                0x0000000008000c7c                _free_r
 .text          0x0000000008000d28       0xcc /usr/lib/gcc/arm-none-eabi/7.3.1/../../../arm-none-eabi/lib/thumb/v6-m/libc_nano.a(lib_a-nano-mallocr.o)
                0x0000000008000d28                _malloc_r
 .text          0x0000000008000df4       0x50 /usr/lib/gcc/arm-none-eabi/7.3.1/../../../arm-none-eabi/lib/thumb/v6-m/libc_nano.a(lib_a-nano-reallocr.o)
                0x0000000008000df4                _realloc_r
 .text          0x0000000008000e44       0x24 /usr/lib/gcc/arm-none-eabi/7.3.1/../../../arm-none-eabi/lib/thumb/v6-m/libc_nano.a(lib_a-sbrkr.o)
                0x0000000008000e44                _sbrk_r
 .text          0x0000000008000e68        0x8 /usr/lib/gcc/arm-none-eabi/7.3.1/../../../arm-none-eabi/lib/thumb/v6-m/libc_nano.a(lib_a-mlock.o)
                0x0000000008000e68                __malloc_lock
                0x0000000008000e6c                __malloc_unlock
 .text          0x0000000008000e70       0x14 /usr/lib/gcc/arm-none-eabi/7.3.1/../../../arm-none-eabi/lib/thumb/v6-m/libc_nano.a(lib_a-nano-msizer.o)
                0x0000000008000e70                _malloc_usable_size_r
 .text          0x0000000008000e84       0x1c /usr/lib/gcc/arm-none-eabi/7.3.1/../../../arm-none-eabi/lib/thumb/v6-m/libnosys.a(sbrk.o)
                0x0000000008000e84                _sbrk
 .text          0x0000000008000ea0      0x114 /usr/lib/gcc/arm-none-eabi/7.3.1/thumb/v6-m/libgcc.a(_udivsi3.o)
                0x0000000008000ea0                __udivsi3
                0x0000000008000ea0                __aeabi_uidiv
                0x0000000008000fac                __aeabi_uidivmod
 .text          0x0000000008000fb4        0x4 /usr/lib/gcc/arm-none-eabi/7.3.1/thumb/v6-m/libgcc.a(_dvmd_tls.o)
                0x0000000008000fb4                __aeabi_ldiv0
                0x0000000008000fb4                __aeabi_idiv0
 .text          0x0000000008000fb8       0x7c /usr/lib/gcc/arm-none-eabi/7.3.1/thumb/v6-m/libgcc.a(_arm_cmpdf2.o)
                0x0000000008000fb8                __aeabi_cdrcmple
                0x0000000008000fc8                __aeabi_cdcmple
                0x0000000008000fc8                __aeabi_cdcmpeq
                0x0000000008000fd8                __aeabi_dcmpeq
                0x0000000008000fe4                __aeabi_dcmplt
                0x0000000008000ff8                __aeabi_dcmple
                0x000000000800100c                __aeabi_dcmpgt
                0x0000000008001020                __aeabi_dcmpge
 .text          0x0000000008001034      0x334 /usr/lib/gcc/arm-none-eabi/7.3.1/thumb/v6-m/libgcc.a(addsf3.o)
                0x0000000008001034                __aeabi_fadd
 .text          0x0000000008001368      0x224 /usr/lib/gcc/arm-none-eabi/7.3.1/thumb/v6-m/libgcc.a(divsf3.o)
                0x0000000008001368                __aeabi_fdiv
 .text          0x000000000800158c      0x264 /usr/lib/gcc/arm-none-eabi/7.3.1/thumb/v6-m/libgcc.a(mulsf3.o)
                0x000000000800158c                __aeabi_fmul
 .text          0x00000000080017f0      0x388 /usr/lib/gcc/arm-none-eabi/7.3.1/thumb/v6-m/libgcc.a(subsf3.o)
                0x00000000080017f0                __aeabi_fsub
 .text          0x0000000008001b78       0x40 /usr/lib/gcc/arm-none-eabi/7.3.1/thumb/v6-m/libgcc.a(fixsfsi.o)
                0x0000000008001b78                __aeabi_f2iz
 .text          0x0000000008001bb8       0x94 /usr/lib/gcc/arm-none-eabi/7.3.1/thumb/v6-m/libgcc.a(floatsisf.o)
                0x0000000008001bb8                __aeabi_i2f
 .text          0x0000000008001c4c       0x78 /usr/lib/gcc/arm-none-eabi/7.3.1/thumb/v6-m/libgcc.a(eqdf2.o)
                0x0000000008001c4c                __eqdf2
                0x0000000008001c4c                __nedf2
 .text          0x0000000008001cc4       0xc8 /usr/lib/gcc/arm-none-eabi/7.3.1/thumb/v6-m/libgcc.a(gedf2.o)
                0x0000000008001cc4                __gtdf2
                0x0000000008001cc4                __gedf2
 .text          0x0000000008001d8c       0xd0 /usr/lib/gcc/arm-none-eabi/7.3.1/thumb/v6-m/libgcc.a(ledf2.o)
                0x0000000008001d8c                __ltdf2
                0x0000000008001d8c                __ledf2
 .text          0x0000000008001e5c       0xa4 /usr/lib/gcc/arm-none-eabi/7.3.1/thumb/v6-m/libgcc.a(extendsfdf2.o)
                0x0000000008001e5c                __aeabi_f2d
 .text          0x0000000008001f00       0x3c /usr/lib/gcc/arm-none-eabi/7.3.1/thumb/v6-m/libgcc.a(_clzsi2.o)
                0x0000000008001f00                __clzsi2
 *(.text*)
 .text.MX_GPIO_Init
                0x0000000008001f3c       0xdc build/main.o
 .text.MX_DMA_Init
                0x0000000008002018       0x30 build/main.o
 .text.MX_I2C2_Init
                0x0000000008002048       0x44 build/main.o
 .text.MX_SPI1_Init
                0x000000000800208c       0x44 build/main.o
 .text.MX_TIM1_Init
                0x00000000080020d0       0xb4 build/main.o
 .text.MX_TIM16_Init
                0x0000000008002184       0x88 build/main.o
 .text.MX_TSC_Init
                0x000000000800220c       0x58 build/main.o
 .text.MX_USB_PCD_Init
                0x0000000008002264       0x28 build/main.o
 .text.HX_Get_Value
                0x000000000800228c      0x118 build/main.o
                0x000000000800228c                HX_Get_Value
 .text.TSC_task
                0x00000000080023a4       0x98 build/main.o
                0x00000000080023a4                TSC_task
 .text.SystemClock_Config
                0x000000000800243c       0x58 build/main.o
                0x000000000800243c                SystemClock_Config
 .text.main     0x0000000008002494      0x228 build/main.o
                0x0000000008002494                main
 .text.Error_Handler
                0x00000000080026bc       0x14 build/main.o
                0x00000000080026bc                Error_Handler
 .text.NMI_Handler
                0x00000000080026d0        0x2 build/stm32f0xx_it.o
                0x00000000080026d0                NMI_Handler
 .text.HardFault_Handler
                0x00000000080026d2        0x2 build/stm32f0xx_it.o
                0x00000000080026d2                HardFault_Handler
 .text.SVC_Handler
                0x00000000080026d4        0x2 build/stm32f0xx_it.o
                0x00000000080026d4                SVC_Handler
 .text.PendSV_Handler
                0x00000000080026d6        0x2 build/stm32f0xx_it.o
                0x00000000080026d6                PendSV_Handler
 .text.SysTick_Handler
                0x00000000080026d8        0x8 build/stm32f0xx_it.o
                0x00000000080026d8                SysTick_Handler
 .text.TSC_IRQHandler
                0x00000000080026e0       0x14 build/stm32f0xx_it.o
                0x00000000080026e0                TSC_IRQHandler
 .text.DMA1_Channel2_3_IRQHandler
                0x00000000080026f4       0x10 build/stm32f0xx_it.o
                0x00000000080026f4                DMA1_Channel2_3_IRQHandler
 .text.HAL_MspInit
                0x0000000008002704       0x30 build/stm32f0xx_hal_msp.o
                0x0000000008002704                HAL_MspInit
 .text.HAL_I2C_MspInit
                0x0000000008002734       0x6c build/stm32f0xx_hal_msp.o
                0x0000000008002734                HAL_I2C_MspInit
 .text.HAL_SPI_MspInit
                0x00000000080027a0       0x9c build/stm32f0xx_hal_msp.o
                0x00000000080027a0                HAL_SPI_MspInit
 .text.HAL_TIM_Base_MspInit
                0x000000000800283c       0x4c build/stm32f0xx_hal_msp.o
                0x000000000800283c                HAL_TIM_Base_MspInit
 .text.HAL_TIM_MspPostInit
                0x0000000008002888       0x88 build/stm32f0xx_hal_msp.o
                0x0000000008002888                HAL_TIM_MspPostInit
 .text.HAL_TSC_MspInit
                0x0000000008002910       0x8c build/stm32f0xx_hal_msp.o
                0x0000000008002910                HAL_TSC_MspInit
 .text.HAL_PCD_MspInit
                0x000000000800299c       0x2c build/stm32f0xx_hal_msp.o
                0x000000000800299c                HAL_PCD_MspInit
 .text.USB_EnableGlobalInt
                0x00000000080029c8       0x14 build/stm32f0xx_ll_usb.o
                0x00000000080029c8                USB_EnableGlobalInt
 .text.USB_DisableGlobalInt
                0x00000000080029dc       0x14 build/stm32f0xx_ll_usb.o
                0x00000000080029dc                USB_DisableGlobalInt
 .text.USB_DevInit
                0x00000000080029f0       0x2a build/stm32f0xx_ll_usb.o
                0x00000000080029f0                USB_DevInit
 *fill*         0x0000000008002a1a        0x2 
 .text.HAL_I2C_Init
                0x0000000008002a1c       0xcc build/stm32f0xx_hal_i2c.o
                0x0000000008002a1c                HAL_I2C_Init
 .text.HAL_I2CEx_ConfigAnalogFilter
                0x0000000008002ae8       0x58 build/stm32f0xx_hal_i2c_ex.o
                0x0000000008002ae8                HAL_I2CEx_ConfigAnalogFilter
 .text.HAL_I2CEx_ConfigDigitalFilter
                0x0000000008002b40       0x54 build/stm32f0xx_hal_i2c_ex.o
                0x0000000008002b40                HAL_I2CEx_ConfigDigitalFilter
 .text.HAL_RCC_OscConfig
                0x0000000008002b94      0x540 build/stm32f0xx_hal_rcc.o
                0x0000000008002b94                HAL_RCC_OscConfig
 .text.HAL_RCC_GetSysClockFreq
                0x00000000080030d4       0x94 build/stm32f0xx_hal_rcc.o
                0x00000000080030d4                HAL_RCC_GetSysClockFreq
 .text.HAL_RCC_ClockConfig
                0x0000000008003168      0x140 build/stm32f0xx_hal_rcc.o
                0x0000000008003168                HAL_RCC_ClockConfig
 .text.HAL_RCCEx_PeriphCLKConfig
                0x00000000080032a8      0x158 build/stm32f0xx_hal_rcc_ex.o
                0x00000000080032a8                HAL_RCCEx_PeriphCLKConfig
 .text.HAL_InitTick
                0x0000000008003400       0x50 build/stm32f0xx_hal.o
                0x0000000008003400                HAL_InitTick
 .text.HAL_Init
                0x0000000008003450       0x20 build/stm32f0xx_hal.o
                0x0000000008003450                HAL_Init
 .text.HAL_IncTick
                0x0000000008003470       0x18 build/stm32f0xx_hal.o
                0x0000000008003470                HAL_IncTick
 .text.HAL_GetTick
                0x0000000008003488        0xc build/stm32f0xx_hal.o
                0x0000000008003488                HAL_GetTick
 .text.HAL_Delay
                0x0000000008003494       0x24 build/stm32f0xx_hal.o
                0x0000000008003494                HAL_Delay
 .text.HAL_GPIO_Init
                0x00000000080034b8      0x198 build/stm32f0xx_hal_gpio.o
                0x00000000080034b8                HAL_GPIO_Init
 .text.HAL_GPIO_ReadPin
                0x0000000008003650        0xe build/stm32f0xx_hal_gpio.o
                0x0000000008003650                HAL_GPIO_ReadPin
 .text.HAL_GPIO_WritePin
                0x000000000800365e        0xc build/stm32f0xx_hal_gpio.o
                0x000000000800365e                HAL_GPIO_WritePin
 .text.HAL_GPIO_TogglePin
                0x000000000800366a       0x10 build/stm32f0xx_hal_gpio.o
                0x000000000800366a                HAL_GPIO_TogglePin
 .text.DMA_SetConfig
                0x000000000800367a       0x2a build/stm32f0xx_hal_dma.o
 .text.DMA_CalcBaseAndBitshift
                0x00000000080036a4       0x28 build/stm32f0xx_hal_dma.o
 .text.HAL_DMA_Init
                0x00000000080036cc       0x50 build/stm32f0xx_hal_dma.o
                0x00000000080036cc                HAL_DMA_Init
 .text.HAL_DMA_Start_IT
                0x000000000800371c       0x76 build/stm32f0xx_hal_dma.o
                0x000000000800371c                HAL_DMA_Start_IT
 .text.HAL_DMA_IRQHandler
                0x0000000008003792       0xaa build/stm32f0xx_hal_dma.o
                0x0000000008003792                HAL_DMA_IRQHandler
 .text.HAL_NVIC_SetPriority
                0x000000000800383c       0x64 build/stm32f0xx_hal_cortex.o
                0x000000000800383c                HAL_NVIC_SetPriority
 .text.HAL_NVIC_EnableIRQ
                0x00000000080038a0       0x18 build/stm32f0xx_hal_cortex.o
                0x00000000080038a0                HAL_NVIC_EnableIRQ
 .text.HAL_SYSTICK_Config
                0x00000000080038b8       0x38 build/stm32f0xx_hal_cortex.o
                0x00000000080038b8                HAL_SYSTICK_Config
 .text.SPI_WaitFlagStateUntilTimeout
                0x00000000080038f0       0x9c build/stm32f0xx_hal_spi.o
 .text.SPI_WaitFifoStateUntilTimeout
                0x000000000800398c       0xa8 build/stm32f0xx_hal_spi.o
 .text.SPI_EndRxTxTransaction
                0x0000000008003a34       0x68 build/stm32f0xx_hal_spi.o
 .text.HAL_SPI_Init
                0x0000000008003a9c       0xcc build/stm32f0xx_hal_spi.o
                0x0000000008003a9c                HAL_SPI_Init
 .text.HAL_SPI_Transmit_DMA
                0x0000000008003b68      0x130 build/stm32f0xx_hal_spi.o
                0x0000000008003b68                HAL_SPI_Transmit_DMA
 .text.HAL_SPI_TxCpltCallback
                0x0000000008003c98        0x2 build/stm32f0xx_hal_spi.o
                0x0000000008003c98                HAL_SPI_TxCpltCallback
 .text.HAL_SPI_TxHalfCpltCallback
                0x0000000008003c9a        0x2 build/stm32f0xx_hal_spi.o
                0x0000000008003c9a                HAL_SPI_TxHalfCpltCallback
 .text.SPI_DMAHalfTransmitCplt
                0x0000000008003c9c        0xa build/stm32f0xx_hal_spi.o
 .text.HAL_SPI_ErrorCallback
                0x0000000008003ca6        0x2 build/stm32f0xx_hal_spi.o
                0x0000000008003ca6                HAL_SPI_ErrorCallback
 .text.SPI_DMAError
                0x0000000008003ca8       0x22 build/stm32f0xx_hal_spi.o
 .text.SPI_DMATransmitCplt
                0x0000000008003cca       0x74 build/stm32f0xx_hal_spi.o
 *fill*         0x0000000008003d3e        0x2 
 .text.TIM_OC1_SetConfig
                0x0000000008003d40       0x88 build/stm32f0xx_hal_tim.o
 .text.TIM_OC3_SetConfig
                0x0000000008003dc8       0x90 build/stm32f0xx_hal_tim.o
 .text.TIM_OC4_SetConfig
                0x0000000008003e58       0x74 build/stm32f0xx_hal_tim.o
 .text.TIM_TI1_ConfigInputStage
                0x0000000008003ecc       0x22 build/stm32f0xx_hal_tim.o
 *fill*         0x0000000008003eee        0x2 
 .text.TIM_TI2_ConfigInputStage
                0x0000000008003ef0       0x28 build/stm32f0xx_hal_tim.o
 .text.TIM_ITRx_SetConfig
                0x0000000008003f18       0x12 build/stm32f0xx_hal_tim.o
 .text.HAL_TIM_Base_Start
                0x0000000008003f2a       0x24 build/stm32f0xx_hal_tim.o
                0x0000000008003f2a                HAL_TIM_Base_Start
 .text.HAL_TIM_PWM_MspInit
                0x0000000008003f4e        0x2 build/stm32f0xx_hal_tim.o
                0x0000000008003f4e                HAL_TIM_PWM_MspInit
 .text.TIM_Base_SetConfig
                0x0000000008003f50       0xa4 build/stm32f0xx_hal_tim.o
                0x0000000008003f50                TIM_Base_SetConfig
 .text.HAL_TIM_Base_Init
                0x0000000008003ff4       0x34 build/stm32f0xx_hal_tim.o
                0x0000000008003ff4                HAL_TIM_Base_Init
 .text.HAL_TIM_PWM_Init
                0x0000000008004028       0x34 build/stm32f0xx_hal_tim.o
                0x0000000008004028                HAL_TIM_PWM_Init
 .text.TIM_OC2_SetConfig
                0x000000000800405c       0x88 build/stm32f0xx_hal_tim.o
                0x000000000800405c                TIM_OC2_SetConfig
 .text.HAL_TIM_PWM_ConfigChannel
                0x00000000080040e4       0xec build/stm32f0xx_hal_tim.o
                0x00000000080040e4                HAL_TIM_PWM_ConfigChannel
 .text.TIM_ETR_SetConfig
                0x00000000080041d0       0x18 build/stm32f0xx_hal_tim.o
                0x00000000080041d0                TIM_ETR_SetConfig
 .text.HAL_TIM_ConfigClockSource
                0x00000000080041e8       0xe4 build/stm32f0xx_hal_tim.o
                0x00000000080041e8                HAL_TIM_ConfigClockSource
 .text.TIM_CCxChannelCmd
                0x00000000080042cc       0x1a build/stm32f0xx_hal_tim.o
                0x00000000080042cc                TIM_CCxChannelCmd
 *fill*         0x00000000080042e6        0x2 
 .text.HAL_TIM_PWM_Start
                0x00000000080042e8       0x58 build/stm32f0xx_hal_tim.o
                0x00000000080042e8                HAL_TIM_PWM_Start
 .text.HAL_TIMEx_MasterConfigSynchronization
                0x0000000008004340       0x6c build/stm32f0xx_hal_tim_ex.o
                0x0000000008004340                HAL_TIMEx_MasterConfigSynchronization
 .text.HAL_TIMEx_ConfigBreakDeadTime
                0x00000000080043ac       0x6c build/stm32f0xx_hal_tim_ex.o
                0x00000000080043ac                HAL_TIMEx_ConfigBreakDeadTime
 .text.TSC_extract_groups
                0x0000000008004418       0x24 build/stm32f0xx_hal_tsc.o
 .text.HAL_TSC_Init
                0x000000000800443c       0xa8 build/stm32f0xx_hal_tsc.o
                0x000000000800443c                HAL_TSC_Init
 .text.HAL_TSC_Start_IT
                0x00000000080044e4       0x74 build/stm32f0xx_hal_tsc.o
                0x00000000080044e4                HAL_TSC_Start_IT
 .text.HAL_TSC_GroupGetStatus
                0x0000000008004558       0x18 build/stm32f0xx_hal_tsc.o
                0x0000000008004558                HAL_TSC_GroupGetStatus
 .text.HAL_TSC_GroupGetValue
                0x0000000008004570        0xc build/stm32f0xx_hal_tsc.o
                0x0000000008004570                HAL_TSC_GroupGetValue
 .text.HAL_TSC_IOConfig
                0x000000000800457c       0x52 build/stm32f0xx_hal_tsc.o
                0x000000000800457c                HAL_TSC_IOConfig
 .text.HAL_TSC_IODischarge
                0x00000000080045ce       0x36 build/stm32f0xx_hal_tsc.o
                0x00000000080045ce                HAL_TSC_IODischarge
 .text.HAL_TSC_ConvCpltCallback
                0x0000000008004604        0x2 build/stm32f0xx_hal_tsc.o
                0x0000000008004604                HAL_TSC_ConvCpltCallback
 .text.HAL_TSC_ErrorCallback
                0x0000000008004606        0x2 build/stm32f0xx_hal_tsc.o
                0x0000000008004606                HAL_TSC_ErrorCallback
 .text.HAL_TSC_IRQHandler
                0x0000000008004608       0x32 build/stm32f0xx_hal_tsc.o
                0x0000000008004608                HAL_TSC_IRQHandler
 *fill*         0x000000000800463a        0x2 
 .text.HAL_PCD_Init
                0x000000000800463c       0xd4 build/stm32f0xx_hal_pcd.o
                0x000000000800463c                HAL_PCD_Init
 .text.HAL_PCDEx_ActivateLPM
                0x0000000008004710       0x26 build/stm32f0xx_hal_pcd_ex.o
                0x0000000008004710                HAL_PCDEx_ActivateLPM
 *fill*         0x0000000008004736        0x2 
 .text.IPS_SetPixel_buf
                0x0000000008004738       0x20 build/graphics.o
                0x0000000008004738                IPS_SetPixel_buf
 .text.IPS_DrawChar_Buf
                0x0000000008004758       0xac build/graphics.o
                0x0000000008004758                IPS_DrawChar_Buf
 .text.IPS_DrawString_Buf
                0x0000000008004804       0x74 build/graphics.o
                0x0000000008004804                IPS_DrawString_Buf
 .text.IPS_Reset
                0x0000000008004878       0x40 build/graphics.o
                0x0000000008004878                IPS_Reset
 .text.IPS_WriteData_Byte
                0x00000000080048b8       0x38 build/graphics.o
                0x00000000080048b8                IPS_WriteData_Byte
 .text.IPS_WriteData_Word
                0x00000000080048f0       0x38 build/graphics.o
                0x00000000080048f0                IPS_WriteData_Word
 .text.IPS_WriteReg
                0x0000000008004928       0x38 build/graphics.o
                0x0000000008004928                IPS_WriteReg
 .text.IPS_SetCursor
                0x0000000008004960       0x56 build/graphics.o
                0x0000000008004960                IPS_SetCursor
 *fill*         0x00000000080049b6        0x2 
 .text.IPS_WriteBuf
                0x00000000080049b8       0x44 build/graphics.o
                0x00000000080049b8                IPS_WriteBuf
 .text.IPS_Clear
                0x00000000080049fc       0x30 build/graphics.o
                0x00000000080049fc                IPS_Clear
 .text.IPS_Init
                0x0000000008004a2c      0x1d6 build/graphics.o
                0x0000000008004a2c                IPS_Init
 .text.SystemInit
                0x0000000008004c02        0x2 build/system_stm32f0xx.o
                0x0000000008004c02                SystemInit
 .text.Reset_Handler
                0x0000000008004c04       0x50 build/startup_stm32f072xb.o
                0x0000000008004c04                Reset_Handler
 .text.Default_Handler
                0x0000000008004c54        0x2 build/startup_stm32f072xb.o
                0x0000000008004c54                TIM1_CC_IRQHandler
                0x0000000008004c54                ADC1_COMP_IRQHandler
                0x0000000008004c54                I2C1_IRQHandler
                0x0000000008004c54                RCC_CRS_IRQHandler
                0x0000000008004c54                SPI1_IRQHandler
                0x0000000008004c54                TIM6_DAC_IRQHandler
                0x0000000008004c54                USART3_4_IRQHandler
                0x0000000008004c54                EXTI2_3_IRQHandler
                0x0000000008004c54                I2C2_IRQHandler
                0x0000000008004c54                TIM17_IRQHandler
                0x0000000008004c54                CEC_CAN_IRQHandler
                0x0000000008004c54                RTC_IRQHandler
                0x0000000008004c54                PVD_VDDIO2_IRQHandler
                0x0000000008004c54                DMA1_Channel4_5_6_7_IRQHandler
                0x0000000008004c54                TIM16_IRQHandler
                0x0000000008004c54                TIM3_IRQHandler
                0x0000000008004c54                EXTI4_15_IRQHandler
                0x0000000008004c54                DMA1_Channel1_IRQHandler
                0x0000000008004c54                Default_Handler
                0x0000000008004c54                TIM14_IRQHandler
                0x0000000008004c54                TIM7_IRQHandler
                0x0000000008004c54                TIM15_IRQHandler
                0x0000000008004c54                EXTI0_1_IRQHandler
                0x0000000008004c54                USB_IRQHandler
                0x0000000008004c54                SPI2_IRQHandler
                0x0000000008004c54                WWDG_IRQHandler
                0x0000000008004c54                TIM2_IRQHandler
                0x0000000008004c54                USART2_IRQHandler
                0x0000000008004c54                FLASH_IRQHandler
                0x0000000008004c54                USART1_IRQHandler
                0x0000000008004c54                TIM1_BRK_UP_TRG_COM_IRQHandler
 *(.glue_7)
 .glue_7        0x0000000008004c56        0x0 linker stubs
 *(.glue_7t)
 .glue_7t       0x0000000008004c56        0x0 linker stubs
 *(.eh_frame)
 *fill*         0x0000000008004c56        0x2 
 .eh_frame      0x0000000008004c58        0x0 /usr/lib/gcc/arm-none-eabi/7.3.1/thumb/v6-m/crtbegin.o
 *(.init)
 .init          0x0000000008004c58        0x4 /usr/lib/gcc/arm-none-eabi/7.3.1/thumb/v6-m/crti.o
                0x0000000008004c58                _init
 .init          0x0000000008004c5c        0x8 /usr/lib/gcc/arm-none-eabi/7.3.1/thumb/v6-m/crtn.o
 *(.fini)
 .fini          0x0000000008004c64        0x4 /usr/lib/gcc/arm-none-eabi/7.3.1/thumb/v6-m/crti.o
                0x0000000008004c64                _fini
 .fini          0x0000000008004c68        0x8 /usr/lib/gcc/arm-none-eabi/7.3.1/thumb/v6-m/crtn.o
                0x0000000008004c70                . = ALIGN (0x4)
                0x0000000008004c70                _etext = .

.vfp11_veneer   0x0000000008004c70        0x0
 .vfp11_veneer  0x0000000008004c70        0x0 linker stubs

.v4_bx          0x0000000008004c70        0x0
 .v4_bx         0x0000000008004c70        0x0 linker stubs

.iplt           0x0000000008004c70        0x0
 .iplt          0x0000000008004c70        0x0 /usr/lib/gcc/arm-none-eabi/7.3.1/thumb/v6-m/crtbegin.o

.rodata         0x0000000008004c70     0x1bf0
                0x0000000008004c70                . = ALIGN (0x4)
 *(.rodata)
 .rodata        0x0000000008004c70       0x20 build/stm32f0xx_hal_rcc.o
 .rodata        0x0000000008004c90       0x80 /usr/lib/gcc/arm-none-eabi/7.3.1/thumb/v6-m/libgcc.a(divsf3.o)
 .rodata        0x0000000008004d10       0x40 /usr/lib/gcc/arm-none-eabi/7.3.1/thumb/v6-m/libgcc.a(mulsf3.o)
 *(.rodata*)
 .rodata.main.str1.4
                0x0000000008004d50        0xb build/main.o
 *fill*         0x0000000008004d5b        0x1 
 .rodata.Font24_Table
                0x0000000008004d5c     0x1ab8 build/font24.o
                0x0000000008004d5c                Font24_Table
 .rodata.AHBPrescTable
                0x0000000008006814       0x10 build/system_stm32f0xx.o
                0x0000000008006814                AHBPrescTable
 .rodata.str1.4
                0x0000000008006824       0x13 /usr/lib/gcc/arm-none-eabi/7.3.1/../../../arm-none-eabi/lib/thumb/v6-m/libc_nano.a(lib_a-nano-svfprintf.o)
 *fill*         0x0000000008006837        0x1 
 .rodata.str1.4
                0x0000000008006838       0x28 /usr/lib/gcc/arm-none-eabi/7.3.1/../../../arm-none-eabi/lib/thumb/v6-m/libc_nano.a(lib_a-nano-vfprintf_i.o)
                                         0x25 (size before relaxing)
                0x0000000008006860                . = ALIGN (0x4)

.rel.dyn        0x0000000008006860        0x0
 .rel.iplt      0x0000000008006860        0x0 /usr/lib/gcc/arm-none-eabi/7.3.1/thumb/v6-m/crtbegin.o

.ARM.extab
 *(.ARM.extab* .gnu.linkonce.armextab.*)

.ARM            0x0000000008006860        0x0
                0x0000000008006860                __exidx_start = .
 *(.ARM.exidx*)
                0x0000000008006860                __exidx_end = .

.preinit_array  0x0000000008006860        0x0
                0x0000000008006860                PROVIDE (__preinit_array_start = .)
 *(.preinit_array*)
                0x0000000008006860                PROVIDE (__preinit_array_end = .)

.init_array     0x0000000008006860        0x4
                0x0000000008006860                PROVIDE (__init_array_start = .)
 *(SORT_BY_NAME(.init_array.*))
 *(.init_array*)
 .init_array    0x0000000008006860        0x4 /usr/lib/gcc/arm-none-eabi/7.3.1/thumb/v6-m/crtbegin.o
                0x0000000008006864                PROVIDE (__init_array_end = .)

.fini_array     0x0000000008006864        0x4
                0x0000000008006864                PROVIDE (__fini_array_start = .)
 *(SORT_BY_NAME(.fini_array.*))
 *(.fini_array*)
 .fini_array    0x0000000008006864        0x4 /usr/lib/gcc/arm-none-eabi/7.3.1/thumb/v6-m/crtbegin.o
                0x0000000008006868                PROVIDE (__fini_array_end = .)
                0x0000000008006868                _sidata = LOADADDR (.data)

.data           0x0000000020000000     0x1a2c load address 0x0000000008006868
                0x0000000020000000                . = ALIGN (0x4)
                0x0000000020000000                _sdata = .
 *(.data)
 .data          0x0000000020000000       0x64 /usr/lib/gcc/arm-none-eabi/7.3.1/../../../arm-none-eabi/lib/thumb/v6-m/libc_nano.a(lib_a-impure.o)
                0x0000000020000000                _impure_ptr
 *(.data*)
 .data.HX711    0x0000000020000064       0x14 build/main.o
                0x0000000020000064                HX711
 .data.IPS      0x0000000020000078     0x198c build/main.o
                0x0000000020000078                IPS
 .data.cal      0x0000000020001a04       0x14 build/main.o
                0x0000000020001a04                cal
 .data.uwTickFreq
                0x0000000020001a18        0x1 build/stm32f0xx_hal.o
                0x0000000020001a18                uwTickFreq
 *fill*         0x0000000020001a19        0x3 
 .data.uwTickPrio
                0x0000000020001a1c        0x4 build/stm32f0xx_hal.o
                0x0000000020001a1c                uwTickPrio
 .data.Font24   0x0000000020001a20        0x8 build/font24.o
                0x0000000020001a20                Font24
 .data.SystemCoreClock
                0x0000000020001a28        0x4 build/system_stm32f0xx.o
                0x0000000020001a28                SystemCoreClock
                0x0000000020001a2c                . = ALIGN (0x4)
                0x0000000020001a2c                _edata = .

.tm_clone_table
                0x0000000020001a2c        0x0 load address 0x0000000008008294
 .tm_clone_table
                0x0000000020001a2c        0x0 /usr/lib/gcc/arm-none-eabi/7.3.1/thumb/v6-m/crtbegin.o
 .tm_clone_table
                0x0000000020001a2c        0x0 /usr/lib/gcc/arm-none-eabi/7.3.1/thumb/v6-m/crtend.o

.igot.plt       0x0000000020001a2c        0x0 load address 0x0000000008008294
 .igot.plt      0x0000000020001a2c        0x0 /usr/lib/gcc/arm-none-eabi/7.3.1/thumb/v6-m/crtbegin.o
                0x0000000020001a2c                . = ALIGN (0x4)

.bss            0x0000000020001a2c      0x47c load address 0x0000000008008294
                0x0000000020001a2c                _sbss = .
                0x0000000020001a2c                __bss_start__ = _sbss
 *(.bss)
 .bss           0x0000000020001a2c       0x1c /usr/lib/gcc/arm-none-eabi/7.3.1/thumb/v6-m/crtbegin.o
 .bss           0x0000000020001a48        0x8 /usr/lib/gcc/arm-none-eabi/7.3.1/../../../arm-none-eabi/lib/thumb/v6-m/libc_nano.a(lib_a-nano-mallocr.o)
                0x0000000020001a48                __malloc_free_list
                0x0000000020001a4c                __malloc_sbrk_start
 .bss           0x0000000020001a50        0x4 /usr/lib/gcc/arm-none-eabi/7.3.1/../../../arm-none-eabi/lib/thumb/v6-m/libnosys.a(sbrk.o)
 *(.bss*)
 .bss.start     0x0000000020001a54        0x4 build/main.o
                0x0000000020001a54                start
 .bss.t         0x0000000020001a58        0xc build/main.o
                0x0000000020001a58                t
 *(COMMON)
 COMMON         0x0000000020001a64      0x43c build/main.o
                0x0000000020001a64                IoConfig
                0x0000000020001a70                hi2c2
                0x0000000020001abc                _ms
                0x0000000020001ac0                htim1
                0x0000000020001b00                hspi1
                0x0000000020001b64                hpcd_USB_FS
                0x0000000020001dd8                htim16
                0x0000000020001e18                hdma_spi1_tx
                0x0000000020001e5c                htsc
 COMMON         0x0000000020001ea0        0x4 build/stm32f0xx_hal.o
                0x0000000020001ea0                uwTick
 COMMON         0x0000000020001ea4        0x4 /usr/lib/gcc/arm-none-eabi/7.3.1/../../../arm-none-eabi/lib/thumb/v6-m/libc_nano.a(lib_a-reent.o)
                0x0000000020001ea4                errno
                0x0000000020001ea8                . = ALIGN (0x4)
                0x0000000020001ea8                _ebss = .
                0x0000000020001ea8                __bss_end__ = _ebss

._user_heap_stack
                0x0000000020001ea8      0x600 load address 0x0000000008008294
                0x0000000020001ea8                . = ALIGN (0x8)
                0x0000000020001ea8                PROVIDE (end = .)
                [!provide]                        PROVIDE (_end = .)
                0x00000000200020a8                . = (. + _Min_Heap_Size)
 *fill*         0x0000000020001ea8      0x200 
                0x00000000200024a8                . = (. + _Min_Stack_Size)
 *fill*         0x00000000200020a8      0x400 
                0x00000000200024a8                . = ALIGN (0x8)

/DISCARD/
 libc.a(*)
 libm.a(*)
 libgcc.a(*)

.ARM.attributes
                0x0000000000000000       0x28
 *(.ARM.attributes)
 .ARM.attributes
                0x0000000000000000       0x1e /usr/lib/gcc/arm-none-eabi/7.3.1/thumb/v6-m/crti.o
 .ARM.attributes
                0x000000000000001e       0x2c /usr/lib/gcc/arm-none-eabi/7.3.1/thumb/v6-m/crtbegin.o
 .ARM.attributes
                0x000000000000004a       0x31 build/main.o
 .ARM.attributes
                0x000000000000007b       0x31 build/stm32f0xx_it.o
 .ARM.attributes
                0x00000000000000ac       0x31 build/stm32f0xx_hal_msp.o
 .ARM.attributes
                0x00000000000000dd       0x31 build/stm32f0xx_ll_usb.o
 .ARM.attributes
                0x000000000000010e       0x31 build/stm32f0xx_hal_i2c.o
 .ARM.attributes
                0x000000000000013f       0x31 build/stm32f0xx_hal_i2c_ex.o
 .ARM.attributes
                0x0000000000000170       0x31 build/stm32f0xx_hal_rcc.o
 .ARM.attributes
                0x00000000000001a1       0x31 build/stm32f0xx_hal_rcc_ex.o
 .ARM.attributes
                0x00000000000001d2       0x31 build/stm32f0xx_hal.o
 .ARM.attributes
                0x0000000000000203       0x31 build/stm32f0xx_hal_gpio.o
 .ARM.attributes
                0x0000000000000234       0x31 build/stm32f0xx_hal_dma.o
 .ARM.attributes
                0x0000000000000265       0x31 build/stm32f0xx_hal_cortex.o
 .ARM.attributes
                0x0000000000000296       0x31 build/stm32f0xx_hal_spi.o
 .ARM.attributes
                0x00000000000002c7       0x31 build/stm32f0xx_hal_tim.o
 .ARM.attributes
                0x00000000000002f8       0x31 build/stm32f0xx_hal_tim_ex.o
 .ARM.attributes
                0x0000000000000329       0x31 build/stm32f0xx_hal_tsc.o
 .ARM.attributes
                0x000000000000035a       0x31 build/stm32f0xx_hal_pcd.o
 .ARM.attributes
                0x000000000000038b       0x31 build/stm32f0xx_hal_pcd_ex.o
 .ARM.attributes
                0x00000000000003bc       0x31 build/font24.o
 .ARM.attributes
                0x00000000000003ed       0x31 build/graphics.o
 .ARM.attributes
                0x000000000000041e       0x31 build/system_stm32f0xx.o
 .ARM.attributes
                0x000000000000044f       0x21 build/startup_stm32f072xb.o
 .ARM.attributes
                0x0000000000000470       0x2c /usr/lib/gcc/arm-none-eabi/7.3.1/../../../arm-none-eabi/lib/thumb/v6-m/libc_nano.a(lib_a-impure.o)
 .ARM.attributes
                0x000000000000049c       0x2c /usr/lib/gcc/arm-none-eabi/7.3.1/../../../arm-none-eabi/lib/thumb/v6-m/libc_nano.a(lib_a-init.o)
 .ARM.attributes
                0x00000000000004c8       0x2c /usr/lib/gcc/arm-none-eabi/7.3.1/../../../arm-none-eabi/lib/thumb/v6-m/libc_nano.a(lib_a-memset.o)
 .ARM.attributes
                0x00000000000004f4       0x2c /usr/lib/gcc/arm-none-eabi/7.3.1/../../../arm-none-eabi/lib/thumb/v6-m/libc_nano.a(lib_a-sprintf.o)
 .ARM.attributes
                0x0000000000000520       0x2c /usr/lib/gcc/arm-none-eabi/7.3.1/../../../arm-none-eabi/lib/thumb/v6-m/libc_nano.a(lib_a-nano-svfprintf.o)
 .ARM.attributes
                0x000000000000054c       0x2c /usr/lib/gcc/arm-none-eabi/7.3.1/../../../arm-none-eabi/lib/thumb/v6-m/libc_nano.a(lib_a-nano-vfprintf_i.o)
 .ARM.attributes
                0x0000000000000578       0x2c /usr/lib/gcc/arm-none-eabi/7.3.1/../../../arm-none-eabi/lib/thumb/v6-m/libc_nano.a(lib_a-memchr-stub.o)
 .ARM.attributes
                0x00000000000005a4       0x2c /usr/lib/gcc/arm-none-eabi/7.3.1/../../../arm-none-eabi/lib/thumb/v6-m/libc_nano.a(lib_a-memcpy-stub.o)
 .ARM.attributes
                0x00000000000005d0       0x2c /usr/lib/gcc/arm-none-eabi/7.3.1/../../../arm-none-eabi/lib/thumb/v6-m/libc_nano.a(lib_a-memmove.o)
 .ARM.attributes
                0x00000000000005fc       0x2c /usr/lib/gcc/arm-none-eabi/7.3.1/../../../arm-none-eabi/lib/thumb/v6-m/libc_nano.a(lib_a-nano-freer.o)
 .ARM.attributes
                0x0000000000000628       0x2c /usr/lib/gcc/arm-none-eabi/7.3.1/../../../arm-none-eabi/lib/thumb/v6-m/libc_nano.a(lib_a-nano-mallocr.o)
 .ARM.attributes
                0x0000000000000654       0x2c /usr/lib/gcc/arm-none-eabi/7.3.1/../../../arm-none-eabi/lib/thumb/v6-m/libc_nano.a(lib_a-nano-reallocr.o)
 .ARM.attributes
                0x0000000000000680       0x2c /usr/lib/gcc/arm-none-eabi/7.3.1/../../../arm-none-eabi/lib/thumb/v6-m/libc_nano.a(lib_a-sbrkr.o)
 .ARM.attributes
                0x00000000000006ac       0x2c /usr/lib/gcc/arm-none-eabi/7.3.1/../../../arm-none-eabi/lib/thumb/v6-m/libc_nano.a(lib_a-mlock.o)
 .ARM.attributes
                0x00000000000006d8       0x2c /usr/lib/gcc/arm-none-eabi/7.3.1/../../../arm-none-eabi/lib/thumb/v6-m/libc_nano.a(lib_a-nano-msizer.o)
 .ARM.attributes
                0x0000000000000704       0x2c /usr/lib/gcc/arm-none-eabi/7.3.1/../../../arm-none-eabi/lib/thumb/v6-m/libc_nano.a(lib_a-reent.o)
 .ARM.attributes
                0x0000000000000730       0x2c /usr/lib/gcc/arm-none-eabi/7.3.1/../../../arm-none-eabi/lib/thumb/v6-m/libnosys.a(sbrk.o)
 .ARM.attributes
                0x000000000000075c       0x1e /usr/lib/gcc/arm-none-eabi/7.3.1/thumb/v6-m/libgcc.a(_udivsi3.o)
 .ARM.attributes
                0x000000000000077a       0x1e /usr/lib/gcc/arm-none-eabi/7.3.1/thumb/v6-m/libgcc.a(_dvmd_tls.o)
 .ARM.attributes
                0x0000000000000798       0x1e /usr/lib/gcc/arm-none-eabi/7.3.1/thumb/v6-m/libgcc.a(_arm_cmpdf2.o)
 .ARM.attributes
                0x00000000000007b6       0x2c /usr/lib/gcc/arm-none-eabi/7.3.1/thumb/v6-m/libgcc.a(addsf3.o)
 .ARM.attributes
                0x00000000000007e2       0x2c /usr/lib/gcc/arm-none-eabi/7.3.1/thumb/v6-m/libgcc.a(divsf3.o)
 .ARM.attributes
                0x000000000000080e       0x2c /usr/lib/gcc/arm-none-eabi/7.3.1/thumb/v6-m/libgcc.a(mulsf3.o)
 .ARM.attributes
                0x000000000000083a       0x2c /usr/lib/gcc/arm-none-eabi/7.3.1/thumb/v6-m/libgcc.a(subsf3.o)
 .ARM.attributes
                0x0000000000000866       0x2c /usr/lib/gcc/arm-none-eabi/7.3.1/thumb/v6-m/libgcc.a(fixsfsi.o)
 .ARM.attributes
                0x0000000000000892       0x2c /usr/lib/gcc/arm-none-eabi/7.3.1/thumb/v6-m/libgcc.a(floatsisf.o)
 .ARM.attributes
                0x00000000000008be       0x2c /usr/lib/gcc/arm-none-eabi/7.3.1/thumb/v6-m/libgcc.a(eqdf2.o)
 .ARM.attributes
                0x00000000000008ea       0x2c /usr/lib/gcc/arm-none-eabi/7.3.1/thumb/v6-m/libgcc.a(gedf2.o)
 .ARM.attributes
                0x0000000000000916       0x2c /usr/lib/gcc/arm-none-eabi/7.3.1/thumb/v6-m/libgcc.a(ledf2.o)
 .ARM.attributes
                0x0000000000000942       0x2c /usr/lib/gcc/arm-none-eabi/7.3.1/thumb/v6-m/libgcc.a(extendsfdf2.o)
 .ARM.attributes
                0x000000000000096e       0x1e /usr/lib/gcc/arm-none-eabi/7.3.1/thumb/v6-m/libgcc.a(_clzsi2.o)
 .ARM.attributes
                0x000000000000098c       0x2c /usr/lib/gcc/arm-none-eabi/7.3.1/thumb/v6-m/crtend.o
 .ARM.attributes
                0x00000000000009b8       0x1e /usr/lib/gcc/arm-none-eabi/7.3.1/thumb/v6-m/crtn.o
OUTPUT(build/firmware.elf elf32-littlearm)

.comment        0x0000000000000000       0xae
 .comment       0x0000000000000000       0x57 /usr/lib/gcc/arm-none-eabi/7.3.1/thumb/v6-m/crtbegin.o
                                         0x58 (size before relaxing)
 .comment       0x0000000000000057       0x58 build/main.o
 .comment       0x0000000000000057       0x58 build/stm32f0xx_it.o
 .comment       0x0000000000000057       0x58 build/stm32f0xx_hal_msp.o
 .comment       0x0000000000000057       0x58 build/stm32f0xx_ll_usb.o
 .comment       0x0000000000000057       0x58 build/stm32f0xx_hal_i2c.o
 .comment       0x0000000000000057       0x58 build/stm32f0xx_hal_i2c_ex.o
 .comment       0x0000000000000057       0x58 build/stm32f0xx_hal_rcc.o
 .comment       0x0000000000000057       0x58 build/stm32f0xx_hal_rcc_ex.o
 .comment       0x0000000000000057       0x58 build/stm32f0xx_hal.o
 .comment       0x0000000000000057       0x58 build/stm32f0xx_hal_gpio.o
 .comment       0x0000000000000057       0x58 build/stm32f0xx_hal_dma.o
 .comment       0x0000000000000057       0x58 build/stm32f0xx_hal_cortex.o
 .comment       0x0000000000000057       0x58 build/stm32f0xx_hal_spi.o
 .comment       0x0000000000000057       0x58 build/stm32f0xx_hal_tim.o
 .comment       0x0000000000000057       0x58 build/stm32f0xx_hal_tim_ex.o
 .comment       0x0000000000000057       0x58 build/stm32f0xx_hal_tsc.o
 .comment       0x0000000000000057       0x58 build/stm32f0xx_hal_pcd.o
 .comment       0x0000000000000057       0x58 build/stm32f0xx_hal_pcd_ex.o
 .comment       0x0000000000000057       0x58 build/font24.o
 .comment       0x0000000000000057       0x58 build/graphics.o
 .comment       0x0000000000000057       0x58 build/system_stm32f0xx.o
 .comment       0x0000000000000057       0x57 /usr/lib/gcc/arm-none-eabi/7.3.1/../../../arm-none-eabi/lib/thumb/v6-m/libc_nano.a(lib_a-impure.o)
                                         0x58 (size before relaxing)
 .comment       0x00000000000000ae       0x58 /usr/lib/gcc/arm-none-eabi/7.3.1/../../../arm-none-eabi/lib/thumb/v6-m/libc_nano.a(lib_a-init.o)
 .comment       0x00000000000000ae       0x58 /usr/lib/gcc/arm-none-eabi/7.3.1/../../../arm-none-eabi/lib/thumb/v6-m/libc_nano.a(lib_a-memset.o)
 .comment       0x00000000000000ae       0x58 /usr/lib/gcc/arm-none-eabi/7.3.1/../../../arm-none-eabi/lib/thumb/v6-m/libc_nano.a(lib_a-sprintf.o)
 .comment       0x00000000000000ae       0x58 /usr/lib/gcc/arm-none-eabi/7.3.1/../../../arm-none-eabi/lib/thumb/v6-m/libc_nano.a(lib_a-nano-svfprintf.o)
 .comment       0x00000000000000ae       0x58 /usr/lib/gcc/arm-none-eabi/7.3.1/../../../arm-none-eabi/lib/thumb/v6-m/libc_nano.a(lib_a-nano-vfprintf_i.o)
 .comment       0x00000000000000ae       0x58 /usr/lib/gcc/arm-none-eabi/7.3.1/../../../arm-none-eabi/lib/thumb/v6-m/libc_nano.a(lib_a-memchr-stub.o)
 .comment       0x00000000000000ae       0x58 /usr/lib/gcc/arm-none-eabi/7.3.1/../../../arm-none-eabi/lib/thumb/v6-m/libc_nano.a(lib_a-memcpy-stub.o)
 .comment       0x00000000000000ae       0x58 /usr/lib/gcc/arm-none-eabi/7.3.1/../../../arm-none-eabi/lib/thumb/v6-m/libc_nano.a(lib_a-memmove.o)
 .comment       0x00000000000000ae       0x58 /usr/lib/gcc/arm-none-eabi/7.3.1/../../../arm-none-eabi/lib/thumb/v6-m/libc_nano.a(lib_a-nano-freer.o)
 .comment       0x00000000000000ae       0x58 /usr/lib/gcc/arm-none-eabi/7.3.1/../../../arm-none-eabi/lib/thumb/v6-m/libc_nano.a(lib_a-nano-mallocr.o)
 .comment       0x00000000000000ae       0x58 /usr/lib/gcc/arm-none-eabi/7.3.1/../../../arm-none-eabi/lib/thumb/v6-m/libc_nano.a(lib_a-nano-reallocr.o)
 .comment       0x00000000000000ae       0x58 /usr/lib/gcc/arm-none-eabi/7.3.1/../../../arm-none-eabi/lib/thumb/v6-m/libc_nano.a(lib_a-sbrkr.o)
 .comment       0x00000000000000ae       0x58 /usr/lib/gcc/arm-none-eabi/7.3.1/../../../arm-none-eabi/lib/thumb/v6-m/libc_nano.a(lib_a-mlock.o)
 .comment       0x00000000000000ae       0x58 /usr/lib/gcc/arm-none-eabi/7.3.1/../../../arm-none-eabi/lib/thumb/v6-m/libc_nano.a(lib_a-nano-msizer.o)
 .comment       0x00000000000000ae       0x58 /usr/lib/gcc/arm-none-eabi/7.3.1/../../../arm-none-eabi/lib/thumb/v6-m/libc_nano.a(lib_a-reent.o)
 .comment       0x00000000000000ae       0x58 /usr/lib/gcc/arm-none-eabi/7.3.1/../../../arm-none-eabi/lib/thumb/v6-m/libnosys.a(sbrk.o)
 .comment       0x00000000000000ae       0x58 /usr/lib/gcc/arm-none-eabi/7.3.1/thumb/v6-m/libgcc.a(addsf3.o)
 .comment       0x00000000000000ae       0x58 /usr/lib/gcc/arm-none-eabi/7.3.1/thumb/v6-m/libgcc.a(divsf3.o)
 .comment       0x00000000000000ae       0x58 /usr/lib/gcc/arm-none-eabi/7.3.1/thumb/v6-m/libgcc.a(mulsf3.o)
 .comment       0x00000000000000ae       0x58 /usr/lib/gcc/arm-none-eabi/7.3.1/thumb/v6-m/libgcc.a(subsf3.o)
 .comment       0x00000000000000ae       0x58 /usr/lib/gcc/arm-none-eabi/7.3.1/thumb/v6-m/libgcc.a(fixsfsi.o)
 .comment       0x00000000000000ae       0x58 /usr/lib/gcc/arm-none-eabi/7.3.1/thumb/v6-m/libgcc.a(floatsisf.o)
 .comment       0x00000000000000ae       0x58 /usr/lib/gcc/arm-none-eabi/7.3.1/thumb/v6-m/libgcc.a(eqdf2.o)
 .comment       0x00000000000000ae       0x58 /usr/lib/gcc/arm-none-eabi/7.3.1/thumb/v6-m/libgcc.a(gedf2.o)
 .comment       0x00000000000000ae       0x58 /usr/lib/gcc/arm-none-eabi/7.3.1/thumb/v6-m/libgcc.a(ledf2.o)
 .comment       0x00000000000000ae       0x58 /usr/lib/gcc/arm-none-eabi/7.3.1/thumb/v6-m/libgcc.a(extendsfdf2.o)
 .comment       0x00000000000000ae       0x58 /usr/lib/gcc/arm-none-eabi/7.3.1/thumb/v6-m/crtend.o

.debug_info     0x0000000000000000    0x26277
 .debug_info    0x0000000000000000     0x2a92 build/main.o
 .debug_info    0x0000000000002a92      0x73f build/stm32f0xx_it.o
 .debug_info    0x00000000000031d1     0x1cab build/stm32f0xx_hal_msp.o
 .debug_info    0x0000000000004e7c     0x16b5 build/stm32f0xx_ll_usb.o
 .debug_info    0x0000000000006531     0x3b14 build/stm32f0xx_hal_i2c.o
 .debug_info    0x000000000000a045      0x996 build/stm32f0xx_hal_i2c_ex.o
 .debug_info    0x000000000000a9db      0xade build/stm32f0xx_hal_rcc.o
 .debug_info    0x000000000000b4b9      0x7c3 build/stm32f0xx_hal_rcc_ex.o
 .debug_info    0x000000000000bc7c      0x7f4 build/stm32f0xx_hal.o
 .debug_info    0x000000000000c470      0x703 build/stm32f0xx_hal_gpio.o
 .debug_info    0x000000000000cb73      0x8ea build/stm32f0xx_hal_dma.o
 .debug_info    0x000000000000d45d      0x8b7 build/stm32f0xx_hal_cortex.o
 .debug_info    0x000000000000dd14     0x1fc8 build/stm32f0xx_hal_spi.o
 .debug_info    0x000000000000fcdc     0x3522 build/stm32f0xx_hal_tim.o
 .debug_info    0x00000000000131fe     0x15bc build/stm32f0xx_hal_tim_ex.o
 .debug_info    0x00000000000147ba      0x906 build/stm32f0xx_hal_tsc.o
 .debug_info    0x00000000000150c0     0x13e4 build/stm32f0xx_hal_pcd.o
 .debug_info    0x00000000000164a4      0xa73 build/stm32f0xx_hal_pcd_ex.o
 .debug_info    0x0000000000016f17      0x127 build/font24.o
 .debug_info    0x000000000001703e     0x1842 build/graphics.o
 .debug_info    0x0000000000018880      0x2d3 build/system_stm32f0xx.o
 .debug_info    0x0000000000018b53       0x22 build/startup_stm32f072xb.o
 .debug_info    0x0000000000018b75      0x8a4 /usr/lib/gcc/arm-none-eabi/7.3.1/../../../arm-none-eabi/lib/thumb/v6-m/libc_nano.a(lib_a-impure.o)
 .debug_info    0x0000000000019419      0x109 /usr/lib/gcc/arm-none-eabi/7.3.1/../../../arm-none-eabi/lib/thumb/v6-m/libc_nano.a(lib_a-init.o)
 .debug_info    0x0000000000019522      0xe1d /usr/lib/gcc/arm-none-eabi/7.3.1/../../../arm-none-eabi/lib/thumb/v6-m/libc_nano.a(lib_a-memset.o)
 .debug_info    0x000000000001a33f      0xbd2 /usr/lib/gcc/arm-none-eabi/7.3.1/../../../arm-none-eabi/lib/thumb/v6-m/libc_nano.a(lib_a-sprintf.o)
 .debug_info    0x000000000001af11     0x1678 /usr/lib/gcc/arm-none-eabi/7.3.1/../../../arm-none-eabi/lib/thumb/v6-m/libc_nano.a(lib_a-nano-svfprintf.o)
 .debug_info    0x000000000001c589     0x142b /usr/lib/gcc/arm-none-eabi/7.3.1/../../../arm-none-eabi/lib/thumb/v6-m/libc_nano.a(lib_a-nano-vfprintf_i.o)
 .debug_info    0x000000000001d9b4      0x934 /usr/lib/gcc/arm-none-eabi/7.3.1/../../../arm-none-eabi/lib/thumb/v6-m/libc_nano.a(lib_a-memchr-stub.o)
 .debug_info    0x000000000001e2e8      0xe36 /usr/lib/gcc/arm-none-eabi/7.3.1/../../../arm-none-eabi/lib/thumb/v6-m/libc_nano.a(lib_a-memcpy-stub.o)
 .debug_info    0x000000000001f11e      0xe2c /usr/lib/gcc/arm-none-eabi/7.3.1/../../../arm-none-eabi/lib/thumb/v6-m/libc_nano.a(lib_a-memmove.o)
 .debug_info    0x000000000001ff4a      0xaba /usr/lib/gcc/arm-none-eabi/7.3.1/../../../arm-none-eabi/lib/thumb/v6-m/libc_nano.a(lib_a-nano-freer.o)
 .debug_info    0x0000000000020a04      0xb74 /usr/lib/gcc/arm-none-eabi/7.3.1/../../../arm-none-eabi/lib/thumb/v6-m/libc_nano.a(lib_a-nano-mallocr.o)
 .debug_info    0x0000000000021578      0xac5 /usr/lib/gcc/arm-none-eabi/7.3.1/../../../arm-none-eabi/lib/thumb/v6-m/libc_nano.a(lib_a-nano-reallocr.o)
 .debug_info    0x000000000002203d      0x95a /usr/lib/gcc/arm-none-eabi/7.3.1/../../../arm-none-eabi/lib/thumb/v6-m/libc_nano.a(lib_a-sbrkr.o)
 .debug_info    0x0000000000022997      0x8d7 /usr/lib/gcc/arm-none-eabi/7.3.1/../../../arm-none-eabi/lib/thumb/v6-m/libc_nano.a(lib_a-mlock.o)
 .debug_info    0x000000000002326e      0x9fa /usr/lib/gcc/arm-none-eabi/7.3.1/../../../arm-none-eabi/lib/thumb/v6-m/libc_nano.a(lib_a-nano-msizer.o)
 .debug_info    0x0000000000023c68      0xa75 /usr/lib/gcc/arm-none-eabi/7.3.1/../../../arm-none-eabi/lib/thumb/v6-m/libc_nano.a(lib_a-reent.o)
 .debug_info    0x00000000000246dd       0x90 /usr/lib/gcc/arm-none-eabi/7.3.1/../../../arm-none-eabi/lib/thumb/v6-m/libnosys.a(sbrk.o)
 .debug_info    0x000000000002476d       0x26 /usr/lib/gcc/arm-none-eabi/7.3.1/thumb/v6-m/libgcc.a(_udivsi3.o)
 .debug_info    0x0000000000024793       0x26 /usr/lib/gcc/arm-none-eabi/7.3.1/thumb/v6-m/libgcc.a(_dvmd_tls.o)
 .debug_info    0x00000000000247b9       0x26 /usr/lib/gcc/arm-none-eabi/7.3.1/thumb/v6-m/libgcc.a(_arm_cmpdf2.o)
 .debug_info    0x00000000000247df      0x31a /usr/lib/gcc/arm-none-eabi/7.3.1/thumb/v6-m/libgcc.a(addsf3.o)
 .debug_info    0x0000000000024af9      0x316 /usr/lib/gcc/arm-none-eabi/7.3.1/thumb/v6-m/libgcc.a(divsf3.o)
 .debug_info    0x0000000000024e0f      0x378 /usr/lib/gcc/arm-none-eabi/7.3.1/thumb/v6-m/libgcc.a(mulsf3.o)
 .debug_info    0x0000000000025187      0x31a /usr/lib/gcc/arm-none-eabi/7.3.1/thumb/v6-m/libgcc.a(subsf3.o)
 .debug_info    0x00000000000254a1      0x1d0 /usr/lib/gcc/arm-none-eabi/7.3.1/thumb/v6-m/libgcc.a(fixsfsi.o)
 .debug_info    0x0000000000025671      0x238 /usr/lib/gcc/arm-none-eabi/7.3.1/thumb/v6-m/libgcc.a(floatsisf.o)
 .debug_info    0x00000000000258a9      0x257 /usr/lib/gcc/arm-none-eabi/7.3.1/thumb/v6-m/libgcc.a(eqdf2.o)
 .debug_info    0x0000000000025b00      0x266 /usr/lib/gcc/arm-none-eabi/7.3.1/thumb/v6-m/libgcc.a(gedf2.o)
 .debug_info    0x0000000000025d66      0x266 /usr/lib/gcc/arm-none-eabi/7.3.1/thumb/v6-m/libgcc.a(ledf2.o)
 .debug_info    0x0000000000025fcc      0x285 /usr/lib/gcc/arm-none-eabi/7.3.1/thumb/v6-m/libgcc.a(extendsfdf2.o)
 .debug_info    0x0000000000026251       0x26 /usr/lib/gcc/arm-none-eabi/7.3.1/thumb/v6-m/libgcc.a(_clzsi2.o)

.debug_abbrev   0x0000000000000000     0x5c79
 .debug_abbrev  0x0000000000000000      0x382 build/main.o
 .debug_abbrev  0x0000000000000382      0x179 build/stm32f0xx_it.o
 .debug_abbrev  0x00000000000004fb      0x26e build/stm32f0xx_hal_msp.o
 .debug_abbrev  0x0000000000000769      0x303 build/stm32f0xx_ll_usb.o
 .debug_abbrev  0x0000000000000a6c      0x2ab build/stm32f0xx_hal_i2c.o
 .debug_abbrev  0x0000000000000d17      0x1c7 build/stm32f0xx_hal_i2c_ex.o
 .debug_abbrev  0x0000000000000ede      0x269 build/stm32f0xx_hal_rcc.o
 .debug_abbrev  0x0000000000001147      0x208 build/stm32f0xx_hal_rcc_ex.o
 .debug_abbrev  0x000000000000134f      0x209 build/stm32f0xx_hal.o
 .debug_abbrev  0x0000000000001558      0x213 build/stm32f0xx_hal_gpio.o
 .debug_abbrev  0x000000000000176b      0x252 build/stm32f0xx_hal_dma.o
 .debug_abbrev  0x00000000000019bd      0x279 build/stm32f0xx_hal_cortex.o
 .debug_abbrev  0x0000000000001c36      0x2a2 build/stm32f0xx_hal_spi.o
 .debug_abbrev  0x0000000000001ed8      0x286 build/stm32f0xx_hal_tim.o
 .debug_abbrev  0x000000000000215e      0x26d build/stm32f0xx_hal_tim_ex.o
 .debug_abbrev  0x00000000000023cb      0x215 build/stm32f0xx_hal_tsc.o
 .debug_abbrev  0x00000000000025e0      0x2c8 build/stm32f0xx_hal_pcd.o
 .debug_abbrev  0x00000000000028a8      0x256 build/stm32f0xx_hal_pcd_ex.o
 .debug_abbrev  0x0000000000002afe       0xa2 build/font24.o
 .debug_abbrev  0x0000000000002ba0      0x252 build/graphics.o
 .debug_abbrev  0x0000000000002df2      0x12a build/system_stm32f0xx.o
 .debug_abbrev  0x0000000000002f1c       0x12 build/startup_stm32f072xb.o
 .debug_abbrev  0x0000000000002f2e      0x15c /usr/lib/gcc/arm-none-eabi/7.3.1/../../../arm-none-eabi/lib/thumb/v6-m/libc_nano.a(lib_a-impure.o)
 .debug_abbrev  0x000000000000308a       0xba /usr/lib/gcc/arm-none-eabi/7.3.1/../../../arm-none-eabi/lib/thumb/v6-m/libc_nano.a(lib_a-init.o)
 .debug_abbrev  0x0000000000003144      0x1a8 /usr/lib/gcc/arm-none-eabi/7.3.1/../../../arm-none-eabi/lib/thumb/v6-m/libc_nano.a(lib_a-memset.o)
 .debug_abbrev  0x00000000000032ec      0x222 /usr/lib/gcc/arm-none-eabi/7.3.1/../../../arm-none-eabi/lib/thumb/v6-m/libc_nano.a(lib_a-sprintf.o)
 .debug_abbrev  0x000000000000350e      0x2cc /usr/lib/gcc/arm-none-eabi/7.3.1/../../../arm-none-eabi/lib/thumb/v6-m/libc_nano.a(lib_a-nano-svfprintf.o)
 .debug_abbrev  0x00000000000037da      0x2b6 /usr/lib/gcc/arm-none-eabi/7.3.1/../../../arm-none-eabi/lib/thumb/v6-m/libc_nano.a(lib_a-nano-vfprintf_i.o)
 .debug_abbrev  0x0000000000003a90      0x1a5 /usr/lib/gcc/arm-none-eabi/7.3.1/../../../arm-none-eabi/lib/thumb/v6-m/libc_nano.a(lib_a-memchr-stub.o)
 .debug_abbrev  0x0000000000003c35      0x1b4 /usr/lib/gcc/arm-none-eabi/7.3.1/../../../arm-none-eabi/lib/thumb/v6-m/libc_nano.a(lib_a-memcpy-stub.o)
 .debug_abbrev  0x0000000000003de9      0x1ad /usr/lib/gcc/arm-none-eabi/7.3.1/../../../arm-none-eabi/lib/thumb/v6-m/libc_nano.a(lib_a-memmove.o)
 .debug_abbrev  0x0000000000003f96      0x22f /usr/lib/gcc/arm-none-eabi/7.3.1/../../../arm-none-eabi/lib/thumb/v6-m/libc_nano.a(lib_a-nano-freer.o)
 .debug_abbrev  0x00000000000041c5      0x295 /usr/lib/gcc/arm-none-eabi/7.3.1/../../../arm-none-eabi/lib/thumb/v6-m/libc_nano.a(lib_a-nano-mallocr.o)
 .debug_abbrev  0x000000000000445a      0x1e9 /usr/lib/gcc/arm-none-eabi/7.3.1/../../../arm-none-eabi/lib/thumb/v6-m/libc_nano.a(lib_a-nano-reallocr.o)
 .debug_abbrev  0x0000000000004643      0x1df /usr/lib/gcc/arm-none-eabi/7.3.1/../../../arm-none-eabi/lib/thumb/v6-m/libc_nano.a(lib_a-sbrkr.o)
 .debug_abbrev  0x0000000000004822      0x1a1 /usr/lib/gcc/arm-none-eabi/7.3.1/../../../arm-none-eabi/lib/thumb/v6-m/libc_nano.a(lib_a-mlock.o)
 .debug_abbrev  0x00000000000049c3      0x1b4 /usr/lib/gcc/arm-none-eabi/7.3.1/../../../arm-none-eabi/lib/thumb/v6-m/libc_nano.a(lib_a-nano-msizer.o)
 .debug_abbrev  0x0000000000004b77      0x22e /usr/lib/gcc/arm-none-eabi/7.3.1/../../../arm-none-eabi/lib/thumb/v6-m/libc_nano.a(lib_a-reent.o)
 .debug_abbrev  0x0000000000004da5       0x92 /usr/lib/gcc/arm-none-eabi/7.3.1/../../../arm-none-eabi/lib/thumb/v6-m/libnosys.a(sbrk.o)
 .debug_abbrev  0x0000000000004e37       0x14 /usr/lib/gcc/arm-none-eabi/7.3.1/thumb/v6-m/libgcc.a(_udivsi3.o)
 .debug_abbrev  0x0000000000004e4b       0x14 /usr/lib/gcc/arm-none-eabi/7.3.1/thumb/v6-m/libgcc.a(_dvmd_tls.o)
 .debug_abbrev  0x0000000000004e5f       0x14 /usr/lib/gcc/arm-none-eabi/7.3.1/thumb/v6-m/libgcc.a(_arm_cmpdf2.o)
 .debug_abbrev  0x0000000000004e73      0x176 /usr/lib/gcc/arm-none-eabi/7.3.1/thumb/v6-m/libgcc.a(addsf3.o)
 .debug_abbrev  0x0000000000004fe9      0x155 /usr/lib/gcc/arm-none-eabi/7.3.1/thumb/v6-m/libgcc.a(divsf3.o)
 .debug_abbrev  0x000000000000513e      0x15c /usr/lib/gcc/arm-none-eabi/7.3.1/thumb/v6-m/libgcc.a(mulsf3.o)
 .debug_abbrev  0x000000000000529a      0x176 /usr/lib/gcc/arm-none-eabi/7.3.1/thumb/v6-m/libgcc.a(subsf3.o)
 .debug_abbrev  0x0000000000005410      0x159 /usr/lib/gcc/arm-none-eabi/7.3.1/thumb/v6-m/libgcc.a(fixsfsi.o)
 .debug_abbrev  0x0000000000005569      0x16f /usr/lib/gcc/arm-none-eabi/7.3.1/thumb/v6-m/libgcc.a(floatsisf.o)
 .debug_abbrev  0x00000000000056d8      0x182 /usr/lib/gcc/arm-none-eabi/7.3.1/thumb/v6-m/libgcc.a(eqdf2.o)
 .debug_abbrev  0x000000000000585a      0x157 /usr/lib/gcc/arm-none-eabi/7.3.1/thumb/v6-m/libgcc.a(gedf2.o)
 .debug_abbrev  0x00000000000059b1      0x157 /usr/lib/gcc/arm-none-eabi/7.3.1/thumb/v6-m/libgcc.a(ledf2.o)
 .debug_abbrev  0x0000000000005b08      0x15d /usr/lib/gcc/arm-none-eabi/7.3.1/thumb/v6-m/libgcc.a(extendsfdf2.o)
 .debug_abbrev  0x0000000000005c65       0x14 /usr/lib/gcc/arm-none-eabi/7.3.1/thumb/v6-m/libgcc.a(_clzsi2.o)

.debug_loc      0x0000000000000000    0x18205
 .debug_loc     0x0000000000000000      0x2c4 build/main.o
 .debug_loc     0x00000000000002c4       0x60 build/stm32f0xx_it.o
 .debug_loc     0x0000000000000324      0x3ab build/stm32f0xx_hal_msp.o
 .debug_loc     0x00000000000006cf     0x1233 build/stm32f0xx_ll_usb.o
 .debug_loc     0x0000000000001902     0x49a3 build/stm32f0xx_hal_i2c.o
 .debug_loc     0x00000000000062a5      0x2e1 build/stm32f0xx_hal_i2c_ex.o
 .debug_loc     0x0000000000006586      0x61b build/stm32f0xx_hal_rcc.o
 .debug_loc     0x0000000000006ba1      0x857 build/stm32f0xx_hal_rcc_ex.o
 .debug_loc     0x00000000000073f8      0x1bb build/stm32f0xx_hal.o
 .debug_loc     0x00000000000075b3      0x3e1 build/stm32f0xx_hal_gpio.o
 .debug_loc     0x0000000000007994      0x973 build/stm32f0xx_hal_dma.o
 .debug_loc     0x0000000000008307      0x3f7 build/stm32f0xx_hal_cortex.o
 .debug_loc     0x00000000000086fe     0x2239 build/stm32f0xx_hal_spi.o
 .debug_loc     0x000000000000a937     0x4614 build/stm32f0xx_hal_tim.o
 .debug_loc     0x000000000000ef4b     0x171a build/stm32f0xx_hal_tim_ex.o
 .debug_loc     0x0000000000010665      0x512 build/stm32f0xx_hal_tsc.o
 .debug_loc     0x0000000000010b77      0xd92 build/stm32f0xx_hal_pcd.o
 .debug_loc     0x0000000000011909      0x20b build/stm32f0xx_hal_pcd_ex.o
 .debug_loc     0x0000000000011b14      0xbb2 build/graphics.o
 .debug_loc     0x00000000000126c6      0x14b build/system_stm32f0xx.o
 .debug_loc     0x0000000000012811       0x84 /usr/lib/gcc/arm-none-eabi/7.3.1/../../../arm-none-eabi/lib/thumb/v6-m/libc_nano.a(lib_a-init.o)
 .debug_loc     0x0000000000012895      0x1a5 /usr/lib/gcc/arm-none-eabi/7.3.1/../../../arm-none-eabi/lib/thumb/v6-m/libc_nano.a(lib_a-memset.o)
 .debug_loc     0x0000000000012a3a       0x95 /usr/lib/gcc/arm-none-eabi/7.3.1/../../../arm-none-eabi/lib/thumb/v6-m/libc_nano.a(lib_a-sprintf.o)
 .debug_loc     0x0000000000012acf      0x875 /usr/lib/gcc/arm-none-eabi/7.3.1/../../../arm-none-eabi/lib/thumb/v6-m/libc_nano.a(lib_a-nano-svfprintf.o)
 .debug_loc     0x0000000000013344      0x6b6 /usr/lib/gcc/arm-none-eabi/7.3.1/../../../arm-none-eabi/lib/thumb/v6-m/libc_nano.a(lib_a-nano-vfprintf_i.o)
 .debug_loc     0x00000000000139fa      0x17d /usr/lib/gcc/arm-none-eabi/7.3.1/../../../arm-none-eabi/lib/thumb/v6-m/libc_nano.a(lib_a-memchr-stub.o)
 .debug_loc     0x0000000000013b77      0x33b /usr/lib/gcc/arm-none-eabi/7.3.1/../../../arm-none-eabi/lib/thumb/v6-m/libc_nano.a(lib_a-memcpy-stub.o)
 .debug_loc     0x0000000000013eb2      0x397 /usr/lib/gcc/arm-none-eabi/7.3.1/../../../arm-none-eabi/lib/thumb/v6-m/libc_nano.a(lib_a-memmove.o)
 .debug_loc     0x0000000000014249      0x15a /usr/lib/gcc/arm-none-eabi/7.3.1/../../../arm-none-eabi/lib/thumb/v6-m/libc_nano.a(lib_a-nano-freer.o)
 .debug_loc     0x00000000000143a3      0x1f7 /usr/lib/gcc/arm-none-eabi/7.3.1/../../../arm-none-eabi/lib/thumb/v6-m/libc_nano.a(lib_a-nano-mallocr.o)
 .debug_loc     0x000000000001459a      0x147 /usr/lib/gcc/arm-none-eabi/7.3.1/../../../arm-none-eabi/lib/thumb/v6-m/libc_nano.a(lib_a-nano-reallocr.o)
 .debug_loc     0x00000000000146e1       0x58 /usr/lib/gcc/arm-none-eabi/7.3.1/../../../arm-none-eabi/lib/thumb/v6-m/libc_nano.a(lib_a-sbrkr.o)
 .debug_loc     0x0000000000014739       0xa7 /usr/lib/gcc/arm-none-eabi/7.3.1/../../../arm-none-eabi/lib/thumb/v6-m/libc_nano.a(lib_a-nano-msizer.o)
 .debug_loc     0x00000000000147e0       0xf7 /usr/lib/gcc/arm-none-eabi/7.3.1/../../../arm-none-eabi/lib/thumb/v6-m/libc_nano.a(lib_a-reent.o)
 .debug_loc     0x00000000000148d7       0x38 /usr/lib/gcc/arm-none-eabi/7.3.1/../../../arm-none-eabi/lib/thumb/v6-m/libnosys.a(sbrk.o)
 .debug_loc     0x000000000001490f      0xd21 /usr/lib/gcc/arm-none-eabi/7.3.1/thumb/v6-m/libgcc.a(addsf3.o)
 .debug_loc     0x0000000000015630      0x7fd /usr/lib/gcc/arm-none-eabi/7.3.1/thumb/v6-m/libgcc.a(divsf3.o)
 .debug_loc     0x0000000000015e2d      0x916 /usr/lib/gcc/arm-none-eabi/7.3.1/thumb/v6-m/libgcc.a(mulsf3.o)
 .debug_loc     0x0000000000016743      0xe0e /usr/lib/gcc/arm-none-eabi/7.3.1/thumb/v6-m/libgcc.a(subsf3.o)
 .debug_loc     0x0000000000017551       0xb3 /usr/lib/gcc/arm-none-eabi/7.3.1/thumb/v6-m/libgcc.a(fixsfsi.o)
 .debug_loc     0x0000000000017604      0x209 /usr/lib/gcc/arm-none-eabi/7.3.1/thumb/v6-m/libgcc.a(floatsisf.o)
 .debug_loc     0x000000000001780d       0xea /usr/lib/gcc/arm-none-eabi/7.3.1/thumb/v6-m/libgcc.a(eqdf2.o)
 .debug_loc     0x00000000000178f7      0x349 /usr/lib/gcc/arm-none-eabi/7.3.1/thumb/v6-m/libgcc.a(gedf2.o)
 .debug_loc     0x0000000000017c40      0x32a /usr/lib/gcc/arm-none-eabi/7.3.1/thumb/v6-m/libgcc.a(ledf2.o)
 .debug_loc     0x0000000000017f6a      0x29b /usr/lib/gcc/arm-none-eabi/7.3.1/thumb/v6-m/libgcc.a(extendsfdf2.o)

.debug_aranges  0x0000000000000000     0x1620
 .debug_aranges
                0x0000000000000000       0x88 build/main.o
 .debug_aranges
                0x0000000000000088       0x50 build/stm32f0xx_it.o
 .debug_aranges
                0x00000000000000d8       0x78 build/stm32f0xx_hal_msp.o
 .debug_aranges
                0x0000000000000150      0x108 build/stm32f0xx_ll_usb.o
 .debug_aranges
                0x0000000000000258      0x288 build/stm32f0xx_hal_i2c.o
 .debug_aranges
                0x00000000000004e0       0x48 build/stm32f0xx_hal_i2c_ex.o
 .debug_aranges
                0x0000000000000528       0x80 build/stm32f0xx_hal_rcc.o
 .debug_aranges
                0x00000000000005a8       0x78 build/stm32f0xx_hal_rcc_ex.o
 .debug_aranges
                0x0000000000000620       0xd0 build/stm32f0xx_hal.o
 .debug_aranges
                0x00000000000006f0       0x58 build/stm32f0xx_hal_gpio.o
 .debug_aranges
                0x0000000000000748       0x88 build/stm32f0xx_hal_dma.o
 .debug_aranges
                0x00000000000007d0       0x78 build/stm32f0xx_hal_cortex.o
 .debug_aranges
                0x0000000000000848      0x1d8 build/stm32f0xx_hal_spi.o
 .debug_aranges
                0x0000000000000a20      0x3b8 build/stm32f0xx_hal_tim.o
 .debug_aranges
                0x0000000000000dd8      0x150 build/stm32f0xx_hal_tim_ex.o
 .debug_aranges
                0x0000000000000f28       0xa8 build/stm32f0xx_hal_tsc.o
 .debug_aranges
                0x0000000000000fd0      0x120 build/stm32f0xx_hal_pcd.o
 .debug_aranges
                0x00000000000010f0       0x58 build/stm32f0xx_hal_pcd_ex.o
 .debug_aranges
                0x0000000000001148       0x18 build/font24.o
 .debug_aranges
                0x0000000000001160       0x98 build/graphics.o
 .debug_aranges
                0x00000000000011f8       0x28 build/system_stm32f0xx.o
 .debug_aranges
                0x0000000000001220       0x28 build/startup_stm32f072xb.o
 .debug_aranges
                0x0000000000001248       0x18 /usr/lib/gcc/arm-none-eabi/7.3.1/../../../arm-none-eabi/lib/thumb/v6-m/libc_nano.a(lib_a-impure.o)
 .debug_aranges
                0x0000000000001260       0x20 /usr/lib/gcc/arm-none-eabi/7.3.1/../../../arm-none-eabi/lib/thumb/v6-m/libc_nano.a(lib_a-init.o)
 .debug_aranges
                0x0000000000001280       0x20 /usr/lib/gcc/arm-none-eabi/7.3.1/../../../arm-none-eabi/lib/thumb/v6-m/libc_nano.a(lib_a-memset.o)
 .debug_aranges
                0x00000000000012a0       0x20 /usr/lib/gcc/arm-none-eabi/7.3.1/../../../arm-none-eabi/lib/thumb/v6-m/libc_nano.a(lib_a-sprintf.o)
 .debug_aranges
                0x00000000000012c0       0x20 /usr/lib/gcc/arm-none-eabi/7.3.1/../../../arm-none-eabi/lib/thumb/v6-m/libc_nano.a(lib_a-nano-svfprintf.o)
 .debug_aranges
                0x00000000000012e0       0x20 /usr/lib/gcc/arm-none-eabi/7.3.1/../../../arm-none-eabi/lib/thumb/v6-m/libc_nano.a(lib_a-nano-vfprintf_i.o)
 .debug_aranges
                0x0000000000001300       0x20 /usr/lib/gcc/arm-none-eabi/7.3.1/../../../arm-none-eabi/lib/thumb/v6-m/libc_nano.a(lib_a-memchr-stub.o)
 .debug_aranges
                0x0000000000001320       0x20 /usr/lib/gcc/arm-none-eabi/7.3.1/../../../arm-none-eabi/lib/thumb/v6-m/libc_nano.a(lib_a-memcpy-stub.o)
 .debug_aranges
                0x0000000000001340       0x20 /usr/lib/gcc/arm-none-eabi/7.3.1/../../../arm-none-eabi/lib/thumb/v6-m/libc_nano.a(lib_a-memmove.o)
 .debug_aranges
                0x0000000000001360       0x20 /usr/lib/gcc/arm-none-eabi/7.3.1/../../../arm-none-eabi/lib/thumb/v6-m/libc_nano.a(lib_a-nano-freer.o)
 .debug_aranges
                0x0000000000001380       0x20 /usr/lib/gcc/arm-none-eabi/7.3.1/../../../arm-none-eabi/lib/thumb/v6-m/libc_nano.a(lib_a-nano-mallocr.o)
 .debug_aranges
                0x00000000000013a0       0x20 /usr/lib/gcc/arm-none-eabi/7.3.1/../../../arm-none-eabi/lib/thumb/v6-m/libc_nano.a(lib_a-nano-reallocr.o)
 .debug_aranges
                0x00000000000013c0       0x20 /usr/lib/gcc/arm-none-eabi/7.3.1/../../../arm-none-eabi/lib/thumb/v6-m/libc_nano.a(lib_a-sbrkr.o)
 .debug_aranges
                0x00000000000013e0       0x20 /usr/lib/gcc/arm-none-eabi/7.3.1/../../../arm-none-eabi/lib/thumb/v6-m/libc_nano.a(lib_a-mlock.o)
 .debug_aranges
                0x0000000000001400       0x20 /usr/lib/gcc/arm-none-eabi/7.3.1/../../../arm-none-eabi/lib/thumb/v6-m/libc_nano.a(lib_a-nano-msizer.o)
 .debug_aranges
                0x0000000000001420       0x20 /usr/lib/gcc/arm-none-eabi/7.3.1/../../../arm-none-eabi/lib/thumb/v6-m/libc_nano.a(lib_a-reent.o)
 .debug_aranges
                0x0000000000001440       0x20 /usr/lib/gcc/arm-none-eabi/7.3.1/../../../arm-none-eabi/lib/thumb/v6-m/libnosys.a(sbrk.o)
 .debug_aranges
                0x0000000000001460       0x20 /usr/lib/gcc/arm-none-eabi/7.3.1/thumb/v6-m/libgcc.a(_udivsi3.o)
 .debug_aranges
                0x0000000000001480       0x20 /usr/lib/gcc/arm-none-eabi/7.3.1/thumb/v6-m/libgcc.a(_dvmd_tls.o)
 .debug_aranges
                0x00000000000014a0       0x20 /usr/lib/gcc/arm-none-eabi/7.3.1/thumb/v6-m/libgcc.a(_arm_cmpdf2.o)
 .debug_aranges
                0x00000000000014c0       0x20 /usr/lib/gcc/arm-none-eabi/7.3.1/thumb/v6-m/libgcc.a(addsf3.o)
 .debug_aranges
                0x00000000000014e0       0x20 /usr/lib/gcc/arm-none-eabi/7.3.1/thumb/v6-m/libgcc.a(divsf3.o)
 .debug_aranges
                0x0000000000001500       0x20 /usr/lib/gcc/arm-none-eabi/7.3.1/thumb/v6-m/libgcc.a(mulsf3.o)
 .debug_aranges
                0x0000000000001520       0x20 /usr/lib/gcc/arm-none-eabi/7.3.1/thumb/v6-m/libgcc.a(subsf3.o)
 .debug_aranges
                0x0000000000001540       0x20 /usr/lib/gcc/arm-none-eabi/7.3.1/thumb/v6-m/libgcc.a(fixsfsi.o)
 .debug_aranges
                0x0000000000001560       0x20 /usr/lib/gcc/arm-none-eabi/7.3.1/thumb/v6-m/libgcc.a(floatsisf.o)
 .debug_aranges
                0x0000000000001580       0x20 /usr/lib/gcc/arm-none-eabi/7.3.1/thumb/v6-m/libgcc.a(eqdf2.o)
 .debug_aranges
                0x00000000000015a0       0x20 /usr/lib/gcc/arm-none-eabi/7.3.1/thumb/v6-m/libgcc.a(gedf2.o)
 .debug_aranges
                0x00000000000015c0       0x20 /usr/lib/gcc/arm-none-eabi/7.3.1/thumb/v6-m/libgcc.a(ledf2.o)
 .debug_aranges
                0x00000000000015e0       0x20 /usr/lib/gcc/arm-none-eabi/7.3.1/thumb/v6-m/libgcc.a(extendsfdf2.o)
 .debug_aranges
                0x0000000000001600       0x20 /usr/lib/gcc/arm-none-eabi/7.3.1/thumb/v6-m/libgcc.a(_clzsi2.o)

.debug_ranges   0x0000000000000000     0x1908
 .debug_ranges  0x0000000000000000       0xc0 build/main.o
 .debug_ranges  0x00000000000000c0       0x40 build/stm32f0xx_it.o
 .debug_ranges  0x0000000000000100       0x68 build/stm32f0xx_hal_msp.o
 .debug_ranges  0x0000000000000168      0x218 build/stm32f0xx_ll_usb.o
 .debug_ranges  0x0000000000000380      0x278 build/stm32f0xx_hal_i2c.o
 .debug_ranges  0x00000000000005f8       0x38 build/stm32f0xx_hal_i2c_ex.o
 .debug_ranges  0x0000000000000630       0x88 build/stm32f0xx_hal_rcc.o
 .debug_ranges  0x00000000000006b8       0x80 build/stm32f0xx_hal_rcc_ex.o
 .debug_ranges  0x0000000000000738       0xc0 build/stm32f0xx_hal.o
 .debug_ranges  0x00000000000007f8       0x48 build/stm32f0xx_hal_gpio.o
 .debug_ranges  0x0000000000000840       0x78 build/stm32f0xx_hal_dma.o
 .debug_ranges  0x00000000000008b8       0xc8 build/stm32f0xx_hal_cortex.o
 .debug_ranges  0x0000000000000980      0x1c8 build/stm32f0xx_hal_spi.o
 .debug_ranges  0x0000000000000b48      0x3a8 build/stm32f0xx_hal_tim.o
 .debug_ranges  0x0000000000000ef0      0x140 build/stm32f0xx_hal_tim_ex.o
 .debug_ranges  0x0000000000001030       0x98 build/stm32f0xx_hal_tsc.o
 .debug_ranges  0x00000000000010c8      0x140 build/stm32f0xx_hal_pcd.o
 .debug_ranges  0x0000000000001208       0x48 build/stm32f0xx_hal_pcd_ex.o
 .debug_ranges  0x0000000000001250       0xb8 build/graphics.o
 .debug_ranges  0x0000000000001308       0x18 build/system_stm32f0xx.o
 .debug_ranges  0x0000000000001320       0x20 build/startup_stm32f072xb.o
 .debug_ranges  0x0000000000001340       0x48 /usr/lib/gcc/arm-none-eabi/7.3.1/../../../arm-none-eabi/lib/thumb/v6-m/libc_nano.a(lib_a-nano-svfprintf.o)
 .debug_ranges  0x0000000000001388       0x80 /usr/lib/gcc/arm-none-eabi/7.3.1/../../../arm-none-eabi/lib/thumb/v6-m/libc_nano.a(lib_a-nano-vfprintf_i.o)
 .debug_ranges  0x0000000000001408       0x18 /usr/lib/gcc/arm-none-eabi/7.3.1/../../../arm-none-eabi/lib/thumb/v6-m/libc_nano.a(lib_a-nano-freer.o)
 .debug_ranges  0x0000000000001420       0x40 /usr/lib/gcc/arm-none-eabi/7.3.1/../../../arm-none-eabi/lib/thumb/v6-m/libc_nano.a(lib_a-nano-mallocr.o)
 .debug_ranges  0x0000000000001460      0x160 /usr/lib/gcc/arm-none-eabi/7.3.1/thumb/v6-m/libgcc.a(addsf3.o)
 .debug_ranges  0x00000000000015c0       0x48 /usr/lib/gcc/arm-none-eabi/7.3.1/thumb/v6-m/libgcc.a(divsf3.o)
 .debug_ranges  0x0000000000001608       0x68 /usr/lib/gcc/arm-none-eabi/7.3.1/thumb/v6-m/libgcc.a(mulsf3.o)
 .debug_ranges  0x0000000000001670      0x168 /usr/lib/gcc/arm-none-eabi/7.3.1/thumb/v6-m/libgcc.a(subsf3.o)
 .debug_ranges  0x00000000000017d8       0x18 /usr/lib/gcc/arm-none-eabi/7.3.1/thumb/v6-m/libgcc.a(fixsfsi.o)
 .debug_ranges  0x00000000000017f0       0x18 /usr/lib/gcc/arm-none-eabi/7.3.1/thumb/v6-m/libgcc.a(floatsisf.o)
 .debug_ranges  0x0000000000001808       0x38 /usr/lib/gcc/arm-none-eabi/7.3.1/thumb/v6-m/libgcc.a(eqdf2.o)
 .debug_ranges  0x0000000000001840       0x58 /usr/lib/gcc/arm-none-eabi/7.3.1/thumb/v6-m/libgcc.a(gedf2.o)
 .debug_ranges  0x0000000000001898       0x58 /usr/lib/gcc/arm-none-eabi/7.3.1/thumb/v6-m/libgcc.a(ledf2.o)
 .debug_ranges  0x00000000000018f0       0x18 /usr/lib/gcc/arm-none-eabi/7.3.1/thumb/v6-m/libgcc.a(extendsfdf2.o)

.debug_line     0x0000000000000000     0xa5b7
 .debug_line    0x0000000000000000      0x4e3 build/main.o
 .debug_line    0x00000000000004e3      0x1db build/stm32f0xx_it.o
 .debug_line    0x00000000000006be      0x38a build/stm32f0xx_hal_msp.o
 .debug_line    0x0000000000000a48      0x60c build/stm32f0xx_ll_usb.o
 .debug_line    0x0000000000001054     0x1593 build/stm32f0xx_hal_i2c.o
 .debug_line    0x00000000000025e7      0x2b5 build/stm32f0xx_hal_i2c_ex.o
 .debug_line    0x000000000000289c      0x468 build/stm32f0xx_hal_rcc.o
 .debug_line    0x0000000000002d04      0x3ea build/stm32f0xx_hal_rcc_ex.o
 .debug_line    0x00000000000030ee      0x33d build/stm32f0xx_hal.o
 .debug_line    0x000000000000342b      0x2be build/stm32f0xx_hal_gpio.o
 .debug_line    0x00000000000036e9      0x3bf build/stm32f0xx_hal_dma.o
 .debug_line    0x0000000000003aa8      0x2f4 build/stm32f0xx_hal_cortex.o
 .debug_line    0x0000000000003d9c      0xcd0 build/stm32f0xx_hal_spi.o
 .debug_line    0x0000000000004a6c     0x145f build/stm32f0xx_hal_tim.o
 .debug_line    0x0000000000005ecb      0x79b build/stm32f0xx_hal_tim_ex.o
 .debug_line    0x0000000000006666      0x3f8 build/stm32f0xx_hal_tsc.o
 .debug_line    0x0000000000006a5e      0x654 build/stm32f0xx_hal_pcd.o
 .debug_line    0x00000000000070b2      0x23d build/stm32f0xx_hal_pcd_ex.o
 .debug_line    0x00000000000072ef       0x91 build/font24.o
 .debug_line    0x0000000000007380      0x3e3 build/graphics.o
 .debug_line    0x0000000000007763      0x150 build/system_stm32f0xx.o
 .debug_line    0x00000000000078b3       0x77 build/startup_stm32f072xb.o
 .debug_line    0x000000000000792a       0xe9 /usr/lib/gcc/arm-none-eabi/7.3.1/../../../arm-none-eabi/lib/thumb/v6-m/libc_nano.a(lib_a-impure.o)
 .debug_line    0x0000000000007a13       0xbf /usr/lib/gcc/arm-none-eabi/7.3.1/../../../arm-none-eabi/lib/thumb/v6-m/libc_nano.a(lib_a-init.o)
 .debug_line    0x0000000000007ad2      0x1de /usr/lib/gcc/arm-none-eabi/7.3.1/../../../arm-none-eabi/lib/thumb/v6-m/libc_nano.a(lib_a-memset.o)
 .debug_line    0x0000000000007cb0      0x1a6 /usr/lib/gcc/arm-none-eabi/7.3.1/../../../arm-none-eabi/lib/thumb/v6-m/libc_nano.a(lib_a-sprintf.o)
 .debug_line    0x0000000000007e56      0x3ed /usr/lib/gcc/arm-none-eabi/7.3.1/../../../arm-none-eabi/lib/thumb/v6-m/libc_nano.a(lib_a-nano-svfprintf.o)
 .debug_line    0x0000000000008243      0x3d6 /usr/lib/gcc/arm-none-eabi/7.3.1/../../../arm-none-eabi/lib/thumb/v6-m/libc_nano.a(lib_a-nano-vfprintf_i.o)
 .debug_line    0x0000000000008619      0x183 /usr/lib/gcc/arm-none-eabi/7.3.1/../../../arm-none-eabi/lib/thumb/v6-m/libc_nano.a(lib_a-memchr-stub.o)
 .debug_line    0x000000000000879c      0x1f8 /usr/lib/gcc/arm-none-eabi/7.3.1/../../../arm-none-eabi/lib/thumb/v6-m/libc_nano.a(lib_a-memcpy-stub.o)
 .debug_line    0x0000000000008994      0x1db /usr/lib/gcc/arm-none-eabi/7.3.1/../../../arm-none-eabi/lib/thumb/v6-m/libc_nano.a(lib_a-memmove.o)
 .debug_line    0x0000000000008b6f      0x1ad /usr/lib/gcc/arm-none-eabi/7.3.1/../../../arm-none-eabi/lib/thumb/v6-m/libc_nano.a(lib_a-nano-freer.o)
 .debug_line    0x0000000000008d1c      0x1bb /usr/lib/gcc/arm-none-eabi/7.3.1/../../../arm-none-eabi/lib/thumb/v6-m/libc_nano.a(lib_a-nano-mallocr.o)
 .debug_line    0x0000000000008ed7      0x178 /usr/lib/gcc/arm-none-eabi/7.3.1/../../../arm-none-eabi/lib/thumb/v6-m/libc_nano.a(lib_a-nano-reallocr.o)
 .debug_line    0x000000000000904f      0x15c /usr/lib/gcc/arm-none-eabi/7.3.1/../../../arm-none-eabi/lib/thumb/v6-m/libc_nano.a(lib_a-sbrkr.o)
 .debug_line    0x00000000000091ab      0x144 /usr/lib/gcc/arm-none-eabi/7.3.1/../../../arm-none-eabi/lib/thumb/v6-m/libc_nano.a(lib_a-mlock.o)
 .debug_line    0x00000000000092ef      0x15a /usr/lib/gcc/arm-none-eabi/7.3.1/../../../arm-none-eabi/lib/thumb/v6-m/libc_nano.a(lib_a-nano-msizer.o)
 .debug_line    0x0000000000009449      0x17b /usr/lib/gcc/arm-none-eabi/7.3.1/../../../arm-none-eabi/lib/thumb/v6-m/libc_nano.a(lib_a-reent.o)
 .debug_line    0x00000000000095c4       0x5b /usr/lib/gcc/arm-none-eabi/7.3.1/../../../arm-none-eabi/lib/thumb/v6-m/libnosys.a(sbrk.o)
 .debug_line    0x000000000000961f       0x69 /usr/lib/gcc/arm-none-eabi/7.3.1/thumb/v6-m/libgcc.a(_udivsi3.o)
 .debug_line    0x0000000000009688       0x5d /usr/lib/gcc/arm-none-eabi/7.3.1/thumb/v6-m/libgcc.a(_dvmd_tls.o)
 .debug_line    0x00000000000096e5       0x75 /usr/lib/gcc/arm-none-eabi/7.3.1/thumb/v6-m/libgcc.a(_arm_cmpdf2.o)
 .debug_line    0x000000000000975a      0x2ae /usr/lib/gcc/arm-none-eabi/7.3.1/thumb/v6-m/libgcc.a(addsf3.o)
 .debug_line    0x0000000000009a08      0x166 /usr/lib/gcc/arm-none-eabi/7.3.1/thumb/v6-m/libgcc.a(divsf3.o)
 .debug_line    0x0000000000009b6e      0x160 /usr/lib/gcc/arm-none-eabi/7.3.1/thumb/v6-m/libgcc.a(mulsf3.o)
 .debug_line    0x0000000000009cce      0x2ce /usr/lib/gcc/arm-none-eabi/7.3.1/thumb/v6-m/libgcc.a(subsf3.o)
 .debug_line    0x0000000000009f9c       0xc3 /usr/lib/gcc/arm-none-eabi/7.3.1/thumb/v6-m/libgcc.a(fixsfsi.o)
 .debug_line    0x000000000000a05f       0xdd /usr/lib/gcc/arm-none-eabi/7.3.1/thumb/v6-m/libgcc.a(floatsisf.o)
 .debug_line    0x000000000000a13c       0xe7 /usr/lib/gcc/arm-none-eabi/7.3.1/thumb/v6-m/libgcc.a(eqdf2.o)
 .debug_line    0x000000000000a223      0x11a /usr/lib/gcc/arm-none-eabi/7.3.1/thumb/v6-m/libgcc.a(gedf2.o)
 .debug_line    0x000000000000a33d      0x11b /usr/lib/gcc/arm-none-eabi/7.3.1/thumb/v6-m/libgcc.a(ledf2.o)
 .debug_line    0x000000000000a458       0xee /usr/lib/gcc/arm-none-eabi/7.3.1/thumb/v6-m/libgcc.a(extendsfdf2.o)
 .debug_line    0x000000000000a546       0x71 /usr/lib/gcc/arm-none-eabi/7.3.1/thumb/v6-m/libgcc.a(_clzsi2.o)

.debug_str      0x0000000000000000     0x69d5
 .debug_str     0x0000000000000000     0x1a1f build/main.o
                                       0x1b71 (size before relaxing)
 .debug_str     0x0000000000001a1f       0xa9 build/stm32f0xx_it.o
                                        0x6b5 (size before relaxing)
 .debug_str     0x0000000000001ac8      0x136 build/stm32f0xx_hal_msp.o
                                       0x13ec (size before relaxing)
 .debug_str     0x0000000000001bfe      0x355 build/stm32f0xx_ll_usb.o
                                        0x7c4 (size before relaxing)
 .debug_str     0x0000000000001f53      0x862 build/stm32f0xx_hal_i2c.o
                                        0xfc6 (size before relaxing)
 .debug_str     0x00000000000027b5       0xda build/stm32f0xx_hal_i2c_ex.o
                                        0x86c (size before relaxing)
 .debug_str     0x000000000000288f      0x1f0 build/stm32f0xx_hal_rcc.o
                                        0x6b2 (size before relaxing)
 .debug_str     0x0000000000002a7f      0x27c build/stm32f0xx_hal_rcc_ex.o
                                        0x6aa (size before relaxing)
 .debug_str     0x0000000000002cfb      0x1db build/stm32f0xx_hal.o
                                        0x706 (size before relaxing)
 .debug_str     0x0000000000002ed6       0xce build/stm32f0xx_hal_gpio.o
                                        0x49d (size before relaxing)
 .debug_str     0x0000000000002fa4      0x1fe build/stm32f0xx_hal_dma.o
                                        0x6b2 (size before relaxing)
 .debug_str     0x00000000000031a2      0x22f build/stm32f0xx_hal_cortex.o
                                        0x6f0 (size before relaxing)
 .debug_str     0x00000000000033d1      0x52e build/stm32f0xx_hal_spi.o
                                        0xc2a (size before relaxing)
 .debug_str     0x00000000000038ff      0xd09 build/stm32f0xx_hal_tim.o
                                       0x151a (size before relaxing)
 .debug_str     0x0000000000004608      0x423 build/stm32f0xx_hal_tim_ex.o
                                        0xce6 (size before relaxing)
 .debug_str     0x0000000000004a2b      0x10b build/stm32f0xx_hal_tsc.o
                                        0x71a (size before relaxing)
 .debug_str     0x0000000000004b36      0x33c build/stm32f0xx_hal_pcd.o
                                        0xacb (size before relaxing)
 .debug_str     0x0000000000004e72      0x191 build/stm32f0xx_hal_pcd_ex.o
                                        0x7f4 (size before relaxing)
 .debug_str     0x0000000000005003       0x1a build/font24.o
                                        0x1ac (size before relaxing)
 .debug_str     0x000000000000501d      0x131 build/graphics.o
                                        0x830 (size before relaxing)
 .debug_str     0x000000000000514e       0x38 build/system_stm32f0xx.o
                                        0x2c9 (size before relaxing)
 .debug_str     0x0000000000005186       0x22 build/startup_stm32f072xb.o
                                         0x48 (size before relaxing)
 .debug_str     0x00000000000051a8      0x4da /usr/lib/gcc/arm-none-eabi/7.3.1/../../../arm-none-eabi/lib/thumb/v6-m/libc_nano.a(lib_a-impure.o)
                                        0x5db (size before relaxing)
 .debug_str     0x0000000000005682       0xf3 /usr/lib/gcc/arm-none-eabi/7.3.1/../../../arm-none-eabi/lib/thumb/v6-m/libc_nano.a(lib_a-init.o)
                                        0x222 (size before relaxing)
 .debug_str     0x0000000000005775      0x315 /usr/lib/gcc/arm-none-eabi/7.3.1/../../../arm-none-eabi/lib/thumb/v6-m/libc_nano.a(lib_a-memset.o)
                                        0x908 (size before relaxing)
 .debug_str     0x0000000000005a8a      0x1e8 /usr/lib/gcc/arm-none-eabi/7.3.1/../../../arm-none-eabi/lib/thumb/v6-m/libc_nano.a(lib_a-sprintf.o)
                                        0x756 (size before relaxing)
 .debug_str     0x0000000000005c72      0x1cf /usr/lib/gcc/arm-none-eabi/7.3.1/../../../arm-none-eabi/lib/thumb/v6-m/libc_nano.a(lib_a-nano-svfprintf.o)
                                        0xc2b (size before relaxing)
 .debug_str     0x0000000000005e41       0x91 /usr/lib/gcc/arm-none-eabi/7.3.1/../../../arm-none-eabi/lib/thumb/v6-m/libc_nano.a(lib_a-nano-vfprintf_i.o)
                                        0xbc2 (size before relaxing)
 .debug_str     0x0000000000005ed2       0xba /usr/lib/gcc/arm-none-eabi/7.3.1/../../../arm-none-eabi/lib/thumb/v6-m/libc_nano.a(lib_a-memchr-stub.o)
                                        0x60b (size before relaxing)
 .debug_str     0x0000000000005f8c       0x65 /usr/lib/gcc/arm-none-eabi/7.3.1/../../../arm-none-eabi/lib/thumb/v6-m/libc_nano.a(lib_a-memcpy-stub.o)
                                        0x92d (size before relaxing)
 .debug_str     0x0000000000005ff1       0x3b /usr/lib/gcc/arm-none-eabi/7.3.1/../../../arm-none-eabi/lib/thumb/v6-m/libc_nano.a(lib_a-memmove.o)
                                        0x927 (size before relaxing)
 .debug_str     0x000000000000602c      0x17f /usr/lib/gcc/arm-none-eabi/7.3.1/../../../arm-none-eabi/lib/thumb/v6-m/libc_nano.a(lib_a-nano-freer.o)
                                        0x70b (size before relaxing)
 .debug_str     0x00000000000061ab       0x32 /usr/lib/gcc/arm-none-eabi/7.3.1/../../../arm-none-eabi/lib/thumb/v6-m/libc_nano.a(lib_a-nano-mallocr.o)
                                        0x722 (size before relaxing)
 .debug_str     0x00000000000061dd       0x23 /usr/lib/gcc/arm-none-eabi/7.3.1/../../../arm-none-eabi/lib/thumb/v6-m/libc_nano.a(lib_a-nano-reallocr.o)
                                        0x708 (size before relaxing)
 .debug_str     0x0000000000006200       0x44 /usr/lib/gcc/arm-none-eabi/7.3.1/../../../arm-none-eabi/lib/thumb/v6-m/libc_nano.a(lib_a-sbrkr.o)
                                        0x61e (size before relaxing)
 .debug_str     0x0000000000006244       0x49 /usr/lib/gcc/arm-none-eabi/7.3.1/../../../arm-none-eabi/lib/thumb/v6-m/libc_nano.a(lib_a-mlock.o)
                                        0x607 (size before relaxing)
 .debug_str     0x000000000000628d        0xf /usr/lib/gcc/arm-none-eabi/7.3.1/../../../arm-none-eabi/lib/thumb/v6-m/libc_nano.a(lib_a-nano-msizer.o)
                                        0x6e6 (size before relaxing)
 .debug_str     0x000000000000629c       0x5b /usr/lib/gcc/arm-none-eabi/7.3.1/../../../arm-none-eabi/lib/thumb/v6-m/libc_nano.a(lib_a-reent.o)
                                        0x617 (size before relaxing)
 .debug_str     0x00000000000062f7      0x108 /usr/lib/gcc/arm-none-eabi/7.3.1/../../../arm-none-eabi/lib/thumb/v6-m/libnosys.a(sbrk.o)
                                        0x121 (size before relaxing)
 .debug_str     0x00000000000063ff       0x9d /usr/lib/gcc/arm-none-eabi/7.3.1/thumb/v6-m/libgcc.a(_udivsi3.o)
 .debug_str     0x000000000000649c       0x9d /usr/lib/gcc/arm-none-eabi/7.3.1/thumb/v6-m/libgcc.a(_dvmd_tls.o)
 .debug_str     0x000000000000649c       0x2d /usr/lib/gcc/arm-none-eabi/7.3.1/thumb/v6-m/libgcc.a(_arm_cmpdf2.o)
                                         0x9d (size before relaxing)
 .debug_str     0x00000000000064c9      0x1fe /usr/lib/gcc/arm-none-eabi/7.3.1/thumb/v6-m/libgcc.a(addsf3.o)
                                        0x2e5 (size before relaxing)
 .debug_str     0x00000000000066c7      0x10a /usr/lib/gcc/arm-none-eabi/7.3.1/thumb/v6-m/libgcc.a(divsf3.o)
                                        0x30a (size before relaxing)
 .debug_str     0x00000000000067d1       0x78 /usr/lib/gcc/arm-none-eabi/7.3.1/thumb/v6-m/libgcc.a(mulsf3.o)
                                        0x30a (size before relaxing)
 .debug_str     0x0000000000006849       0x16 /usr/lib/gcc/arm-none-eabi/7.3.1/thumb/v6-m/libgcc.a(subsf3.o)
                                        0x2e5 (size before relaxing)
 .debug_str     0x000000000000685f       0x32 /usr/lib/gcc/arm-none-eabi/7.3.1/thumb/v6-m/libgcc.a(fixsfsi.o)
                                        0x226 (size before relaxing)
 .debug_str     0x0000000000006891       0x45 /usr/lib/gcc/arm-none-eabi/7.3.1/thumb/v6-m/libgcc.a(floatsisf.o)
                                        0x2ac (size before relaxing)
 .debug_str     0x00000000000068d6       0x77 /usr/lib/gcc/arm-none-eabi/7.3.1/thumb/v6-m/libgcc.a(eqdf2.o)
                                        0x238 (size before relaxing)
 .debug_str     0x000000000000694d       0x34 /usr/lib/gcc/arm-none-eabi/7.3.1/thumb/v6-m/libgcc.a(gedf2.o)
                                        0x25c (size before relaxing)
 .debug_str     0x0000000000006981       0x10 /usr/lib/gcc/arm-none-eabi/7.3.1/thumb/v6-m/libgcc.a(ledf2.o)
                                        0x25c (size before relaxing)
 .debug_str     0x0000000000006991       0x44 /usr/lib/gcc/arm-none-eabi/7.3.1/thumb/v6-m/libgcc.a(extendsfdf2.o)
                                        0x257 (size before relaxing)
 .debug_str     0x00000000000069d5       0x9d /usr/lib/gcc/arm-none-eabi/7.3.1/thumb/v6-m/libgcc.a(_clzsi2.o)

.debug_frame    0x0000000000000000     0x3b08
 .debug_frame   0x0000000000000000      0x1c0 build/main.o
 .debug_frame   0x00000000000001c0       0xa4 build/stm32f0xx_it.o
 .debug_frame   0x0000000000000264      0x138 build/stm32f0xx_hal_msp.o
 .debug_frame   0x000000000000039c      0x254 build/stm32f0xx_ll_usb.o
 .debug_frame   0x00000000000005f0      0x960 build/stm32f0xx_hal_i2c.o
 .debug_frame   0x0000000000000f50       0xc0 build/stm32f0xx_hal_i2c_ex.o
 .debug_frame   0x0000000000001010      0x15c build/stm32f0xx_hal_rcc.o
 .debug_frame   0x000000000000116c      0x10c build/stm32f0xx_hal_rcc_ex.o
 .debug_frame   0x0000000000001278      0x1c0 build/stm32f0xx_hal.o
 .debug_frame   0x0000000000001438       0xd8 build/stm32f0xx_hal_gpio.o
 .debug_frame   0x0000000000001510      0x198 build/stm32f0xx_hal_dma.o
 .debug_frame   0x00000000000016a8       0xec build/stm32f0xx_hal_cortex.o
 .debug_frame   0x0000000000001794      0x628 build/stm32f0xx_hal_spi.o
 .debug_frame   0x0000000000001dbc      0xb8c build/stm32f0xx_hal_tim.o
 .debug_frame   0x0000000000002948      0x420 build/stm32f0xx_hal_tim_ex.o
 .debug_frame   0x0000000000002d68      0x19c build/stm32f0xx_hal_tsc.o
 .debug_frame   0x0000000000002f04      0x330 build/stm32f0xx_hal_pcd.o
 .debug_frame   0x0000000000003234       0xac build/stm32f0xx_hal_pcd_ex.o
 .debug_frame   0x00000000000032e0      0x230 build/graphics.o
 .debug_frame   0x0000000000003510       0x3c build/system_stm32f0xx.o
 .debug_frame   0x000000000000354c       0x2c /usr/lib/gcc/arm-none-eabi/7.3.1/../../../arm-none-eabi/lib/thumb/v6-m/libc_nano.a(lib_a-init.o)
 .debug_frame   0x0000000000003578       0x30 /usr/lib/gcc/arm-none-eabi/7.3.1/../../../arm-none-eabi/lib/thumb/v6-m/libc_nano.a(lib_a-memset.o)
 .debug_frame   0x00000000000035a8       0x48 /usr/lib/gcc/arm-none-eabi/7.3.1/../../../arm-none-eabi/lib/thumb/v6-m/libc_nano.a(lib_a-sprintf.o)
 .debug_frame   0x00000000000035f0       0x90 /usr/lib/gcc/arm-none-eabi/7.3.1/../../../arm-none-eabi/lib/thumb/v6-m/libc_nano.a(lib_a-nano-svfprintf.o)
 .debug_frame   0x0000000000003680       0x64 /usr/lib/gcc/arm-none-eabi/7.3.1/../../../arm-none-eabi/lib/thumb/v6-m/libc_nano.a(lib_a-nano-vfprintf_i.o)
 .debug_frame   0x00000000000036e4       0x2c /usr/lib/gcc/arm-none-eabi/7.3.1/../../../arm-none-eabi/lib/thumb/v6-m/libc_nano.a(lib_a-memchr-stub.o)
 .debug_frame   0x0000000000003710       0x30 /usr/lib/gcc/arm-none-eabi/7.3.1/../../../arm-none-eabi/lib/thumb/v6-m/libc_nano.a(lib_a-memcpy-stub.o)
 .debug_frame   0x0000000000003740       0x30 /usr/lib/gcc/arm-none-eabi/7.3.1/../../../arm-none-eabi/lib/thumb/v6-m/libc_nano.a(lib_a-memmove.o)
 .debug_frame   0x0000000000003770       0x2c /usr/lib/gcc/arm-none-eabi/7.3.1/../../../arm-none-eabi/lib/thumb/v6-m/libc_nano.a(lib_a-nano-freer.o)
 .debug_frame   0x000000000000379c       0x30 /usr/lib/gcc/arm-none-eabi/7.3.1/../../../arm-none-eabi/lib/thumb/v6-m/libc_nano.a(lib_a-nano-mallocr.o)
 .debug_frame   0x00000000000037cc       0x30 /usr/lib/gcc/arm-none-eabi/7.3.1/../../../arm-none-eabi/lib/thumb/v6-m/libc_nano.a(lib_a-nano-reallocr.o)
 .debug_frame   0x00000000000037fc       0x2c /usr/lib/gcc/arm-none-eabi/7.3.1/../../../arm-none-eabi/lib/thumb/v6-m/libc_nano.a(lib_a-sbrkr.o)
 .debug_frame   0x0000000000003828       0x30 /usr/lib/gcc/arm-none-eabi/7.3.1/../../../arm-none-eabi/lib/thumb/v6-m/libc_nano.a(lib_a-mlock.o)
 .debug_frame   0x0000000000003858       0x20 /usr/lib/gcc/arm-none-eabi/7.3.1/../../../arm-none-eabi/lib/thumb/v6-m/libc_nano.a(lib_a-nano-msizer.o)
 .debug_frame   0x0000000000003878       0x48 /usr/lib/gcc/arm-none-eabi/7.3.1/../../../arm-none-eabi/lib/thumb/v6-m/libc_nano.a(lib_a-reent.o)
 .debug_frame   0x00000000000038c0       0x20 /usr/lib/gcc/arm-none-eabi/7.3.1/../../../arm-none-eabi/lib/thumb/v6-m/libnosys.a(sbrk.o)
 .debug_frame   0x00000000000038e0       0x20 /usr/lib/gcc/arm-none-eabi/7.3.1/thumb/v6-m/libgcc.a(_udivsi3.o)
 .debug_frame   0x0000000000003900       0x38 /usr/lib/gcc/arm-none-eabi/7.3.1/thumb/v6-m/libgcc.a(addsf3.o)
 .debug_frame   0x0000000000003938       0x3c /usr/lib/gcc/arm-none-eabi/7.3.1/thumb/v6-m/libgcc.a(divsf3.o)
 .debug_frame   0x0000000000003974       0x3c /usr/lib/gcc/arm-none-eabi/7.3.1/thumb/v6-m/libgcc.a(mulsf3.o)
 .debug_frame   0x00000000000039b0       0x38 /usr/lib/gcc/arm-none-eabi/7.3.1/thumb/v6-m/libgcc.a(subsf3.o)
 .debug_frame   0x00000000000039e8       0x20 /usr/lib/gcc/arm-none-eabi/7.3.1/thumb/v6-m/libgcc.a(fixsfsi.o)